../Core/Inc/control_pilot.c:108:6:readCP_stored	8	static
../Core/Inc/control_pilot.c:117:6:saveCP_store	8	static
../Core/Inc/control_pilot.c:127:6:cp_map	16	static
../Core/Inc/control_pilot.c:242:10:calculateCMA	16	static
../Core/Inc/control_pilot.c:246:6:getCP_voltage	24	static
../Core/Inc/control_pilot.c:483:6:calibrateCP	24	static
../Core/Inc/control_pilot.c:605:6:load_balance	24	static
../Core/Inc/control_pilot.c:698:6:monitor_cp	4	static
../Core/Inc/control_pilot.c:763:6:setCP_duty	4	static
../Core/Inc/control_pilot.c:824:6:diodeCheck	4	static
../Core/Inc/control_pilot.c:852:6:bootup_vehicleCheck	4	static
../Core/Inc/control_pilot.c:878:6:check_vehicleConnector	4	static
../Core/Inc/control_pilot.c:906:6:check_PWMActive	4	static
