../Core/Inc/protection.c:86:13:check_GFITest	8	static
../Core/Inc/protection.c:125:13:check_GFI	8	static
../Core/Inc/protection.c:152:13:check_OC	4	static
../Core/Inc/protection.c:200:13:check_UV	4	static
../Core/Inc/protection.c:269:13:check_OV	4	static
../Core/Inc/protection.c:332:13:check_PL	4	static
../Core/Inc/protection.c:371:13:check_Freq	4	static
../Core/Inc/protection.c:400:13:check_SC	4	static
../Core/Inc/protection.c:423:13:check_OT	8	static
../Core/Inc/protection.c:454:6:errorDetector	8	static
../Core/Inc/protection.c:512:6:errorHandler	8	static
../Core/Inc/protection.c:644:6:errorBuffer_log	4	static
../Core/Inc/protection.c:660:6:errorBuffer_report	8	static
../Core/Inc/protection.c:678:6:errorAlarm	4	static
../Core/Inc/protection.c:696:6:errorBuffer_clear	8	static
