Archive member included to satisfy reference by file (symbol)

C:/ST/STM32CubeIDE_1.19.0/STM32CubeIDE/plugins/com.st.stm32cube.ide.mcu.externaltools.gnu-tools-for-stm32.13.3.rel1.win32_1.0.0.202411081344/tools/bin/../lib/gcc/arm-none-eabi/13.3.1/../../../../arm-none-eabi/lib/thumb/v7-m/nofp\libc_nano.a(libc_a-exit.o)
                              C:/ST/STM32CubeIDE_1.19.0/STM32CubeIDE/plugins/com.st.stm32cube.ide.mcu.externaltools.gnu-tools-for-stm32.13.3.rel1.win32_1.0.0.202411081344/tools/bin/../lib/gcc/arm-none-eabi/13.3.1/../../../../arm-none-eabi/lib/thumb/v7-m/nofp/crt0.o (exit)
C:/ST/STM32CubeIDE_1.19.0/STM32CubeIDE/plugins/com.st.stm32cube.ide.mcu.externaltools.gnu-tools-for-stm32.13.3.rel1.win32_1.0.0.202411081344/tools/bin/../lib/gcc/arm-none-eabi/13.3.1/../../../../arm-none-eabi/lib/thumb/v7-m/nofp\libc_nano.a(libc_a-findfp.o)
                              C:/ST/STM32CubeIDE_1.19.0/STM32CubeIDE/plugins/com.st.stm32cube.ide.mcu.externaltools.gnu-tools-for-stm32.13.3.rel1.win32_1.0.0.202411081344/tools/bin/../lib/gcc/arm-none-eabi/13.3.1/../../../../arm-none-eabi/lib/thumb/v7-m/nofp\libc_nano.a(libc_a-exit.o) (__stdio_exit_handler)
C:/ST/STM32CubeIDE_1.19.0/STM32CubeIDE/plugins/com.st.stm32cube.ide.mcu.externaltools.gnu-tools-for-stm32.13.3.rel1.win32_1.0.0.202411081344/tools/bin/../lib/gcc/arm-none-eabi/13.3.1/../../../../arm-none-eabi/lib/thumb/v7-m/nofp\libc_nano.a(libc_a-fwalk.o)
                              C:/ST/STM32CubeIDE_1.19.0/STM32CubeIDE/plugins/com.st.stm32cube.ide.mcu.externaltools.gnu-tools-for-stm32.13.3.rel1.win32_1.0.0.202411081344/tools/bin/../lib/gcc/arm-none-eabi/13.3.1/../../../../arm-none-eabi/lib/thumb/v7-m/nofp\libc_nano.a(libc_a-findfp.o) (_fwalk_sglue)
C:/ST/STM32CubeIDE_1.19.0/STM32CubeIDE/plugins/com.st.stm32cube.ide.mcu.externaltools.gnu-tools-for-stm32.13.3.rel1.win32_1.0.0.202411081344/tools/bin/../lib/gcc/arm-none-eabi/13.3.1/../../../../arm-none-eabi/lib/thumb/v7-m/nofp\libc_nano.a(libc_a-puts.o)
                              ./Core/Src/state_machine.o (puts)
C:/ST/STM32CubeIDE_1.19.0/STM32CubeIDE/plugins/com.st.stm32cube.ide.mcu.externaltools.gnu-tools-for-stm32.13.3.rel1.win32_1.0.0.202411081344/tools/bin/../lib/gcc/arm-none-eabi/13.3.1/../../../../arm-none-eabi/lib/thumb/v7-m/nofp\libc_nano.a(libc_a-stdio.o)
                              C:/ST/STM32CubeIDE_1.19.0/STM32CubeIDE/plugins/com.st.stm32cube.ide.mcu.externaltools.gnu-tools-for-stm32.13.3.rel1.win32_1.0.0.202411081344/tools/bin/../lib/gcc/arm-none-eabi/13.3.1/../../../../arm-none-eabi/lib/thumb/v7-m/nofp\libc_nano.a(libc_a-findfp.o) (__sread)
C:/ST/STM32CubeIDE_1.19.0/STM32CubeIDE/plugins/com.st.stm32cube.ide.mcu.externaltools.gnu-tools-for-stm32.13.3.rel1.win32_1.0.0.202411081344/tools/bin/../lib/gcc/arm-none-eabi/13.3.1/../../../../arm-none-eabi/lib/thumb/v7-m/nofp\libc_nano.a(libc_a-wbuf.o)
                              C:/ST/STM32CubeIDE_1.19.0/STM32CubeIDE/plugins/com.st.stm32cube.ide.mcu.externaltools.gnu-tools-for-stm32.13.3.rel1.win32_1.0.0.202411081344/tools/bin/../lib/gcc/arm-none-eabi/13.3.1/../../../../arm-none-eabi/lib/thumb/v7-m/nofp\libc_nano.a(libc_a-puts.o) (__swbuf_r)
C:/ST/STM32CubeIDE_1.19.0/STM32CubeIDE/plugins/com.st.stm32cube.ide.mcu.externaltools.gnu-tools-for-stm32.13.3.rel1.win32_1.0.0.202411081344/tools/bin/../lib/gcc/arm-none-eabi/13.3.1/../../../../arm-none-eabi/lib/thumb/v7-m/nofp\libc_nano.a(libc_a-wsetup.o)
                              C:/ST/STM32CubeIDE_1.19.0/STM32CubeIDE/plugins/com.st.stm32cube.ide.mcu.externaltools.gnu-tools-for-stm32.13.3.rel1.win32_1.0.0.202411081344/tools/bin/../lib/gcc/arm-none-eabi/13.3.1/../../../../arm-none-eabi/lib/thumb/v7-m/nofp\libc_nano.a(libc_a-puts.o) (__swsetup_r)
C:/ST/STM32CubeIDE_1.19.0/STM32CubeIDE/plugins/com.st.stm32cube.ide.mcu.externaltools.gnu-tools-for-stm32.13.3.rel1.win32_1.0.0.202411081344/tools/bin/../lib/gcc/arm-none-eabi/13.3.1/../../../../arm-none-eabi/lib/thumb/v7-m/nofp\libc_nano.a(libc_a-memset.o)
                              C:/ST/STM32CubeIDE_1.19.0/STM32CubeIDE/plugins/com.st.stm32cube.ide.mcu.externaltools.gnu-tools-for-stm32.13.3.rel1.win32_1.0.0.202411081344/tools/bin/../lib/gcc/arm-none-eabi/13.3.1/../../../../arm-none-eabi/lib/thumb/v7-m/nofp/crt0.o (memset)
C:/ST/STM32CubeIDE_1.19.0/STM32CubeIDE/plugins/com.st.stm32cube.ide.mcu.externaltools.gnu-tools-for-stm32.13.3.rel1.win32_1.0.0.202411081344/tools/bin/../lib/gcc/arm-none-eabi/13.3.1/../../../../arm-none-eabi/lib/thumb/v7-m/nofp\libc_nano.a(libc_a-closer.o)
                              C:/ST/STM32CubeIDE_1.19.0/STM32CubeIDE/plugins/com.st.stm32cube.ide.mcu.externaltools.gnu-tools-for-stm32.13.3.rel1.win32_1.0.0.202411081344/tools/bin/../lib/gcc/arm-none-eabi/13.3.1/../../../../arm-none-eabi/lib/thumb/v7-m/nofp\libc_nano.a(libc_a-stdio.o) (_close_r)
[...]
Memory Configuration

Name             Origin             Length             Attributes
RAM              0x20000000         0x00005000         xrw
FLASH            0x08003800         0x0000c800         xr
*default*        0x00000000         0xffffffff

Linker script and memory map

LOAD C:/ST/STM32CubeIDE_1.19.0/STM32CubeIDE/plugins/com.st.stm32cube.ide.mcu.externaltools.gnu-tools-for-stm32.13.3.rel1.win32_1.0.0.202411081344/tools/bin/../lib/gcc/arm-none-eabi/13.3.1/thumb/v7-m/nofp/crti.o
LOAD C:/ST/STM32CubeIDE_1.19.0/STM32CubeIDE/plugins/com.st.stm32cube.ide.mcu.externaltools.gnu-tools-for-stm32.13.3.rel1.win32_1.0.0.202411081344/tools/bin/../lib/gcc/arm-none-eabi/13.3.1/thumb/v7-m/nofp/crtbegin.o
LOAD C:/ST/STM32CubeIDE_1.19.0/STM32CubeIDE/plugins/com.st.stm32cube.ide.mcu.externaltools.gnu-tools-for-stm32.13.3.rel1.win32_1.0.0.202411081344/tools/bin/../lib/gcc/arm-none-eabi/13.3.1/../../../../arm-none-eabi/lib/thumb/v7-m/nofp/crt0.o
LOAD ./Core/Inc/modbus_devices/eMeter.o
LOAD ./Core/Inc/modbus_devices/imd.o
LOAD ./Core/Inc/modbus_devices/modbusRTU.o
LOAD ./Core/Src/CSMS.o
LOAD ./Core/Src/OTA.o
LOAD ./Core/Src/STM32F103_EEPROM.o
LOAD ./Core/Src/adc.o
LOAD ./Core/Src/charge_config.o
LOAD ./Core/Src/control_pilot.o
LOAD ./Core/Src/data_structures.o
LOAD ./Core/Src/dma.o
LOAD ./Core/Src/gpio.o
LOAD ./Core/Src/gpio_feedback.o
LOAD ./Core/Src/iwdg.o
LOAD ./Core/Src/main.o
LOAD ./Core/Src/power_measure.o
LOAD ./Core/Src/protection.o
LOAD ./Core/Src/rtc.o
LOAD ./Core/Src/state_machine.o
LOAD ./Core/Src/stm32f1xx_hal_msp.o
LOAD ./Core/Src/stm32f1xx_it.o
LOAD ./Core/Src/syscalls.o
LOAD ./Core/Src/sysmem.o
LOAD ./Core/Src/system_stm32f1xx.o
LOAD ./Core/Src/temp_NTC.o
LOAD ./Core/Src/tim.o
LOAD ./Core/Src/timer.o
LOAD ./Core/Src/usart.o
LOAD ./Core/Startup/startup_stm32f103c8tx.o
LOAD ./Drivers/STM32F1xx_HAL_Driver/Src/stm32f1xx_hal.o
LOAD ./Drivers/STM32F1xx_HAL_Driver/Src/stm32f1xx_hal_adc.o
LOAD ./Drivers/STM32F1xx_HAL_Driver/Src/stm32f1xx_hal_adc_ex.o
LOAD ./Drivers/STM32F1xx_HAL_Driver/Src/stm32f1xx_hal_cortex.o
LOAD ./Drivers/STM32F1xx_HAL_Driver/Src/stm32f1xx_hal_dma.o
LOAD ./Drivers/STM32F1xx_HAL_Driver/Src/stm32f1xx_hal_exti.o
LOAD ./Drivers/STM32F1xx_HAL_Driver/Src/stm32f1xx_hal_flash.o
LOAD ./Drivers/STM32F1xx_HAL_Driver/Src/stm32f1xx_hal_flash_ex.o
LOAD ./Drivers/STM32F1xx_HAL_Driver/Src/stm32f1xx_hal_gpio.o
LOAD ./Drivers/STM32F1xx_HAL_Driver/Src/stm32f1xx_hal_gpio_ex.o
LOAD ./Drivers/STM32F1xx_HAL_Driver/Src/stm32f1xx_hal_iwdg.o
LOAD ./Drivers/STM32F1xx_HAL_Driver/Src/stm32f1xx_hal_pwr.o
LOAD ./Drivers/STM32F1xx_HAL_Driver/Src/stm32f1xx_hal_rcc.o
LOAD ./Drivers/STM32F1xx_HAL_Driver/Src/stm32f1xx_hal_rcc_ex.o
LOAD ./Drivers/STM32F1xx_HAL_Driver/Src/stm32f1xx_hal_rtc.o
LOAD ./Drivers/STM32F1xx_HAL_Driver/Src/stm32f1xx_hal_rtc_ex.o
LOAD ./Drivers/STM32F1xx_HAL_Driver/Src/stm32f1xx_hal_tim.o
LOAD ./Drivers/STM32F1xx_HAL_Driver/Src/stm32f1xx_hal_tim_ex.o
LOAD ./Drivers/STM32F1xx_HAL_Driver/Src/stm32f1xx_hal_uart.o
START GROUP
LOAD C:/ST/STM32CubeIDE_1.19.0/STM32CubeIDE/plugins/com.st.stm32cube.ide.mcu.externaltools.gnu-tools-for-stm32.13.3.rel1.win32_1.0.0.202411081344/tools/bin/../lib/gcc/arm-none-eabi/13.3.1/../../../../arm-none-eabi/lib/thumb/v7-m/nofp\libc_nano.a
LOAD C:/ST/STM32CubeIDE_1.19.0/STM32CubeIDE/plugins/com.st.stm32cube.ide.mcu.externaltools.gnu-tools-for-stm32.13.3.rel1.win32_1.0.0.202411081344/tools/bin/../lib/gcc/arm-none-eabi/13.3.1/../../../../arm-none-eabi/lib/thumb/v7-m/nofp\libm.a
END GROUP
START GROUP
LOAD C:/ST/STM32CubeIDE_1.19.0/STM32CubeIDE/plugins/com.st.stm32cube.ide.mcu.externaltools.gnu-tools-for-stm32.13.3.rel1.win32_1.0.0.202411081344/tools/bin/../lib/gcc/arm-none-eabi/13.3.1/thumb/v7-m/nofp\libgcc.a
LOAD C:/ST/STM32CubeIDE_1.19.0/STM32CubeIDE/plugins/com.st.stm32cube.ide.mcu.externaltools.gnu-tools-for-stm32.13.3.rel1.win32_1.0.0.202411081344/tools/bin/../lib/gcc/arm-none-eabi/13.3.1/../../../../arm-none-eabi/lib/thumb/v7-m/nofp\libc_nano.a
END GROUP
START GROUP
LOAD C:/ST/STM32CubeIDE_1.19.0/STM32CubeIDE/plugins/com.st.stm32cube.ide.mcu.externaltools.gnu-tools-for-stm32.13.3.rel1.win32_1.0.0.202411081344/tools/bin/../lib/gcc/arm-none-eabi/13.3.1/thumb/v7-m/nofp\libgcc.a
LOAD C:/ST/STM32CubeIDE_1.19.0/STM32CubeIDE/plugins/com.st.stm32cube.ide.mcu.externaltools.gnu-tools-for-stm32.13.3.rel1.win32_1.0.0.202411081344/tools/bin/../lib/gcc/arm-none-eabi/13.3.1/../../../../arm-none-eabi/lib/thumb/v7-m/nofp\libc_nano.a
LOAD C:/ST/STM32CubeIDE_1.19.0/STM32CubeIDE/plugins/com.st.stm32cube.ide.mcu.externaltools.gnu-tools-for-stm32.13.3.rel1.win32_1.0.0.202411081344/tools/bin/../lib/gcc/arm-none-eabi/13.3.1/../../../../arm-none-eabi/lib/thumb/v7-m/nofp\libnosys.a
END GROUP
START GROUP
LOAD C:/ST/STM32CubeIDE_1.19.0/STM32CubeIDE/plugins/com.st.stm32cube.ide.mcu.externaltools.gnu-tools-for-stm32.13.3.rel1.win32_1.0.0.202411081344/tools/bin/../lib/gcc/arm-none-eabi/13.3.1/thumb/v7-m/nofp\libgcc.a
LOAD C:/ST/STM32CubeIDE_1.19.0/STM32CubeIDE/plugins/com.st.stm32cube.ide.mcu.externaltools.gnu-tools-for-stm32.13.3.rel1.win32_1.0.0.202411081344/tools/bin/../lib/gcc/arm-none-eabi/13.3.1/../../../../arm-none-eabi/lib/thumb/v7-m/nofp\libc_nano.a
LOAD C:/ST/STM32CubeIDE_1.19.0/STM32CubeIDE/plugins/com.st.stm32cube.ide.mcu.externaltools.gnu-tools-for-stm32.13.3.rel1.win32_1.0.0.202411081344/tools/bin/../lib/gcc/arm-none-eabi/13.3.1/../../../../arm-none-eabi/lib/thumb/v7-m/nofp\libnosys.a
END GROUP
LOAD C:/ST/STM32CubeIDE_1.19.0/STM32CubeIDE/plugins/com.st.stm32cube.ide.mcu.externaltools.gnu-tools-for-stm32.13.3.rel1.win32_1.0.0.202411081344/tools/bin/../lib/gcc/arm-none-eabi/13.3.1/thumb/v7-m/nofp/crtend.o
LOAD C:/ST/STM32CubeIDE_1.19.0/STM32CubeIDE/plugins/com.st.stm32cube.ide.mcu.externaltools.gnu-tools-for-stm32.13.3.rel1.win32_1.0.0.202411081344/tools/bin/../lib/gcc/arm-none-eabi/13.3.1/thumb/v7-m/nofp/crtn.o
                0x20005000                        _estack = (ORIGIN (RAM) + LENGTH (RAM))
                0x00000200                        _Min_Heap_Size = 0x200
                0x00000400                        _Min_Stack_Size = 0x400

.isr_vector     0x08003800      0x10c
                0x08003800                        . = ALIGN (0x4)
 *(.isr_vector)
 .isr_vector    0x08003800      0x10c ./Core/Startup/startup_stm32f103c8tx.o
                0x08003800                g_pfnVectors
                0x0800390c                        . = ALIGN (0x4)

.text           0x08003910     0x8d24
                0x08003910                        . = ALIGN (0x4)
 *(.text)
 .text          0x08003910       0x40 C:/ST/STM32CubeIDE_1.19.0/STM32CubeIDE/plugins/com.st.stm32cube.ide.mcu.externaltools.gnu-tools-for-stm32.13.3.rel1.win32_1.0.0.202411081344/tools/bin/../lib/gcc/arm-none-eabi/13.3.1/thumb/v7-m/nofp/crtbegin.o
 .text          0x08003950      0x378 C:/ST/STM32CubeIDE_1.19.0/STM32CubeIDE/plugins/com.st.stm32cube.ide.mcu.externaltools.gnu-tools-for-stm32.13.3.rel1.win32_1.0.0.202411081344/tools/bin/../lib/gcc/arm-none-eabi/13.3.1/thumb/v7-m/nofp\libgcc.a(_arm_addsubdf3.o)
                0x08003950                __aeabi_drsub
                0x08003958                __aeabi_dsub
                0x08003958                __subdf3
                0x0800395c                __aeabi_dadd
                0x0800395c                __adddf3
                0x08003bd4                __floatunsidf
                0x08003bd4                __aeabi_ui2d
                0x08003bf4                __floatsidf
                0x08003bf4                __aeabi_i2d
                0x08003c18                __aeabi_f2d
                0x08003c18                __extendsfdf2
                0x08003c5c                __floatundidf
                0x08003c5c                __aeabi_ul2d
                0x08003c6c                __floatdidf
                0x08003c6c                __aeabi_l2d
 .text          0x08003cc8      0x424 C:/ST/STM32CubeIDE_1.19.0/STM32CubeIDE/plugins/com.st.stm32cube.ide.mcu.externaltools.gnu-tools-for-stm32.13.3.rel1.win32_1.0.0.202411081344/tools/bin/../lib/gcc/arm-none-eabi/13.3.1/thumb/v7-m/nofp\libgcc.a(_arm_muldivdf3.o)
                0x08003cc8                __aeabi_dmul
                0x08003cc8                __muldf3
                0x08003f1c                __divdf3
                0x08003f1c                __aeabi_ddiv
 .text          0x080040ec      0x110 C:/ST/STM32CubeIDE_1.19.0/STM32CubeIDE/plugins/com.st.stm32cube.ide.mcu.externaltools.gnu-tools-for-stm32.13.3.rel1.win32_1.0.0.202411081344/tools/bin/../lib/gcc/arm-none-eabi/13.3.1/thumb/v7-m/nofp\libgcc.a(_arm_cmpdf2.o)
                0x080040ec                __gtdf2
                0x080040ec                __gedf2
                0x080040f4                __ltdf2
                0x080040f4                __ledf2
                0x080040fc                __nedf2
                0x080040fc                __eqdf2
                0x080040fc                __cmpdf2
                0x08004178                __aeabi_cdrcmple
                0x08004188                __aeabi_cdcmpeq
                0x08004188                __aeabi_cdcmple
                0x08004198                __aeabi_dcmpeq
                0x080041ac                __aeabi_dcmplt
                0x080041c0                __aeabi_dcmple
                0x080041d4                __aeabi_dcmpge
                0x080041e8                __aeabi_dcmpgt
 .text          0x080041fc       0x2c C:/ST/STM32CubeIDE_1.19.0/STM32CubeIDE/plugins/com.st.stm32cube.ide.mcu.externaltools.gnu-tools-for-stm32.13.3.rel1.win32_1.0.0.202411081344/tools/bin/../lib/gcc/arm-none-eabi/13.3.1/thumb/v7-m/nofp\libgcc.a(_arm_unorddf2.o)
                0x080041fc                __unorddf2
                0x080041fc                __aeabi_dcmpun
 .text          0x08004228       0x50 C:/ST/STM32CubeIDE_1.19.0/STM32CubeIDE/plugins/com.st.stm32cube.ide.mcu.externaltools.gnu-tools-for-stm32.13.3.rel1.win32_1.0.0.202411081344/tools/bin/../lib/gcc/arm-none-eabi/13.3.1/thumb/v7-m/nofp\libgcc.a(_arm_fixdfsi.o)
                0x08004228                __aeabi_d2iz
                0x08004228                __fixdfsi
 .text          0x08004278       0x40 C:/ST/STM32CubeIDE_1.19.0/STM32CubeIDE/plugins/com.st.stm32cube.ide.mcu.externaltools.gnu-tools-for-stm32.13.3.rel1.win32_1.0.0.202411081344/tools/bin/../lib/gcc/arm-none-eabi/13.3.1/thumb/v7-m/nofp\libgcc.a(_arm_fixunsdfsi.o)
                0x08004278                __aeabi_d2uiz
                0x08004278                __fixunsdfsi
 .text          0x080042b8       0xa0 C:/ST/STM32CubeIDE_1.19.0/STM32CubeIDE/plugins/com.st.stm32cube.ide.mcu.externaltools.gnu-tools-for-stm32.13.3.rel1.win32_1.0.0.202411081344/tools/bin/../lib/gcc/arm-none-eabi/13.3.1/thumb/v7-m/nofp\libgcc.a(_arm_truncdfsf2.o)
                0x080042b8                __truncdfsf2
                0x080042b8                __aeabi_d2f
 .text          0x08004358      0x21c C:/ST/STM32CubeIDE_1.19.0/STM32CubeIDE/plugins/com.st.stm32cube.ide.mcu.externaltools.gnu-tools-for-stm32.13.3.rel1.win32_1.0.0.202411081344/tools/bin/../lib/gcc/arm-none-eabi/13.3.1/thumb/v7-m/nofp\libgcc.a(_arm_addsubsf3.o)
                0x08004358                __aeabi_frsub
                0x08004360                __subsf3
                0x08004360                __aeabi_fsub
                0x08004364                __aeabi_fadd
                0x08004364                __addsf3
                0x080044c4                __aeabi_ui2f
                0x080044c4                __floatunsisf
                0x080044cc                __aeabi_i2f
                0x080044cc                __floatsisf
                0x080044e8                __aeabi_ul2f
                0x080044e8                __floatundisf
                0x080044f8                __aeabi_l2f
                0x080044f8                __floatdisf
 .text          0x08004574      0x2a0 C:/ST/STM32CubeIDE_1.19.0/STM32CubeIDE/plugins/com.st.stm32cube.ide.mcu.externaltools.gnu-tools-for-stm32.13.3.rel1.win32_1.0.0.202411081344/tools/bin/../lib/gcc/arm-none-eabi/13.3.1/thumb/v7-m/nofp\libgcc.a(_arm_muldivsf3.o)
                0x08004574                __mulsf3
                0x08004574                __aeabi_fmul
                0x080046dc                __aeabi_fdiv
                0x080046dc                __divsf3
 .text          0x08004814       0xec C:/ST/STM32CubeIDE_1.19.0/STM32CubeIDE/plugins/com.st.stm32cube.ide.mcu.externaltools.gnu-tools-for-stm32.13.3.rel1.win32_1.0.0.202411081344/tools/bin/../lib/gcc/arm-none-eabi/13.3.1/thumb/v7-m/nofp\libgcc.a(_arm_cmpsf2.o)
                0x08004814                __gesf2
                0x08004814                __gtsf2
                0x0800481c                __lesf2
                0x0800481c                __ltsf2
                0x08004824                __nesf2
                0x08004824                __eqsf2
                0x08004824                __cmpsf2
                0x08004884                __aeabi_cfrcmple
                0x0800488c                __aeabi_cfcmpeq
                0x0800488c                __aeabi_cfcmple
                0x0800489c                __aeabi_fcmpeq
                0x080048b0                __aeabi_fcmplt
                0x080048c4                __aeabi_fcmple
                0x080048d8                __aeabi_fcmpge
                0x080048ec                __aeabi_fcmpgt
 .text          0x08004900       0x4c C:/ST/STM32CubeIDE_1.19.0/STM32CubeIDE/plugins/com.st.stm32cube.ide.mcu.externaltools.gnu-tools-for-stm32.13.3.rel1.win32_1.0.0.202411081344/tools/bin/../lib/gcc/arm-none-eabi/13.3.1/thumb/v7-m/nofp\libgcc.a(_arm_fixsfsi.o)
                0x08004900                __aeabi_f2iz
                0x08004900                __fixsfsi
 .text          0x0800494c       0x40 C:/ST/STM32CubeIDE_1.19.0/STM32CubeIDE/plugins/com.st.stm32cube.ide.mcu.externaltools.gnu-tools-for-stm32.13.3.rel1.win32_1.0.0.202411081344/tools/bin/../lib/gcc/arm-none-eabi/13.3.1/thumb/v7-m/nofp\libgcc.a(_arm_fixunssfsi.o)
                0x0800494c                __fixunssfsi
                0x0800494c                __aeabi_f2uiz
 .text          0x0800498c       0x30 C:/ST/STM32CubeIDE_1.19.0/STM32CubeIDE/plugins/com.st.stm32cube.ide.mcu.externaltools.gnu-tools-for-stm32.13.3.rel1.win32_1.0.0.202411081344/tools/bin/../lib/gcc/arm-none-eabi/13.3.1/thumb/v7-m/nofp\libgcc.a(_aeabi_uldivmod.o)
                0x0800498c                __aeabi_uldivmod
 .text          0x080049bc      0x300 C:/ST/STM32CubeIDE_1.19.0/STM32CubeIDE/plugins/com.st.stm32cube.ide.mcu.externaltools.gnu-tools-for-stm32.13.3.rel1.win32_1.0.0.202411081344/tools/bin/../lib/gcc/arm-none-eabi/13.3.1/thumb/v7-m/nofp\libgcc.a(_udivmoddi4.o)
                0x080049bc                __udivmoddi4
 .text          0x08004cbc        0x4 C:/ST/STM32CubeIDE_1.19.0/STM32CubeIDE/plugins/com.st.stm32cube.ide.mcu.externaltools.gnu-tools-for-stm32.13.3.rel1.win32_1.0.0.202411081344/tools/bin/../lib/gcc/arm-none-eabi/13.3.1/thumb/v7-m/nofp\libgcc.a(_dvmd_tls.o)
                0x08004cbc                __aeabi_idiv0
                0x08004cbc                __aeabi_ldiv0
 *(.text*)
 .text.adl_getData
                0x08004cc0       0xe4 ./Core/Inc/modbus_devices/eMeter.o
                0x08004cc0                adl_getData
 .text.adl_TotalActiveEnergy
                0x08004da4       0x2e ./Core/Inc/modbus_devices/eMeter.o
                0x08004da4                adl_TotalActiveEnergy
 *fill*         0x08004dd2        0x2 
 .text.adl_VoltagePhaseA
                0x08004dd4       0x50 ./Core/Inc/modbus_devices/eMeter.o
                0x08004dd4                adl_VoltagePhaseA
 .text.adl_VoltagePhaseB
                0x08004e24       0x34 ./Core/Inc/modbus_devices/eMeter.o
                0x08004e24                adl_VoltagePhaseB
 .text.adl_VoltagePhaseC
                0x08004e58       0x34 ./Core/Inc/modbus_devices/eMeter.o
                0x08004e58                adl_VoltagePhaseC
 .text.adl_CurrentPhaseA
                0x08004e8c       0x50 ./Core/Inc/modbus_devices/eMeter.o
                0x08004e8c                adl_CurrentPhaseA
 .text.adl_CurrentPhaseB
                0x08004edc       0x34 ./Core/Inc/modbus_devices/eMeter.o
                0x08004edc                adl_CurrentPhaseB
 .text.adl_CurrentPhaseC
                0x08004f10       0x34 ./Core/Inc/modbus_devices/eMeter.o
                0x08004f10                adl_CurrentPhaseC
 .text.adl_Frequency
                0x08004f44       0x50 ./Core/Inc/modbus_devices/eMeter.o
                0x08004f44                adl_Frequency
 .text.adl_TotalActivePower
                0x08004f94       0x5c ./Core/Inc/modbus_devices/eMeter.o
                0x08004f94                adl_TotalActivePower
 .text.adl_IdentifyEnergyMeter
                0x08004ff0       0x7c ./Core/Inc/modbus_devices/eMeter.o
                0x08004ff0                adl_IdentifyEnergyMeter
 .text.ModbusRTU_CRC
                0x0800506c       0x30 ./Core/Inc/modbus_devices/modbusRTU.o
 .text.ModbusRTU_checksum
                0x0800509c       0x2a ./Core/Inc/modbus_devices/modbusRTU.o
 *fill*         0x080050c6        0x2 
 .text.ModbusRTU_Intick
                0x080050c8       0x44 ./Core/Inc/modbus_devices/modbusRTU.o
                0x080050c8                ModbusRTU_Intick
 .text.ModbusRTU_queueSerial
                0x0800510c      0x13c ./Core/Inc/modbus_devices/modbusRTU.o
                0x0800510c                ModbusRTU_queueSerial
 .text.ModbusRTU_transmitSerial
                0x08005248       0xc4 ./Core/Inc/modbus_devices/modbusRTU.o
                0x08005248                ModbusRTU_transmitSerial
 .text.ModbusRTU_receiveSerial
                0x0800530c      0x140 ./Core/Inc/modbus_devices/modbusRTU.o
                0x0800530c                ModbusRTU_receiveSerial
 .text.ModbusRTU_Init
                0x0800544c        0xc ./Core/Inc/modbus_devices/modbusRTU.o
                0x0800544c                ModbusRTU_Init
 .text.ModbusRTU_functions
                0x08005458      0x194 ./Core/Inc/modbus_devices/modbusRTU.o
                0x08005458                ModbusRTU_functions
 .text.CSMS_modbusCRC
                0x080055ec       0x30 ./Core/Src/CSMS.o
 .text.CSMS_Intick
                0x0800561c       0x1c ./Core/Src/CSMS.o
                0x0800561c                CSMS_Intick
 .text.CSMS_transmitSerial
                0x08005638       0x54 ./Core/Src/CSMS.o
                0x08005638                CSMS_transmitSerial
 .text.CSMS_receiveSerial
                0x0800568c      0x108 ./Core/Src/CSMS.o
                0x0800568c                CSMS_receiveSerial
 .text.CSMS_Init
                0x08005794        0x2 ./Core/Src/CSMS.o
                0x08005794                CSMS_Init
 *fill*         0x08005796        0x2 
 .text.CSMS_functions
                0x08005798      0x4d8 ./Core/Src/CSMS.o
                0x08005798                CSMS_functions
 .text.GetPage  0x08005c70       0x24 ./Core/Src/OTA.o
 .text.Write_Data
                0x08005c94       0x68 ./Core/Src/OTA.o
                0x08005c94                Write_Data
 .text.Flag_up  0x08005cfc       0x20 ./Core/Src/OTA.o
                0x08005cfc                Flag_up
 .text.EEPROM_Erase
                0x08005d1c       0x24 ./Core/Src/STM32F103_EEPROM.o
                0x08005d1c                EEPROM_Erase
 .text.EEPROM_WriteData
                0x08005d40       0x30 ./Core/Src/STM32F103_EEPROM.o
                0x08005d40                EEPROM_WriteData
 .text.EEPROM_ReadData
                0x08005d70       0x14 ./Core/Src/STM32F103_EEPROM.o
                0x08005d70                EEPROM_ReadData
 .text.MX_ADC1_Init
                0x08005d84      0x130 ./Core/Src/adc.o
                0x08005d84                MX_ADC1_Init
 .text.HAL_ADC_MspInit
                0x08005eb4       0xd0 ./Core/Src/adc.o
                0x08005eb4                HAL_ADC_MspInit
 *fill*         0x08005f84        0x4 
 .text.HAL_ADC_ConvCpltCallback
                0x08005f88       0x88 ./Core/Src/adc.o
                0x08005f88                HAL_ADC_ConvCpltCallback
 .text.get_chargerConfig
                0x08006010       0x5c ./Core/Src/charge_config.o
                0x08006010                get_chargerConfig
 .text.set_chargerConfig
                0x0800606c       0x6c ./Core/Src/charge_config.o
                0x0800606c                set_chargerConfig
 .text.readCP_stored
                0x080060d8       0x2c ./Core/Src/control_pilot.o
                0x080060d8                readCP_stored
 .text.saveCP_store
                0x08006104       0x38 ./Core/Src/control_pilot.o
                0x08006104                saveCP_store
 *fill*         0x0800613c        0x4 
 .text.getCP_voltage
                0x08006140      0x374 ./Core/Src/control_pilot.o
                0x08006140                getCP_voltage
 .text.calibrateCP
                0x080064b4       0x7c ./Core/Src/control_pilot.o
                0x080064b4                calibrateCP
 .text.PI_Controller
                0x08006530       0xe0 ./Core/Src/control_pilot.o
                0x08006530                PI_Controller
 .text.load_balance
                0x08006610       0x8c ./Core/Src/control_pilot.o
                0x08006610                load_balance
 *fill*         0x0800669c        0x4 
 .text.monitor_cp
                0x080066a0       0xa8 ./Core/Src/control_pilot.o
                0x080066a0                monitor_cp
 .text.setCP_duty
                0x08006748       0x54 ./Core/Src/control_pilot.o
                0x08006748                setCP_duty
 .text.check_diode
                0x0800679c       0x7c ./Core/Src/control_pilot.o
                0x0800679c                check_diode
 .text.bootup_vehicleCheck
                0x08006818       0x64 ./Core/Src/control_pilot.o
                0x08006818                bootup_vehicleCheck
 .text.check_vehicleConnector
                0x0800687c       0x58 ./Core/Src/control_pilot.o
                0x0800687c                check_vehicleConnector
 .text.check_PWMActive
                0x080068d4       0x74 ./Core/Src/control_pilot.o
                0x080068d4                check_PWMActive
 .text.init_dataStructures
                0x08006948       0xcc ./Core/Src/data_structures.o
                0x08006948                init_dataStructures
 .text.buzzer_on
                0x08006a14       0x4c ./Core/Src/data_structures.o
                0x08006a14                buzzer_on
 .text.buzzer_poweron
                0x08006a60       0xac ./Core/Src/data_structures.o
                0x08006a60                buzzer_poweron
 .text.MX_DMA_Init
                0x08006b0c       0x30 ./Core/Src/dma.o
                0x08006b0c                MX_DMA_Init
 .text.MX_GPIO_Init
                0x08006b3c       0xbc ./Core/Src/gpio.o
                0x08006b3c                MX_GPIO_Init
 .text.get_GPIOFeedback
                0x08006bf8       0x5c ./Core/Src/gpio_feedback.o
                0x08006bf8                get_GPIOFeedback
 .text.SystemClock_Config
                0x08006c54       0x8a ./Core/Src/main.o
                0x08006c54                SystemClock_Config
 *fill*         0x08006cde        0x2 
 .text.startup.main
                0x08006ce0      0x350 ./Core/Src/main.o
                0x08006ce0                main
 .text.HAL_TIM_PeriodElapsedCallback
                0x08007030       0xac ./Core/Src/main.o
                0x08007030                HAL_TIM_PeriodElapsedCallback
 .text.Error_Handler
                0x080070dc        0x4 ./Core/Src/main.o
                0x080070dc                Error_Handler
 .text.calculate_Energy
                0x080070e0       0x78 ./Core/Src/power_measure.o
                0x080070e0                calculate_Energy
 .text.get_EnergyMeterData
                0x08007158       0x4c ./Core/Src/power_measure.o
                0x08007158                get_EnergyMeterData
 .text.errorDetector
                0x080071a4      0x60c ./Core/Src/protection.o
                0x080071a4                errorDetector
 .text.errorHandler
                0x080077b0      0x1d4 ./Core/Src/protection.o
                0x080077b0                errorHandler
 .text.errorBuffer_log
                0x08007984       0x38 ./Core/Src/protection.o
                0x08007984                errorBuffer_log
 .text.errorBuffer_report
                0x080079bc       0x44 ./Core/Src/protection.o
                0x080079bc                errorBuffer_report
 .text.errorBuffer_clear
                0x08007a00       0x28 ./Core/Src/protection.o
                0x08007a00                errorBuffer_clear
 .text.MX_RTC_Init
                0x08007a28       0x68 ./Core/Src/rtc.o
                0x08007a28                MX_RTC_Init
 .text.HAL_RTC_MspInit
                0x08007a90       0x3c ./Core/Src/rtc.o
                0x08007a90                HAL_RTC_MspInit
 .text.initRTC  0x08007acc       0xa8 ./Core/Src/rtc.o
                0x08007acc                initRTC
 .text.RTC_ToEpoch
                0x08007b74       0x84 ./Core/Src/rtc.o
                0x08007b74                RTC_ToEpoch
 .text.RTC_FromEpoch
                0x08007bf8       0xf8 ./Core/Src/rtc.o
                0x08007bf8                RTC_FromEpoch
 .text.get_date
                0x08007cf0       0xb4 ./Core/Src/rtc.o
                0x08007cf0                get_date
 .text.updateRTC
                0x08007da4       0xac ./Core/Src/rtc.o
                0x08007da4                updateRTC
 .text.updateAlarm
                0x08007e50       0xe4 ./Core/Src/rtc.o
                0x08007e50                updateAlarm
 .text.checkWeekday_Time
                0x08007f34      0x118 ./Core/Src/rtc.o
                0x08007f34                checkWeekday_Time
 .text.initializeStateMachine
                0x0800804c       0x50 ./Core/Src/state_machine.o
                0x0800804c                initializeStateMachine
 .text.trackStateTransition
                0x0800809c       0x2c ./Core/Src/state_machine.o
                0x0800809c                trackStateTransition
 .text.changeState
                0x080080c8       0x20 ./Core/Src/state_machine.o
                0x080080c8                changeState
 .text.stateA2  0x080080e8       0xa0 ./Core/Src/state_machine.o
                0x080080e8                stateA2
 .text.runStateMachine
                0x08008188        0xa ./Core/Src/state_machine.o
                0x08008188                runStateMachine
 *fill*         0x08008192        0x2 
 .text.stateA_transition
                0x08008194       0x44 ./Core/Src/state_machine.o
                0x08008194                stateA_transition
 .text.stateB1  0x080081d8      0x128 ./Core/Src/state_machine.o
                0x080081d8                stateB1
 .text.stateF   0x08008300       0xa0 ./Core/Src/state_machine.o
                0x08008300                stateF
 .text.stateB_transition
                0x080083a0       0x4c ./Core/Src/state_machine.o
                0x080083a0                stateB_transition
 .text.stateC1  0x080083ec      0x15c ./Core/Src/state_machine.o
                0x080083ec                stateC1
 .text.stateC2  0x08008548      0x16c ./Core/Src/state_machine.o
                0x08008548                stateC2
 .text.stateC_transition
                0x080086b4       0x4c ./Core/Src/state_machine.o
                0x080086b4                stateC_transition
 .text.power_on
                0x08008700       0x3c ./Core/Src/state_machine.o
                0x08008700                power_on
 .text.temp_stateF
                0x0800873c       0x98 ./Core/Src/state_machine.o
                0x0800873c                temp_stateF
 .text.stateB2  0x080087d4       0xf4 ./Core/Src/state_machine.o
                0x080087d4                stateB2
 .text.charger_variable_init
                0x080088c8       0x80 ./Core/Src/state_machine.o
                0x080088c8                charger_variable_init
 .text.stateA1  0x08008948       0xa4 ./Core/Src/state_machine.o
                0x08008948                stateA1
 .text.HAL_MspInit
                0x080089ec       0x44 ./Core/Src/stm32f1xx_hal_msp.o
                0x080089ec                HAL_MspInit
 .text.NMI_Handler
                0x08008a30        0x2 ./Core/Src/stm32f1xx_it.o
                0x08008a30                NMI_Handler
 .text.HardFault_Handler
                0x08008a32        0x2 ./Core/Src/stm32f1xx_it.o
                0x08008a32                HardFault_Handler
 .text.MemManage_Handler
                0x08008a34        0x2 ./Core/Src/stm32f1xx_it.o
                0x08008a34                MemManage_Handler
 .text.BusFault_Handler
                0x08008a36        0x2 ./Core/Src/stm32f1xx_it.o
                0x08008a36                BusFault_Handler
 .text.UsageFault_Handler
                0x08008a38        0x2 ./Core/Src/stm32f1xx_it.o
                0x08008a38                UsageFault_Handler
 .text.SVC_Handler
                0x08008a3a        0x2 ./Core/Src/stm32f1xx_it.o
                0x08008a3a                SVC_Handler
 .text.DebugMon_Handler
                0x08008a3c        0x2 ./Core/Src/stm32f1xx_it.o
                0x08008a3c                DebugMon_Handler
 .text.PendSV_Handler
                0x08008a3e        0x2 ./Core/Src/stm32f1xx_it.o
                0x08008a3e                PendSV_Handler
 .text.SysTick_Handler
                0x08008a40        0x4 ./Core/Src/stm32f1xx_it.o
                0x08008a40                SysTick_Handler
 .text.DMA1_Channel1_IRQHandler
                0x08008a44        0xc ./Core/Src/stm32f1xx_it.o
                0x08008a44                DMA1_Channel1_IRQHandler
 .text.ADC1_2_IRQHandler
                0x08008a50        0xc ./Core/Src/stm32f1xx_it.o
                0x08008a50                ADC1_2_IRQHandler
 .text.TIM3_IRQHandler
                0x08008a5c        0xc ./Core/Src/stm32f1xx_it.o
                0x08008a5c                TIM3_IRQHandler
 .text.USART1_IRQHandler
                0x08008a68        0xc ./Core/Src/stm32f1xx_it.o
                0x08008a68                USART1_IRQHandler
 .text.USART3_IRQHandler
                0x08008a74        0xc ./Core/Src/stm32f1xx_it.o
                0x08008a74                USART3_IRQHandler
 .text._read    0x08008a80       0x1c ./Core/Src/syscalls.o
                0x08008a80                _read
 .text._write   0x08008a9c       0x1c ./Core/Src/syscalls.o
                0x08008a9c                _write
 .text._close   0x08008ab8        0x6 ./Core/Src/syscalls.o
                0x08008ab8                _close
 .text._fstat   0x08008abe        0xa ./Core/Src/syscalls.o
                0x08008abe                _fstat
 .text._isatty  0x08008ac8        0x4 ./Core/Src/syscalls.o
                0x08008ac8                _isatty
 .text._lseek   0x08008acc        0x4 ./Core/Src/syscalls.o
                0x08008acc                _lseek
 .text._sbrk    0x08008ad0       0x40 ./Core/Src/sysmem.o
                0x08008ad0                _sbrk
 .text.SystemInit
                0x08008b10       0x10 ./Core/Src/system_stm32f1xx.o
                0x08008b10                SystemInit
 .text.temperature_NTC
                0x08008b20      0x124 ./Core/Src/temp_NTC.o
                0x08008b20                temperature_NTC
 .text.MX_TIM3_Init
                0x08008c44       0x6c ./Core/Src/tim.o
                0x08008c44                MX_TIM3_Init
 .text.HAL_TIM_PWM_MspInit
                0x08008cb0       0x28 ./Core/Src/tim.o
                0x08008cb0                HAL_TIM_PWM_MspInit
 .text.HAL_TIM_Base_MspInit
                0x08008cd8       0x40 ./Core/Src/tim.o
                0x08008cd8                HAL_TIM_Base_MspInit
 .text.HAL_TIM_MspPostInit
                0x08008d18       0x50 ./Core/Src/tim.o
                0x08008d18                HAL_TIM_MspPostInit
 .text.MX_TIM1_Init
                0x08008d68       0xbc ./Core/Src/tim.o
                0x08008d68                MX_TIM1_Init
 .text.tick_clear
                0x08008e24       0x26 ./Core/Src/timer.o
                0x08008e24                tick_clear
 *fill*         0x08008e4a        0x2 
 .text.tick_count
                0x08008e4c       0xf0 ./Core/Src/timer.o
                0x08008e4c                tick_count
 .text.huart3TransmitIT
                0x08008f3c       0x24 ./Core/Src/usart.o
 .text.huart1TransmitIT
                0x08008f60       0x24 ./Core/Src/usart.o
 .text.MX_USART1_UART_Init
                0x08008f84       0x4c ./Core/Src/usart.o
                0x08008f84                MX_USART1_UART_Init
 .text.MX_USART3_UART_Init
                0x08008fd0       0x44 ./Core/Src/usart.o
                0x08008fd0                MX_USART3_UART_Init
 .text.HAL_UART_MspInit
                0x08009014       0xf8 ./Core/Src/usart.o
                0x08009014                HAL_UART_MspInit
 .text.transmitSerial
                0x0800910c       0x1c ./Core/Src/usart.o
                0x0800910c                transmitSerial
 .text.HAL_UART_RxCpltCallback
                0x08009128       0x6c ./Core/Src/usart.o
                0x08009128                HAL_UART_RxCpltCallback
 .text.HAL_UART_TxCpltCallback
                0x08009194        0x2 ./Core/Src/usart.o
                0x08009194                HAL_UART_TxCpltCallback
 *fill*         0x08009196        0x2 
 .text.Reset_Handler
                0x08009198       0x48 ./Core/Startup/startup_stm32f103c8tx.o
                0x08009198                Reset_Handler
 .text.Default_Handler
                0x080091e0        0x2 ./Core/Startup/startup_stm32f103c8tx.o
                0x080091e0                RTC_Alarm_IRQHandler
                0x080091e0                EXTI2_IRQHandler
                0x080091e0                TIM1_CC_IRQHandler
                0x080091e0                PVD_IRQHandler
                0x080091e0                EXTI3_IRQHandler
                0x080091e0                EXTI0_IRQHandler
                0x080091e0                I2C2_EV_IRQHandler
                0x080091e0                SPI1_IRQHandler
                0x080091e0                TAMPER_IRQHandler
                0x080091e0                DMA1_Channel4_IRQHandler
                0x080091e0                RTC_IRQHandler
                0x080091e0                DMA1_Channel7_IRQHandler
                0x080091e0                CAN1_RX1_IRQHandler
                0x080091e0                TIM4_IRQHandler
                0x080091e0                I2C1_EV_IRQHandler
                0x080091e0                DMA1_Channel6_IRQHandler
                0x080091e0                RCC_IRQHandler
                0x080091e0                TIM1_TRG_COM_IRQHandler
                0x080091e0                Default_Handler
                0x080091e0                EXTI15_10_IRQHandler
                0x080091e0                EXTI9_5_IRQHandler
                0x080091e0                SPI2_IRQHandler
                0x080091e0                DMA1_Channel5_IRQHandler
                0x080091e0                EXTI4_IRQHandler
                0x080091e0                USB_LP_CAN1_RX0_IRQHandler
                0x080091e0                USB_HP_CAN1_TX_IRQHandler
                0x080091e0                DMA1_Channel3_IRQHandler
                0x080091e0                TIM1_UP_IRQHandler
                0x080091e0                WWDG_IRQHandler
                0x080091e0                TIM2_IRQHandler
                0x080091e0                TIM1_BRK_IRQHandler
                0x080091e0                EXTI1_IRQHandler
                0x080091e0                USART2_IRQHandler
                0x080091e0                I2C2_ER_IRQHandler
                0x080091e0                DMA1_Channel2_IRQHandler
                0x080091e0                CAN1_SCE_IRQHandler
                0x080091e0                FLASH_IRQHandler
                0x080091e0                I2C1_ER_IRQHandler
                0x080091e0                USBWakeUp_IRQHandler
 *fill*         0x080091e2        0x2 
 .text.HAL_InitTick
                0x080091e4       0x48 ./Drivers/STM32F1xx_HAL_Driver/Src/stm32f1xx_hal.o
                0x080091e4                HAL_InitTick
 .text.HAL_Init
                0x0800922c       0x24 ./Drivers/STM32F1xx_HAL_Driver/Src/stm32f1xx_hal.o
                0x0800922c                HAL_Init
 .text.HAL_IncTick
                0x08009250       0x18 ./Drivers/STM32F1xx_HAL_Driver/Src/stm32f1xx_hal.o
                0x08009250                HAL_IncTick
 .text.HAL_GetTick
                0x08009268        0xc ./Drivers/STM32F1xx_HAL_Driver/Src/stm32f1xx_hal.o
                0x08009268                HAL_GetTick
 .text.HAL_Delay
                0x08009274       0x24 ./Drivers/STM32F1xx_HAL_Driver/Src/stm32f1xx_hal.o
                0x08009274                HAL_Delay
 .text.ADC_DMAConvCplt
                0x08009298       0x4e ./Drivers/STM32F1xx_HAL_Driver/Src/stm32f1xx_hal_adc.o
                0x08009298                ADC_DMAConvCplt
 .text.HAL_ADC_ConvHalfCpltCallback
                0x080092e6        0x2 ./Drivers/STM32F1xx_HAL_Driver/Src/stm32f1xx_hal_adc.o
                0x080092e6                HAL_ADC_ConvHalfCpltCallback
 .text.ADC_DMAHalfConvCplt
                0x080092e8        0xa ./Drivers/STM32F1xx_HAL_Driver/Src/stm32f1xx_hal_adc.o
                0x080092e8                ADC_DMAHalfConvCplt
 .text.HAL_ADC_LevelOutOfWindowCallback
                0x080092f2        0x2 ./Drivers/STM32F1xx_HAL_Driver/Src/stm32f1xx_hal_adc.o
                0x080092f2                HAL_ADC_LevelOutOfWindowCallback
 .text.HAL_ADC_IRQHandler
                0x080092f4       0xe2 ./Drivers/STM32F1xx_HAL_Driver/Src/stm32f1xx_hal_adc.o
                0x080092f4                HAL_ADC_IRQHandler
 .text.HAL_ADC_ErrorCallback
                0x080093d6        0x2 ./Drivers/STM32F1xx_HAL_Driver/Src/stm32f1xx_hal_adc.o
                0x080093d6                HAL_ADC_ErrorCallback
 .text.ADC_DMAError
                0x080093d8       0x1a ./Drivers/STM32F1xx_HAL_Driver/Src/stm32f1xx_hal_adc.o
                0x080093d8                ADC_DMAError
 *fill*         0x080093f2        0x2 
 .text.HAL_ADC_ConfigChannel
                0x080093f4       0xfc ./Drivers/STM32F1xx_HAL_Driver/Src/stm32f1xx_hal_adc.o
                0x080093f4                HAL_ADC_ConfigChannel
 .text.ADC_Enable
                0x080094f0       0x78 ./Drivers/STM32F1xx_HAL_Driver/Src/stm32f1xx_hal_adc.o
                0x080094f0                ADC_Enable
 .text.HAL_ADC_Start_DMA
                0x08009568      0x11c ./Drivers/STM32F1xx_HAL_Driver/Src/stm32f1xx_hal_adc.o
                0x08009568                HAL_ADC_Start_DMA
 .text.ADC_ConversionStop_Disable
                0x08009684       0x4c ./Drivers/STM32F1xx_HAL_Driver/Src/stm32f1xx_hal_adc.o
                0x08009684                ADC_ConversionStop_Disable
 .text.HAL_ADC_Init
                0x080096d0       0xfc ./Drivers/STM32F1xx_HAL_Driver/Src/stm32f1xx_hal_adc.o
                0x080096d0                HAL_ADC_Init
 .text.HAL_ADCEx_Calibration_Start
                0x080097cc       0xe0 ./Drivers/STM32F1xx_HAL_Driver/Src/stm32f1xx_hal_adc_ex.o
                0x080097cc                HAL_ADCEx_Calibration_Start
 .text.HAL_ADCEx_InjectedConvCpltCallback
                0x080098ac        0x2 ./Drivers/STM32F1xx_HAL_Driver/Src/stm32f1xx_hal_adc_ex.o
                0x080098ac                HAL_ADCEx_InjectedConvCpltCallback
 *fill*         0x080098ae        0x2 
 .text.HAL_NVIC_SetPriorityGrouping
                0x080098b0       0x24 ./Drivers/STM32F1xx_HAL_Driver/Src/stm32f1xx_hal_cortex.o
                0x080098b0                HAL_NVIC_SetPriorityGrouping
 .text.HAL_NVIC_SetPriority
                0x080098d4       0x60 ./Drivers/STM32F1xx_HAL_Driver/Src/stm32f1xx_hal_cortex.o
                0x080098d4                HAL_NVIC_SetPriority
 .text.HAL_NVIC_EnableIRQ
                0x08009934       0x1c ./Drivers/STM32F1xx_HAL_Driver/Src/stm32f1xx_hal_cortex.o
                0x08009934                HAL_NVIC_EnableIRQ
 .text.HAL_NVIC_SystemReset
                0x08009950       0x24 ./Drivers/STM32F1xx_HAL_Driver/Src/stm32f1xx_hal_cortex.o
                0x08009950                HAL_NVIC_SystemReset
 .text.HAL_SYSTICK_Config
                0x08009974       0x28 ./Drivers/STM32F1xx_HAL_Driver/Src/stm32f1xx_hal_cortex.o
                0x08009974                HAL_SYSTICK_Config
 .text.HAL_DMA_Init
                0x0800999c       0x60 ./Drivers/STM32F1xx_HAL_Driver/Src/stm32f1xx_hal_dma.o
                0x0800999c                HAL_DMA_Init
 .text.HAL_DMA_Start_IT
                0x080099fc       0x78 ./Drivers/STM32F1xx_HAL_Driver/Src/stm32f1xx_hal_dma.o
                0x080099fc                HAL_DMA_Start_IT
 .text.HAL_DMA_Abort
                0x08009a74       0x3e ./Drivers/STM32F1xx_HAL_Driver/Src/stm32f1xx_hal_dma.o
                0x08009a74                HAL_DMA_Abort
 *fill*         0x08009ab2        0x2 
 .text.HAL_DMA_Abort_IT
                0x08009ab4       0x8c ./Drivers/STM32F1xx_HAL_Driver/Src/stm32f1xx_hal_dma.o
                0x08009ab4                HAL_DMA_Abort_IT
 .text.HAL_DMA_IRQHandler
                0x08009b40      0x128 ./Drivers/STM32F1xx_HAL_Driver/Src/stm32f1xx_hal_dma.o
                0x08009b40                HAL_DMA_IRQHandler
 .text.FLASH_SetErrorCode
                0x08009c68       0x50 ./Drivers/STM32F1xx_HAL_Driver/Src/stm32f1xx_hal_flash.o
 .text.HAL_FLASH_Unlock
                0x08009cb8       0x24 ./Drivers/STM32F1xx_HAL_Driver/Src/stm32f1xx_hal_flash.o
                0x08009cb8                HAL_FLASH_Unlock
 .text.HAL_FLASH_Lock
                0x08009cdc       0x14 ./Drivers/STM32F1xx_HAL_Driver/Src/stm32f1xx_hal_flash.o
                0x08009cdc                HAL_FLASH_Lock
 .text.HAL_FLASH_GetError
                0x08009cf0        0xc ./Drivers/STM32F1xx_HAL_Driver/Src/stm32f1xx_hal_flash.o
                0x08009cf0                HAL_FLASH_GetError
 .text.FLASH_WaitForLastOperation
                0x08009cfc       0x54 ./Drivers/STM32F1xx_HAL_Driver/Src/stm32f1xx_hal_flash.o
                0x08009cfc                FLASH_WaitForLastOperation
 .text.HAL_FLASH_Program
                0x08009d50       0xa4 ./Drivers/STM32F1xx_HAL_Driver/Src/stm32f1xx_hal_flash.o
                0x08009d50                HAL_FLASH_Program
 .text.FLASH_PageErase
                0x08009df4       0x24 ./Drivers/STM32F1xx_HAL_Driver/Src/stm32f1xx_hal_flash_ex.o
                0x08009df4                FLASH_PageErase
 .text.HAL_FLASHEx_Erase
                0x08009e18       0xa8 ./Drivers/STM32F1xx_HAL_Driver/Src/stm32f1xx_hal_flash_ex.o
                0x08009e18                HAL_FLASHEx_Erase
 .text.HAL_GPIO_Init
                0x08009ec0      0x1a8 ./Drivers/STM32F1xx_HAL_Driver/Src/stm32f1xx_hal_gpio.o
                0x08009ec0                HAL_GPIO_Init
 .text.HAL_GPIO_ReadPin
                0x0800a068        0xc ./Drivers/STM32F1xx_HAL_Driver/Src/stm32f1xx_hal_gpio.o
                0x0800a068                HAL_GPIO_ReadPin
 .text.HAL_GPIO_WritePin
                0x0800a074        0xa ./Drivers/STM32F1xx_HAL_Driver/Src/stm32f1xx_hal_gpio.o
                0x0800a074                HAL_GPIO_WritePin
 .text.HAL_GPIO_TogglePin
                0x0800a07e       0x12 ./Drivers/STM32F1xx_HAL_Driver/Src/stm32f1xx_hal_gpio.o
                0x0800a07e                HAL_GPIO_TogglePin
 .text.HAL_PWR_EnableBkUpAccess
                0x0800a090        0xc ./Drivers/STM32F1xx_HAL_Driver/Src/stm32f1xx_hal_pwr.o
                0x0800a090                HAL_PWR_EnableBkUpAccess
 .text.HAL_RCC_OscConfig
                0x0800a09c      0x340 ./Drivers/STM32F1xx_HAL_Driver/Src/stm32f1xx_hal_rcc.o
                0x0800a09c                HAL_RCC_OscConfig
 .text.HAL_RCC_GetSysClockFreq
                0x0800a3dc       0x4c ./Drivers/STM32F1xx_HAL_Driver/Src/stm32f1xx_hal_rcc.o
                0x0800a3dc                HAL_RCC_GetSysClockFreq
 .text.HAL_RCC_ClockConfig
                0x0800a428      0x138 ./Drivers/STM32F1xx_HAL_Driver/Src/stm32f1xx_hal_rcc.o
                0x0800a428                HAL_RCC_ClockConfig
 .text.HAL_RCC_GetPCLK1Freq
                0x0800a560       0x20 ./Drivers/STM32F1xx_HAL_Driver/Src/stm32f1xx_hal_rcc.o
                0x0800a560                HAL_RCC_GetPCLK1Freq
 .text.HAL_RCC_GetPCLK2Freq
                0x0800a580       0x20 ./Drivers/STM32F1xx_HAL_Driver/Src/stm32f1xx_hal_rcc.o
                0x0800a580                HAL_RCC_GetPCLK2Freq
 .text.HAL_RCCEx_PeriphCLKConfig
                0x0800a5a0       0xf4 ./Drivers/STM32F1xx_HAL_Driver/Src/stm32f1xx_hal_rcc_ex.o
                0x0800a5a0                HAL_RCCEx_PeriphCLKConfig
 .text.HAL_RCCEx_GetPeriphCLKFreq
                0x0800a694       0xbc ./Drivers/STM32F1xx_HAL_Driver/Src/stm32f1xx_hal_rcc_ex.o
                0x0800a694                HAL_RCCEx_GetPeriphCLKFreq
 .text.RTC_ReadTimeCounter
                0x0800a750       0x24 ./Drivers/STM32F1xx_HAL_Driver/Src/stm32f1xx_hal_rtc.o
 .text.RTC_ReadAlarmCounter
                0x0800a774        0xe ./Drivers/STM32F1xx_HAL_Driver/Src/stm32f1xx_hal_rtc.o
 .text.RTC_ByteToBcd2
                0x0800a782       0x16 ./Drivers/STM32F1xx_HAL_Driver/Src/stm32f1xx_hal_rtc.o
 .text.RTC_Bcd2ToByte
                0x0800a798       0x10 ./Drivers/STM32F1xx_HAL_Driver/Src/stm32f1xx_hal_rtc.o
 .text.RTC_WeekDayNum
                0x0800a7a8       0x62 ./Drivers/STM32F1xx_HAL_Driver/Src/stm32f1xx_hal_rtc.o
 .text.RTC_EnterInitMode
                0x0800a80a       0x2e ./Drivers/STM32F1xx_HAL_Driver/Src/stm32f1xx_hal_rtc.o
 .text.RTC_ExitInitMode
                0x0800a838       0x30 ./Drivers/STM32F1xx_HAL_Driver/Src/stm32f1xx_hal_rtc.o
 .text.RTC_WriteTimeCounter
                0x0800a868       0x28 ./Drivers/STM32F1xx_HAL_Driver/Src/stm32f1xx_hal_rtc.o
 .text.RTC_WriteAlarmCounter
                0x0800a890       0x28 ./Drivers/STM32F1xx_HAL_Driver/Src/stm32f1xx_hal_rtc.o
 .text.HAL_RTC_SetTime
                0x0800a8b8       0xa2 ./Drivers/STM32F1xx_HAL_Driver/Src/stm32f1xx_hal_rtc.o
                0x0800a8b8                HAL_RTC_SetTime
 *fill*         0x0800a95a        0x2 
 .text.HAL_RTC_GetTime
                0x0800a95c      0x168 ./Drivers/STM32F1xx_HAL_Driver/Src/stm32f1xx_hal_rtc.o
                0x0800a95c                HAL_RTC_GetTime
 .text.HAL_RTC_SetDate
                0x0800aac4       0xac ./Drivers/STM32F1xx_HAL_Driver/Src/stm32f1xx_hal_rtc.o
                0x0800aac4                HAL_RTC_SetDate
 .text.HAL_RTC_GetDate
                0x0800ab70       0x58 ./Drivers/STM32F1xx_HAL_Driver/Src/stm32f1xx_hal_rtc.o
                0x0800ab70                HAL_RTC_GetDate
 .text.HAL_RTC_WaitForSynchro
                0x0800abc8       0x36 ./Drivers/STM32F1xx_HAL_Driver/Src/stm32f1xx_hal_rtc.o
                0x0800abc8                HAL_RTC_WaitForSynchro
 *fill*         0x0800abfe        0x2 
 .text.HAL_RTC_Init
                0x0800ac00       0x8c ./Drivers/STM32F1xx_HAL_Driver/Src/stm32f1xx_hal_rtc.o
                0x0800ac00                HAL_RTC_Init
 .text.HAL_RTCEx_BKUPWrite
                0x0800ac8c       0x10 ./Drivers/STM32F1xx_HAL_Driver/Src/stm32f1xx_hal_rtc_ex.o
                0x0800ac8c                HAL_RTCEx_BKUPWrite
 .text.HAL_RTCEx_BKUPRead
                0x0800ac9c       0x10 ./Drivers/STM32F1xx_HAL_Driver/Src/stm32f1xx_hal_rtc_ex.o
                0x0800ac9c                HAL_RTCEx_BKUPRead
 .text.TIM_OC1_SetConfig
                0x0800acac       0x50 ./Drivers/STM32F1xx_HAL_Driver/Src/stm32f1xx_hal_tim.o
 .text.TIM_OC3_SetConfig
                0x0800acfc       0x54 ./Drivers/STM32F1xx_HAL_Driver/Src/stm32f1xx_hal_tim.o
 .text.TIM_OC4_SetConfig
                0x0800ad50       0x44 ./Drivers/STM32F1xx_HAL_Driver/Src/stm32f1xx_hal_tim.o
 .text.HAL_TIM_Base_Start_IT
                0x0800ad94       0x54 ./Drivers/STM32F1xx_HAL_Driver/Src/stm32f1xx_hal_tim.o
                0x0800ad94                HAL_TIM_Base_Start_IT
 .text.HAL_TIM_OC_DelayElapsedCallback
                0x0800ade8        0x2 ./Drivers/STM32F1xx_HAL_Driver/Src/stm32f1xx_hal_tim.o
                0x0800ade8                HAL_TIM_OC_DelayElapsedCallback
 .text.HAL_TIM_IC_CaptureCallback
                0x0800adea        0x2 ./Drivers/STM32F1xx_HAL_Driver/Src/stm32f1xx_hal_tim.o
                0x0800adea                HAL_TIM_IC_CaptureCallback
 .text.HAL_TIM_PWM_PulseFinishedCallback
                0x0800adec        0x2 ./Drivers/STM32F1xx_HAL_Driver/Src/stm32f1xx_hal_tim.o
                0x0800adec                HAL_TIM_PWM_PulseFinishedCallback
 .text.HAL_TIM_TriggerCallback
                0x0800adee        0x2 ./Drivers/STM32F1xx_HAL_Driver/Src/stm32f1xx_hal_tim.o
                0x0800adee                HAL_TIM_TriggerCallback
 .text.HAL_TIM_IRQHandler
                0x0800adf0      0x128 ./Drivers/STM32F1xx_HAL_Driver/Src/stm32f1xx_hal_tim.o
                0x0800adf0                HAL_TIM_IRQHandler
 .text.TIM_Base_SetConfig
                0x0800af18       0x64 ./Drivers/STM32F1xx_HAL_Driver/Src/stm32f1xx_hal_tim.o
                0x0800af18                TIM_Base_SetConfig
 .text.HAL_TIM_Base_Init
                0x0800af7c       0x58 ./Drivers/STM32F1xx_HAL_Driver/Src/stm32f1xx_hal_tim.o
                0x0800af7c                HAL_TIM_Base_Init
 .text.HAL_TIM_PWM_Init
                0x0800afd4       0x58 ./Drivers/STM32F1xx_HAL_Driver/Src/stm32f1xx_hal_tim.o
                0x0800afd4                HAL_TIM_PWM_Init
 .text.TIM_OC2_SetConfig
                0x0800b02c       0x58 ./Drivers/STM32F1xx_HAL_Driver/Src/stm32f1xx_hal_tim.o
                0x0800b02c                TIM_OC2_SetConfig
 .text.HAL_TIM_PWM_ConfigChannel
                0x0800b084       0xb0 ./Drivers/STM32F1xx_HAL_Driver/Src/stm32f1xx_hal_tim.o
                0x0800b084                HAL_TIM_PWM_ConfigChannel
 .text.TIM_ETR_SetConfig
                0x0800b134       0x14 ./Drivers/STM32F1xx_HAL_Driver/Src/stm32f1xx_hal_tim.o
                0x0800b134                TIM_ETR_SetConfig
 .text.HAL_TIM_ConfigClockSource
                0x0800b148      0x132 ./Drivers/STM32F1xx_HAL_Driver/Src/stm32f1xx_hal_tim.o
                0x0800b148                HAL_TIM_ConfigClockSource
 .text.TIM_CCxChannelCmd
                0x0800b27a       0x1c ./Drivers/STM32F1xx_HAL_Driver/Src/stm32f1xx_hal_tim.o
                0x0800b27a                TIM_CCxChannelCmd
 *fill*         0x0800b296        0x2 
 .text.HAL_TIM_OC_Start
                0x0800b298       0x9c ./Drivers/STM32F1xx_HAL_Driver/Src/stm32f1xx_hal_tim.o
                0x0800b298                HAL_TIM_OC_Start
 .text.HAL_TIM_PWM_Start
                0x0800b334        0x4 ./Drivers/STM32F1xx_HAL_Driver/Src/stm32f1xx_hal_tim.o
                0x0800b334                HAL_TIM_PWM_Start
 .text.HAL_TIMEx_MasterConfigSynchronization
                0x0800b338       0x5c ./Drivers/STM32F1xx_HAL_Driver/Src/stm32f1xx_hal_tim_ex.o
                0x0800b338                HAL_TIMEx_MasterConfigSynchronization
 .text.HAL_TIMEx_ConfigBreakDeadTime
                0x0800b394       0x4c ./Drivers/STM32F1xx_HAL_Driver/Src/stm32f1xx_hal_tim_ex.o
                0x0800b394                HAL_TIMEx_ConfigBreakDeadTime
 .text.HAL_TIMEx_CommutCallback
                0x0800b3e0        0x2 ./Drivers/STM32F1xx_HAL_Driver/Src/stm32f1xx_hal_tim_ex.o
                0x0800b3e0                HAL_TIMEx_CommutCallback
 .text.HAL_TIMEx_BreakCallback
                0x0800b3e2        0x2 ./Drivers/STM32F1xx_HAL_Driver/Src/stm32f1xx_hal_tim_ex.o
                0x0800b3e2                HAL_TIMEx_BreakCallback
 .text.UART_EndRxTransfer
                0x0800b3e4       0x5c ./Drivers/STM32F1xx_HAL_Driver/Src/stm32f1xx_hal_uart.o
 .text.UART_SetConfig
                0x0800b440       0x74 ./Drivers/STM32F1xx_HAL_Driver/Src/stm32f1xx_hal_uart.o
 .text.HAL_UART_Init
                0x0800b4b4       0x5e ./Drivers/STM32F1xx_HAL_Driver/Src/stm32f1xx_hal_uart.o
                0x0800b4b4                HAL_UART_Init
 .text.HAL_UART_Transmit_IT
                0x0800b512       0x32 ./Drivers/STM32F1xx_HAL_Driver/Src/stm32f1xx_hal_uart.o
                0x0800b512                HAL_UART_Transmit_IT
 .text.HAL_UART_ErrorCallback
                0x0800b544        0x2 ./Drivers/STM32F1xx_HAL_Driver/Src/stm32f1xx_hal_uart.o
                0x0800b544                HAL_UART_ErrorCallback
 .text.UART_DMAAbortOnError
                0x0800b546       0x10 ./Drivers/STM32F1xx_HAL_Driver/Src/stm32f1xx_hal_uart.o
 .text.HAL_UARTEx_RxEventCallback
                0x0800b556        0x2 ./Drivers/STM32F1xx_HAL_Driver/Src/stm32f1xx_hal_uart.o
                0x0800b556                HAL_UARTEx_RxEventCallback
 .text.UART_Receive_IT.isra.0
                0x0800b558       0xb6 ./Drivers/STM32F1xx_HAL_Driver/Src/stm32f1xx_hal_uart.o
 *fill*         0x0800b60e        0x2 
 .text.HAL_UART_IRQHandler
                0x0800b610      0x294 ./Drivers/STM32F1xx_HAL_Driver/Src/stm32f1xx_hal_uart.o
                0x0800b610                HAL_UART_IRQHandler
 .text.UART_Start_Receive_IT
                0x0800b8a4       0x32 ./Drivers/STM32F1xx_HAL_Driver/Src/stm32f1xx_hal_uart.o
                0x0800b8a4                UART_Start_Receive_IT
 .text.HAL_UART_Receive_IT
                0x0800b8d6       0x22 ./Drivers/STM32F1xx_HAL_Driver/Src/stm32f1xx_hal_uart.o
                0x0800b8d6                HAL_UART_Receive_IT
 .text.std      0x0800b8f8       0x6c C:/ST/STM32CubeIDE_1.19.0/STM32CubeIDE/plugins/com.st.stm32cube.ide.mcu.externaltools.gnu-tools-for-stm32.13.3.rel1.win32_1.0.0.202411081344/tools/bin/../lib/gcc/arm-none-eabi/13.3.1/../../../../arm-none-eabi/lib/thumb/v7-m/nofp\libc_nano.a(libc_a-findfp.o)
 .text.stdio_exit_handler
                0x0800b964       0x18 C:/ST/STM32CubeIDE_1.19.0/STM32CubeIDE/plugins/com.st.stm32cube.ide.mcu.externaltools.gnu-tools-for-stm32.13.3.rel1.win32_1.0.0.202411081344/tools/bin/../lib/gcc/arm-none-eabi/13.3.1/../../../../arm-none-eabi/lib/thumb/v7-m/nofp\libc_nano.a(libc_a-findfp.o)
 .text.cleanup_stdio
                0x0800b97c       0x40 C:/ST/STM32CubeIDE_1.19.0/STM32CubeIDE/plugins/com.st.stm32cube.ide.mcu.externaltools.gnu-tools-for-stm32.13.3.rel1.win32_1.0.0.202411081344/tools/bin/../lib/gcc/arm-none-eabi/13.3.1/../../../../arm-none-eabi/lib/thumb/v7-m/nofp\libc_nano.a(libc_a-findfp.o)
 .text.global_stdio_init.part.0
                0x0800b9bc       0x3c C:/ST/STM32CubeIDE_1.19.0/STM32CubeIDE/plugins/com.st.stm32cube.ide.mcu.externaltools.gnu-tools-for-stm32.13.3.rel1.win32_1.0.0.202411081344/tools/bin/../lib/gcc/arm-none-eabi/13.3.1/../../../../arm-none-eabi/lib/thumb/v7-m/nofp\libc_nano.a(libc_a-findfp.o)
 .text.__sfp_lock_acquire
                0x0800b9f8        0xc C:/ST/STM32CubeIDE_1.19.0/STM32CubeIDE/plugins/com.st.stm32cube.ide.mcu.externaltools.gnu-tools-for-stm32.13.3.rel1.win32_1.0.0.202411081344/tools/bin/../lib/gcc/arm-none-eabi/13.3.1/../../../../arm-none-eabi/lib/thumb/v7-m/nofp\libc_nano.a(libc_a-findfp.o)
                0x0800b9f8                __sfp_lock_acquire
 .text.__sfp_lock_release
                0x0800ba04        0xc C:/ST/STM32CubeIDE_1.19.0/STM32CubeIDE/plugins/com.st.stm32cube.ide.mcu.externaltools.gnu-tools-for-stm32.13.3.rel1.win32_1.0.0.202411081344/tools/bin/../lib/gcc/arm-none-eabi/13.3.1/../../../../arm-none-eabi/lib/thumb/v7-m/nofp\libc_nano.a(libc_a-findfp.o)
                0x0800ba04                __sfp_lock_release
 .text.__sinit  0x0800ba10       0x30 C:/ST/STM32CubeIDE_1.19.0/STM32CubeIDE/plugins/com.st.stm32cube.ide.mcu.externaltools.gnu-tools-for-stm32.13.3.rel1.win32_1.0.0.202411081344/tools/bin/../lib/gcc/arm-none-eabi/13.3.1/../../../../arm-none-eabi/lib/thumb/v7-m/nofp\libc_nano.a(libc_a-findfp.o)
                0x0800ba10                __sinit
 .text._fwalk_sglue
                0x0800ba40       0x3c C:/ST/STM32CubeIDE_1.19.0/STM32CubeIDE/plugins/com.st.stm32cube.ide.mcu.externaltools.gnu-tools-for-stm32.13.3.rel1.win32_1.0.0.202411081344/tools/bin/../lib/gcc/arm-none-eabi/13.3.1/../../../../arm-none-eabi/lib/thumb/v7-m/nofp\libc_nano.a(libc_a-fwalk.o)
                0x0800ba40                _fwalk_sglue
 .text._puts_r  0x0800ba7c       0xaa C:/ST/STM32CubeIDE_1.19.0/STM32CubeIDE/plugins/com.st.stm32cube.ide.mcu.externaltools.gnu-tools-for-stm32.13.3.rel1.win32_1.0.0.202411081344/tools/bin/../lib/gcc/arm-none-eabi/13.3.1/../../../../arm-none-eabi/lib/thumb/v7-m/nofp\libc_nano.a(libc_a-puts.o)
                0x0800ba7c                _puts_r
 *fill*         0x0800bb26        0x2 
 .text.puts     0x0800bb28       0x10 C:/ST/STM32CubeIDE_1.19.0/STM32CubeIDE/plugins/com.st.stm32cube.ide.mcu.externaltools.gnu-tools-for-stm32.13.3.rel1.win32_1.0.0.202411081344/tools/bin/../lib/gcc/arm-none-eabi/13.3.1/../../../../arm-none-eabi/lib/thumb/v7-m/nofp\libc_nano.a(libc_a-puts.o)
                0x0800bb28                puts
 .text.__sread  0x0800bb38       0x22 C:/ST/STM32CubeIDE_1.19.0/STM32CubeIDE/plugins/com.st.stm32cube.ide.mcu.externaltools.gnu-tools-for-stm32.13.3.rel1.win32_1.0.0.202411081344/tools/bin/../lib/gcc/arm-none-eabi/13.3.1/../../../../arm-none-eabi/lib/thumb/v7-m/nofp\libc_nano.a(libc_a-stdio.o)
                0x0800bb38                __sread
 .text.__swrite
                0x0800bb5a       0x38 C:/ST/STM32CubeIDE_1.19.0/STM32CubeIDE/plugins/com.st.stm32cube.ide.mcu.externaltools.gnu-tools-for-stm32.13.3.rel1.win32_1.0.0.202411081344/tools/bin/../lib/gcc/arm-none-eabi/13.3.1/../../../../arm-none-eabi/lib/thumb/v7-m/nofp\libc_nano.a(libc_a-stdio.o)
                0x0800bb5a                __swrite
 .text.__sseek  0x0800bb92       0x24 C:/ST/STM32CubeIDE_1.19.0/STM32CubeIDE/plugins/com.st.stm32cube.ide.mcu.externaltools.gnu-tools-for-stm32.13.3.rel1.win32_1.0.0.202411081344/tools/bin/../lib/gcc/arm-none-eabi/13.3.1/../../../../arm-none-eabi/lib/thumb/v7-m/nofp\libc_nano.a(libc_a-stdio.o)
                0x0800bb92                __sseek
 .text.__sclose
                0x0800bbb6        0x8 C:/ST/STM32CubeIDE_1.19.0/STM32CubeIDE/plugins/com.st.stm32cube.ide.mcu.externaltools.gnu-tools-for-stm32.13.3.rel1.win32_1.0.0.202411081344/tools/bin/../lib/gcc/arm-none-eabi/13.3.1/../../../../arm-none-eabi/lib/thumb/v7-m/nofp\libc_nano.a(libc_a-stdio.o)
                0x0800bbb6                __sclose
 .text.__swbuf_r
                0x0800bbbe       0x7c C:/ST/STM32CubeIDE_1.19.0/STM32CubeIDE/plugins/com.st.stm32cube.ide.mcu.externaltools.gnu-tools-for-stm32.13.3.rel1.win32_1.0.0.202411081344/tools/bin/../lib/gcc/arm-none-eabi/13.3.1/../../../../arm-none-eabi/lib/thumb/v7-m/nofp\libc_nano.a(libc_a-wbuf.o)
                0x0800bbbe                __swbuf_r
 *fill*         0x0800bc3a        0x2 
 .text.__swsetup_r
                0x0800bc3c       0xac C:/ST/STM32CubeIDE_1.19.0/STM32CubeIDE/plugins/com.st.stm32cube.ide.mcu.externaltools.gnu-tools-for-stm32.13.3.rel1.win32_1.0.0.202411081344/tools/bin/../lib/gcc/arm-none-eabi/13.3.1/../../../../arm-none-eabi/lib/thumb/v7-m/nofp\libc_nano.a(libc_a-wsetup.o)
                0x0800bc3c                __swsetup_r
 .text.memset   0x0800bce8       0x10 C:/ST/STM32CubeIDE_1.19.0/STM32CubeIDE/plugins/com.st.stm32cube.ide.mcu.externaltools.gnu-tools-for-stm32.13.3.rel1.win32_1.0.0.202411081344/tools/bin/../lib/gcc/arm-none-eabi/13.3.1/../../../../arm-none-eabi/lib/thumb/v7-m/nofp\libc_nano.a(libc_a-memset.o)
                0x0800bce8                memset
 .text._close_r
                0x0800bcf8       0x20 C:/ST/STM32CubeIDE_1.19.0/STM32CubeIDE/plugins/com.st.stm32cube.ide.mcu.externaltools.gnu-tools-for-stm32.13.3.rel1.win32_1.0.0.202411081344/tools/bin/../lib/gcc/arm-none-eabi/13.3.1/../../../../arm-none-eabi/lib/thumb/v7-m/nofp\libc_nano.a(libc_a-closer.o)
                0x0800bcf8                _close_r
 .text._lseek_r
                0x0800bd18       0x24 C:/ST/STM32CubeIDE_1.19.0/STM32CubeIDE/plugins/com.st.stm32cube.ide.mcu.externaltools.gnu-tools-for-stm32.13.3.rel1.win32_1.0.0.202411081344/tools/bin/../lib/gcc/arm-none-eabi/13.3.1/../../../../arm-none-eabi/lib/thumb/v7-m/nofp\libc_nano.a(libc_a-lseekr.o)
                0x0800bd18                _lseek_r
 .text._read_r  0x0800bd3c       0x24 C:/ST/STM32CubeIDE_1.19.0/STM32CubeIDE/plugins/com.st.stm32cube.ide.mcu.externaltools.gnu-tools-for-stm32.13.3.rel1.win32_1.0.0.202411081344/tools/bin/../lib/gcc/arm-none-eabi/13.3.1/../../../../arm-none-eabi/lib/thumb/v7-m/nofp\libc_nano.a(libc_a-readr.o)
                0x0800bd3c                _read_r
 .text._write_r
                0x0800bd60       0x24 C:/ST/STM32CubeIDE_1.19.0/STM32CubeIDE/plugins/com.st.stm32cube.ide.mcu.externaltools.gnu-tools-for-stm32.13.3.rel1.win32_1.0.0.202411081344/tools/bin/../lib/gcc/arm-none-eabi/13.3.1/../../../../arm-none-eabi/lib/thumb/v7-m/nofp\libc_nano.a(libc_a-writer.o)
                0x0800bd60                _write_r
 .text.__errno  0x0800bd84        0xc C:/ST/STM32CubeIDE_1.19.0/STM32CubeIDE/plugins/com.st.stm32cube.ide.mcu.externaltools.gnu-tools-for-stm32.13.3.rel1.win32_1.0.0.202411081344/tools/bin/../lib/gcc/arm-none-eabi/13.3.1/../../../../arm-none-eabi/lib/thumb/v7-m/nofp\libc_nano.a(libc_a-errno.o)
                0x0800bd84                __errno
 .text.__libc_init_array
                0x0800bd90       0x48 C:/ST/STM32CubeIDE_1.19.0/STM32CubeIDE/plugins/com.st.stm32cube.ide.mcu.externaltools.gnu-tools-for-stm32.13.3.rel1.win32_1.0.0.202411081344/tools/bin/../lib/gcc/arm-none-eabi/13.3.1/../../../../arm-none-eabi/lib/thumb/v7-m/nofp\libc_nano.a(libc_a-init.o)
                0x0800bd90                __libc_init_array
 .text.__retarget_lock_init_recursive
                0x0800bdd8        0x2 C:/ST/STM32CubeIDE_1.19.0/STM32CubeIDE/plugins/com.st.stm32cube.ide.mcu.externaltools.gnu-tools-for-stm32.13.3.rel1.win32_1.0.0.202411081344/tools/bin/../lib/gcc/arm-none-eabi/13.3.1/../../../../arm-none-eabi/lib/thumb/v7-m/nofp\libc_nano.a(libc_a-lock.o)
                0x0800bdd8                __retarget_lock_init_recursive
 .text.__retarget_lock_acquire_recursive
                0x0800bdda        0x2 C:/ST/STM32CubeIDE_1.19.0/STM32CubeIDE/plugins/com.st.stm32cube.ide.mcu.externaltools.gnu-tools-for-stm32.13.3.rel1.win32_1.0.0.202411081344/tools/bin/../lib/gcc/arm-none-eabi/13.3.1/../../../../arm-none-eabi/lib/thumb/v7-m/nofp\libc_nano.a(libc_a-lock.o)
                0x0800bdda                __retarget_lock_acquire_recursive
 .text.__retarget_lock_release_recursive
                0x0800bddc        0x2 C:/ST/STM32CubeIDE_1.19.0/STM32CubeIDE/plugins/com.st.stm32cube.ide.mcu.externaltools.gnu-tools-for-stm32.13.3.rel1.win32_1.0.0.202411081344/tools/bin/../lib/gcc/arm-none-eabi/13.3.1/../../../../arm-none-eabi/lib/thumb/v7-m/nofp\libc_nano.a(libc_a-lock.o)
                0x0800bddc                __retarget_lock_release_recursive
 *fill*         0x0800bdde        0x2 
 .text._free_r  0x0800bde0       0x90 C:/ST/STM32CubeIDE_1.19.0/STM32CubeIDE/plugins/com.st.stm32cube.ide.mcu.externaltools.gnu-tools-for-stm32.13.3.rel1.win32_1.0.0.202411081344/tools/bin/../lib/gcc/arm-none-eabi/13.3.1/../../../../arm-none-eabi/lib/thumb/v7-m/nofp\libc_nano.a(libc_a-freer.o)
                0x0800bde0                _free_r
 .text.sbrk_aligned
                0x0800be70       0x44 C:/ST/STM32CubeIDE_1.19.0/STM32CubeIDE/plugins/com.st.stm32cube.ide.mcu.externaltools.gnu-tools-for-stm32.13.3.rel1.win32_1.0.0.202411081344/tools/bin/../lib/gcc/arm-none-eabi/13.3.1/../../../../arm-none-eabi/lib/thumb/v7-m/nofp\libc_nano.a(libc_a-mallocr.o)
 .text._malloc_r
                0x0800beb4      0x100 C:/ST/STM32CubeIDE_1.19.0/STM32CubeIDE/plugins/com.st.stm32cube.ide.mcu.externaltools.gnu-tools-for-stm32.13.3.rel1.win32_1.0.0.202411081344/tools/bin/../lib/gcc/arm-none-eabi/13.3.1/../../../../arm-none-eabi/lib/thumb/v7-m/nofp\libc_nano.a(libc_a-mallocr.o)
                0x0800beb4                _malloc_r
 .text.__malloc_lock
                0x0800bfb4        0xc C:/ST/STM32CubeIDE_1.19.0/STM32CubeIDE/plugins/com.st.stm32cube.ide.mcu.externaltools.gnu-tools-for-stm32.13.3.rel1.win32_1.0.0.202411081344/tools/bin/../lib/gcc/arm-none-eabi/13.3.1/../../../../arm-none-eabi/lib/thumb/v7-m/nofp\libc_nano.a(libc_a-mlock.o)
                0x0800bfb4                __malloc_lock
 .text.__malloc_unlock
                0x0800bfc0        0xc C:/ST/STM32CubeIDE_1.19.0/STM32CubeIDE/plugins/com.st.stm32cube.ide.mcu.externaltools.gnu-tools-for-stm32.13.3.rel1.win32_1.0.0.202411081344/tools/bin/../lib/gcc/arm-none-eabi/13.3.1/../../../../arm-none-eabi/lib/thumb/v7-m/nofp\libc_nano.a(libc_a-mlock.o)
                0x0800bfc0                __malloc_unlock
 .text.__sflush_r
                0x0800bfcc      0x100 C:/ST/STM32CubeIDE_1.19.0/STM32CubeIDE/plugins/com.st.stm32cube.ide.mcu.externaltools.gnu-tools-for-stm32.13.3.rel1.win32_1.0.0.202411081344/tools/bin/../lib/gcc/arm-none-eabi/13.3.1/../../../../arm-none-eabi/lib/thumb/v7-m/nofp\libc_nano.a(libc_a-fflush.o)
                0x0800bfcc                __sflush_r
 .text._fflush_r
                0x0800c0cc       0x50 C:/ST/STM32CubeIDE_1.19.0/STM32CubeIDE/plugins/com.st.stm32cube.ide.mcu.externaltools.gnu-tools-for-stm32.13.3.rel1.win32_1.0.0.202411081344/tools/bin/../lib/gcc/arm-none-eabi/13.3.1/../../../../arm-none-eabi/lib/thumb/v7-m/nofp\libc_nano.a(libc_a-fflush.o)
                0x0800c0cc                _fflush_r
 .text.__swhatbuf_r
                0x0800c11c       0x4a C:/ST/STM32CubeIDE_1.19.0/STM32CubeIDE/plugins/com.st.stm32cube.ide.mcu.externaltools.gnu-tools-for-stm32.13.3.rel1.win32_1.0.0.202411081344/tools/bin/../lib/gcc/arm-none-eabi/13.3.1/../../../../arm-none-eabi/lib/thumb/v7-m/nofp\libc_nano.a(libc_a-makebuf.o)
                0x0800c11c                __swhatbuf_r
 .text.__smakebuf_r
                0x0800c166       0x78 C:/ST/STM32CubeIDE_1.19.0/STM32CubeIDE/plugins/com.st.stm32cube.ide.mcu.externaltools.gnu-tools-for-stm32.13.3.rel1.win32_1.0.0.202411081344/tools/bin/../lib/gcc/arm-none-eabi/13.3.1/../../../../arm-none-eabi/lib/thumb/v7-m/nofp\libc_nano.a(libc_a-makebuf.o)
                0x0800c166                __smakebuf_r
 *fill*         0x0800c1de        0x2 
 .text._fstat_r
                0x0800c1e0       0x24 C:/ST/STM32CubeIDE_1.19.0/STM32CubeIDE/plugins/com.st.stm32cube.ide.mcu.externaltools.gnu-tools-for-stm32.13.3.rel1.win32_1.0.0.202411081344/tools/bin/../lib/gcc/arm-none-eabi/13.3.1/../../../../arm-none-eabi/lib/thumb/v7-m/nofp\libc_nano.a(libc_a-fstatr.o)
                0x0800c1e0                _fstat_r
 .text._isatty_r
                0x0800c204       0x20 C:/ST/STM32CubeIDE_1.19.0/STM32CubeIDE/plugins/com.st.stm32cube.ide.mcu.externaltools.gnu-tools-for-stm32.13.3.rel1.win32_1.0.0.202411081344/tools/bin/../lib/gcc/arm-none-eabi/13.3.1/../../../../arm-none-eabi/lib/thumb/v7-m/nofp\libc_nano.a(libc_a-isattyr.o)
                0x0800c204                _isatty_r
 .text._sbrk_r  0x0800c224       0x20 C:/ST/STM32CubeIDE_1.19.0/STM32CubeIDE/plugins/com.st.stm32cube.ide.mcu.externaltools.gnu-tools-for-stm32.13.3.rel1.win32_1.0.0.202411081344/tools/bin/../lib/gcc/arm-none-eabi/13.3.1/../../../../arm-none-eabi/lib/thumb/v7-m/nofp\libc_nano.a(libc_a-sbrkr.o)
                0x0800c224                _sbrk_r
 .text.log      0x0800c244       0x64 C:/ST/STM32CubeIDE_1.19.0/STM32CubeIDE/plugins/com.st.stm32cube.ide.mcu.externaltools.gnu-tools-for-stm32.13.3.rel1.win32_1.0.0.202411081344/tools/bin/../lib/gcc/arm-none-eabi/13.3.1/../../../../arm-none-eabi/lib/thumb/v7-m/nofp\libm.a(libm_a-w_log.o)
                0x0800c244                log
 .text.nan      0x0800c2a8        0xc C:/ST/STM32CubeIDE_1.19.0/STM32CubeIDE/plugins/com.st.stm32cube.ide.mcu.externaltools.gnu-tools-for-stm32.13.3.rel1.win32_1.0.0.202411081344/tools/bin/../lib/gcc/arm-none-eabi/13.3.1/../../../../arm-none-eabi/lib/thumb/v7-m/nofp\libm.a(libm_a-s_nan.o)
                0x0800c2a8                nan
 *fill*         0x0800c2b4        0x4 
 .text.__ieee754_log
                0x0800c2b8      0x364 C:/ST/STM32CubeIDE_1.19.0/STM32CubeIDE/plugins/com.st.stm32cube.ide.mcu.externaltools.gnu-tools-for-stm32.13.3.rel1.win32_1.0.0.202411081344/tools/bin/../lib/gcc/arm-none-eabi/13.3.1/../../../../arm-none-eabi/lib/thumb/v7-m/nofp\libm.a(libm_a-e_log.o)
                0x0800c2b8                __ieee754_log
 *(.glue_7)
 .glue_7        0x0800c61c        0x0 linker stubs
 *(.glue_7t)
 .glue_7t       0x0800c61c        0x0 linker stubs
 *(.eh_frame)
 .eh_frame      0x0800c61c        0x0 C:/ST/STM32CubeIDE_1.19.0/STM32CubeIDE/plugins/com.st.stm32cube.ide.mcu.externaltools.gnu-tools-for-stm32.13.3.rel1.win32_1.0.0.202411081344/tools/bin/../lib/gcc/arm-none-eabi/13.3.1/thumb/v7-m/nofp/crtbegin.o
 *(.init)
 .init          0x0800c61c        0x4 C:/ST/STM32CubeIDE_1.19.0/STM32CubeIDE/plugins/com.st.stm32cube.ide.mcu.externaltools.gnu-tools-for-stm32.13.3.rel1.win32_1.0.0.202411081344/tools/bin/../lib/gcc/arm-none-eabi/13.3.1/thumb/v7-m/nofp/crti.o
                0x0800c61c                _init
 .init          0x0800c620        0x8 C:/ST/STM32CubeIDE_1.19.0/STM32CubeIDE/plugins/com.st.stm32cube.ide.mcu.externaltools.gnu-tools-for-stm32.13.3.rel1.win32_1.0.0.202411081344/tools/bin/../lib/gcc/arm-none-eabi/13.3.1/thumb/v7-m/nofp/crtn.o
 *(.fini)
 .fini          0x0800c628        0x4 C:/ST/STM32CubeIDE_1.19.0/STM32CubeIDE/plugins/com.st.stm32cube.ide.mcu.externaltools.gnu-tools-for-stm32.13.3.rel1.win32_1.0.0.202411081344/tools/bin/../lib/gcc/arm-none-eabi/13.3.1/thumb/v7-m/nofp/crti.o
                0x0800c628                _fini
 .fini          0x0800c62c        0x8 C:/ST/STM32CubeIDE_1.19.0/STM32CubeIDE/plugins/com.st.stm32cube.ide.mcu.externaltools.gnu-tools-for-stm32.13.3.rel1.win32_1.0.0.202411081344/tools/bin/../lib/gcc/arm-none-eabi/13.3.1/thumb/v7-m/nofp/crtn.o
                0x0800c634                        . = ALIGN (0x4)
                0x0800c634                        _etext = .

.vfp11_veneer   0x0800c634        0x0
 .vfp11_veneer  0x0800c634        0x0 linker stubs

.v4_bx          0x0800c634        0x0
 .v4_bx         0x0800c634        0x0 linker stubs

.iplt           0x0800c634        0x0
 .iplt          0x0800c634        0x0 C:/ST/STM32CubeIDE_1.19.0/STM32CubeIDE/plugins/com.st.stm32cube.ide.mcu.externaltools.gnu-tools-for-stm32.13.3.rel1.win32_1.0.0.202411081344/tools/bin/../lib/gcc/arm-none-eabi/13.3.1/thumb/v7-m/nofp/crtbegin.o

.rodata         0x0800c634       0x70
                0x0800c634                        . = ALIGN (0x4)
 *(.rodata)
 *(.rodata*)
 .rodata.trackStateTransition.str1.1
                0x0800c634       0x31 ./Core/Src/state_machine.o
                                 0x18 (size before relaxing)
 .rodata.changeState.str1.1
                0x0800c665       0x19 ./Core/Src/state_machine.o
 .rodata.APBPrescTable
                0x0800c665        0x8 ./Core/Src/system_stm32f1xx.o
                0x0800c665                APBPrescTable
 .rodata.AHBPrescTable
                0x0800c66d       0x10 ./Core/Src/system_stm32f1xx.o
                0x0800c66d                AHBPrescTable
 .rodata.aPredivFactorTable.0
                0x0800c67d        0x2 ./Drivers/STM32F1xx_HAL_Driver/Src/stm32f1xx_hal_rcc.o
 .rodata.aPLLMULFactorTable.1
                0x0800c67f       0x10 ./Drivers/STM32F1xx_HAL_Driver/Src/stm32f1xx_hal_rcc.o
 .rodata.aPredivFactorTable.0
                0x0800c68f        0x2 ./Drivers/STM32F1xx_HAL_Driver/Src/stm32f1xx_hal_rcc_ex.o
 .rodata.aPLLMULFactorTable.1
                0x0800c691       0x10 ./Drivers/STM32F1xx_HAL_Driver/Src/stm32f1xx_hal_rcc_ex.o
 .rodata.log.str1.1
                0x0800c6a1        0x1 C:/ST/STM32CubeIDE_1.19.0/STM32CubeIDE/plugins/com.st.stm32cube.ide.mcu.externaltools.gnu-tools-for-stm32.13.3.rel1.win32_1.0.0.202411081344/tools/bin/../lib/gcc/arm-none-eabi/13.3.1/../../../../arm-none-eabi/lib/thumb/v7-m/nofp\libm.a(libm_a-w_log.o)
                0x0800c6a4                        . = ALIGN (0x4)
 *fill*         0x0800c6a1        0x3 

.ARM.extab      0x0800c6a4        0x0
                0x0800c6a4                        . = ALIGN (0x4)
 *(.ARM.extab* .gnu.linkonce.armextab.*)
                0x0800c6a4                        . = ALIGN (0x4)

.ARM            0x0800c6a4        0x8
                0x0800c6a4                        . = ALIGN (0x4)
                0x0800c6a4                        __exidx_start = .
 *(.ARM.exidx*)
 .ARM.exidx     0x0800c6a4        0x8 C:/ST/STM32CubeIDE_1.19.0/STM32CubeIDE/plugins/com.st.stm32cube.ide.mcu.externaltools.gnu-tools-for-stm32.13.3.rel1.win32_1.0.0.202411081344/tools/bin/../lib/gcc/arm-none-eabi/13.3.1/thumb/v7-m/nofp\libgcc.a(_udivmoddi4.o)
                0x0800c6ac                        __exidx_end = .
                0x0800c6ac                        . = ALIGN (0x4)

.rel.dyn        0x0800c6ac        0x0
 .rel.iplt      0x0800c6ac        0x0 C:/ST/STM32CubeIDE_1.19.0/STM32CubeIDE/plugins/com.st.stm32cube.ide.mcu.externaltools.gnu-tools-for-stm32.13.3.rel1.win32_1.0.0.202411081344/tools/bin/../lib/gcc/arm-none-eabi/13.3.1/thumb/v7-m/nofp/crtbegin.o

.preinit_array  0x0800c6ac        0x0
                0x0800c6ac                        . = ALIGN (0x4)
                0x0800c6ac                        PROVIDE (__preinit_array_start = .)
 *(.preinit_array*)
                0x0800c6ac                        PROVIDE (__preinit_array_end = .)
                0x0800c6ac                        . = ALIGN (0x4)

.init_array     0x0800c6ac        0x4
                0x0800c6ac                        . = ALIGN (0x4)
                0x0800c6ac                        PROVIDE (__init_array_start = .)
 *(SORT_BY_NAME(.init_array.*))
 *(.init_array*)
 .init_array    0x0800c6ac        0x4 C:/ST/STM32CubeIDE_1.19.0/STM32CubeIDE/plugins/com.st.stm32cube.ide.mcu.externaltools.gnu-tools-for-stm32.13.3.rel1.win32_1.0.0.202411081344/tools/bin/../lib/gcc/arm-none-eabi/13.3.1/thumb/v7-m/nofp/crtbegin.o
                0x0800c6b0                        PROVIDE (__init_array_end = .)
                0x0800c6b0                        . = ALIGN (0x4)

.fini_array     0x0800c6b0        0x4
                0x0800c6b0                        . = ALIGN (0x4)
                [!provide]                        PROVIDE (__fini_array_start = .)
 *(SORT_BY_NAME(.fini_array.*))
 *(.fini_array*)
 .fini_array    0x0800c6b0        0x4 C:/ST/STM32CubeIDE_1.19.0/STM32CubeIDE/plugins/com.st.stm32cube.ide.mcu.externaltools.gnu-tools-for-stm32.13.3.rel1.win32_1.0.0.202411081344/tools/bin/../lib/gcc/arm-none-eabi/13.3.1/thumb/v7-m/nofp/crtbegin.o
                [!provide]                        PROVIDE (__fini_array_end = .)
                0x0800c6b4                        . = ALIGN (0x4)
                0x0800c6b4                        _sidata = LOADADDR (.data)

.data           0x20000000       0x78 load address 0x0800c6b4
                0x20000000                        . = ALIGN (0x4)
                0x20000000                        _sdata = .
 *(.data)
 *(.data*)
 .data.Modbus_RxSerialState
                0x20000000        0x1 ./Core/Inc/modbus_devices/modbusRTU.o
 .data.RxSerialState
                0x20000001        0x1 ./Core/Src/CSMS.o
 *fill*         0x20000002        0x2 
 .data.u_prev   0x20000004        0x4 ./Core/Src/control_pilot.o
                0x20000004                u_prev
 .data.adc_min  0x20000008        0x4 ./Core/Src/control_pilot.o
                0x20000008                adc_min
 .data.networkSide_bootup
                0x2000000c        0x1 ./Core/Src/data_structures.o
                0x2000000c                networkSide_bootup
 .data.stateEntry_flag
                0x2000000d        0x1 ./Core/Src/state_machine.o
                0x2000000d                stateEntry_flag
 *fill*         0x2000000e        0x2 
 .data.SystemCoreClock
                0x20000010        0x4 ./Core/Src/system_stm32f1xx.o
                0x20000010                SystemCoreClock
 .data.uwTickFreq
                0x20000014        0x1 ./Drivers/STM32F1xx_HAL_Driver/Src/stm32f1xx_hal.o
                0x20000014                uwTickFreq
 *fill*         0x20000015        0x3 
 .data.uwTickPrio
                0x20000018        0x4 ./Drivers/STM32F1xx_HAL_Driver/Src/stm32f1xx_hal.o
                0x20000018                uwTickPrio
 .data.__sglue  0x2000001c        0xc C:/ST/STM32CubeIDE_1.19.0/STM32CubeIDE/plugins/com.st.stm32cube.ide.mcu.externaltools.gnu-tools-for-stm32.13.3.rel1.win32_1.0.0.202411081344/tools/bin/../lib/gcc/arm-none-eabi/13.3.1/../../../../arm-none-eabi/lib/thumb/v7-m/nofp\libc_nano.a(libc_a-findfp.o)
                0x2000001c                __sglue
 .data._impure_ptr
                0x20000028        0x4 C:/ST/STM32CubeIDE_1.19.0/STM32CubeIDE/plugins/com.st.stm32cube.ide.mcu.externaltools.gnu-tools-for-stm32.13.3.rel1.win32_1.0.0.202411081344/tools/bin/../lib/gcc/arm-none-eabi/13.3.1/../../../../arm-none-eabi/lib/thumb/v7-m/nofp\libc_nano.a(libc_a-impure.o)
                0x20000028                _impure_ptr
 .data._impure_data
                0x2000002c       0x4c C:/ST/STM32CubeIDE_1.19.0/STM32CubeIDE/plugins/com.st.stm32cube.ide.mcu.externaltools.gnu-tools-for-stm32.13.3.rel1.win32_1.0.0.202411081344/tools/bin/../lib/gcc/arm-none-eabi/13.3.1/../../../../arm-none-eabi/lib/thumb/v7-m/nofp\libc_nano.a(libc_a-impure.o)
                0x2000002c                _impure_data
 *(.RamFunc)
 *(.RamFunc*)
                0x20000078                        . = ALIGN (0x4)
                0x20000078                        _edata = .

.igot.plt       0x20000078        0x0 load address 0x0800c72c
 .igot.plt      0x20000078        0x0 C:/ST/STM32CubeIDE_1.19.0/STM32CubeIDE/plugins/com.st.stm32cube.ide.mcu.externaltools.gnu-tools-for-stm32.13.3.rel1.win32_1.0.0.202411081344/tools/bin/../lib/gcc/arm-none-eabi/13.3.1/thumb/v7-m/nofp/crtbegin.o
                0x20000078                        . = ALIGN (0x4)

.bss            0x20000078     0x185c load address 0x0800c72c
                0x20000078                        _sbss = .
                0x20000078                        __bss_start__ = _sbss
 *(.bss)
 .bss           0x20000078       0x1c C:/ST/STM32CubeIDE_1.19.0/STM32CubeIDE/plugins/com.st.stm32cube.ide.mcu.externaltools.gnu-tools-for-stm32.13.3.rel1.win32_1.0.0.202411081344/tools/bin/../lib/gcc/arm-none-eabi/13.3.1/thumb/v7-m/nofp/crtbegin.o
 *(.bss*)
 .bss.threePhaseMeter
                0x20000094        0x1 ./Core/Inc/modbus_devices/eMeter.o
                0x20000094                threePhaseMeter
 .bss.singlePhaseMeter
                0x20000095        0x1 ./Core/Inc/modbus_devices/eMeter.o
                0x20000095                singlePhaseMeter
 .bss.identifyMeter
                0x20000096        0x1 ./Core/Inc/modbus_devices/eMeter.o
                0x20000096                identifyMeter
 .bss.emeter_bootup
                0x20000097        0x1 ./Core/Inc/modbus_devices/eMeter.o
                0x20000097                emeter_bootup
 .bss.ADL       0x20000098       0x30 ./Core/Inc/modbus_devices/eMeter.o
                0x20000098                ADL
 .bss.RxCount.0
                0x200000c8        0x1 ./Core/Inc/modbus_devices/modbusRTU.o
 .bss.length.1  0x200000c9        0x1 ./Core/Inc/modbus_devices/modbusRTU.o
 .bss.instruction.2
                0x200000ca        0x1 ./Core/Inc/modbus_devices/modbusRTU.o
 .bss.index.3   0x200000cb        0x1 ./Core/Inc/modbus_devices/modbusRTU.o
 .bss.ModbusRxError
                0x200000cc        0x1 ./Core/Inc/modbus_devices/modbusRTU.o
                0x200000cc                ModbusRxError
 .bss.RxRetryCount
                0x200000cd        0x1 ./Core/Inc/modbus_devices/modbusRTU.o
 .bss.RxPcktCpltFlag
                0x200000ce        0x1 ./Core/Inc/modbus_devices/modbusRTU.o
 .bss.RxBufferPos
                0x200000cf        0x1 ./Core/Inc/modbus_devices/modbusRTU.o
 .bss.RxBuffer  0x200000d0       0x64 ./Core/Inc/modbus_devices/modbusRTU.o
 .bss.RxBusTimeout
                0x20000134        0x4 ./Core/Inc/modbus_devices/modbusRTU.o
 .bss.sniffTxInterval
                0x20000138        0x4 ./Core/Inc/modbus_devices/modbusRTU.o
 .bss.RxTimeoutInterval
                0x2000013c        0x2 ./Core/Inc/modbus_devices/modbusRTU.o
 .bss.TxCycleInterval
                0x2000013e        0x2 ./Core/Inc/modbus_devices/modbusRTU.o
 .bss.TxInterval
                0x20000140        0x2 ./Core/Inc/modbus_devices/modbusRTU.o
 .bss.rxFlag    0x20000142        0x1 ./Core/Inc/modbus_devices/modbusRTU.o
 .bss.txFlag    0x20000143        0x1 ./Core/Inc/modbus_devices/modbusRTU.o
 .bss.txID      0x20000144        0x4 ./Core/Inc/modbus_devices/modbusRTU.o
 .bss.Modbus_Queue
                0x20000148      0x8a4 ./Core/Inc/modbus_devices/modbusRTU.o
                0x20000148                Modbus_Queue
 .bss.index.0   0x200009ec        0x1 ./Core/Src/CSMS.o
 .bss.RxCount.1
                0x200009ed        0x1 ./Core/Src/CSMS.o
 .bss.RxBufferFlush.2
                0x200009ee        0x1 ./Core/Src/CSMS.o
 .bss.instruction.3
                0x200009ef        0x1 ./Core/Src/CSMS.o
 .bss.RxSerialFaultTimeout
                0x200009f0        0x4 ./Core/Src/CSMS.o
 .bss.RxBusTimeout
                0x200009f4        0x4 ./Core/Src/CSMS.o
 .bss.rxFlag    0x200009f8        0x1 ./Core/Src/CSMS.o
 *fill*         0x200009f9        0x3 
 .bss.pingPongCount
                0x200009fc        0x4 ./Core/Src/CSMS.o
 .bss.RxPcktCpltFlag
                0x20000a00        0x1 ./Core/Src/CSMS.o
 .bss.RxBufferPos
                0x20000a01        0x1 ./Core/Src/CSMS.o
 .bss.RxBuffer  0x20000a02       0x64 ./Core/Src/CSMS.o
 .bss.CSMS_Queue
                0x20000a66      0x662 ./Core/Src/CSMS.o
                0x20000a66                CSMS_Queue
 .bss.CSMS      0x200010c8       0x1e ./Core/Src/CSMS.o
                0x200010c8                CSMS
 *fill*         0x200010e6        0x2 
 .bss.EraseInitStruct.0
                0x200010e8       0x10 ./Core/Src/OTA.o
 .bss.OTA_flag  0x200010f8        0x1 ./Core/Src/OTA.o
                0x200010f8                OTA_flag
 *fill*         0x200010f9        0x3 
 .bss.hdma_adc1
                0x200010fc       0x44 ./Core/Src/adc.o
                0x200010fc                hdma_adc1
 .bss.hadc1     0x20001140       0x30 ./Core/Src/adc.o
                0x20001140                hadc1
 .bss.hw_version
                0x20001170        0x3 ./Core/Src/charge_config.o
                0x20001170                hw_version
 *fill*         0x20001173        0x1 
 .bss.config_set
                0x20001174       0x12 ./Core/Src/charge_config.o
                0x20001174                config_set
 .bss.config_get
                0x20001186       0x12 ./Core/Src/charge_config.o
                0x20001186                config_get
 .bss.charger_configSet
                0x20001198       0x1c ./Core/Src/charge_config.o
                0x20001198                charger_configSet
 .bss.charger_configGet
                0x200011b4       0x1c ./Core/Src/charge_config.o
                0x200011b4                charger_configGet
 .bss.Iuti_f    0x200011d0        0x4 ./Core/Src/control_pilot.o
                0x200011d0                Iuti_f
 .bss.SetCurrent
                0x200011d4        0x4 ./Core/Src/control_pilot.o
                0x200011d4                SetCurrent
 .bss.cp_calibrate
                0x200011d8        0x1 ./Core/Src/control_pilot.o
                0x200011d8                cp_calibrate
 .bss.vehicle_checkOutCounter
                0x200011d9        0x1 ./Core/Src/control_pilot.o
                0x200011d9                vehicle_checkOutCounter
 .bss.vehicle_checkInCounter
                0x200011da        0x1 ./Core/Src/control_pilot.o
                0x200011da                vehicle_checkInCounter
 *fill*         0x200011db        0x1 
 .bss.readCP    0x200011dc        0x6 ./Core/Src/control_pilot.o
                0x200011dc                readCP
 .bss.saveCP    0x200011e2        0x6 ./Core/Src/control_pilot.o
                0x200011e2                saveCP
 .bss.cp_readings_done
                0x200011e8        0x1 ./Core/Src/control_pilot.o
                0x200011e8                cp_readings_done
 *fill*         0x200011e9        0x1 
 .bss.DC_errorOutCounter
                0x200011ea        0x2 ./Core/Src/control_pilot.o
                0x200011ea                DC_errorOutCounter
 .bss.DC_errorInCounter
                0x200011ec        0x2 ./Core/Src/control_pilot.o
                0x200011ec                DC_errorInCounter
 .bss.CPFault_errorOutCounter
                0x200011ee        0x2 ./Core/Src/control_pilot.o
                0x200011ee                CPFault_errorOutCounter
 .bss.CPFault_errorInCounter
                0x200011f0        0x2 ./Core/Src/control_pilot.o
                0x200011f0                CPFault_errorInCounter
 .bss.PWMActive_OutCounter
                0x200011f2        0x2 ./Core/Src/control_pilot.o
                0x200011f2                PWMActive_OutCounter
 .bss.PWMActive_InCounter
                0x200011f4        0x2 ./Core/Src/control_pilot.o
                0x200011f4                PWMActive_InCounter
 .bss.diodeCheck_passed
                0x200011f6        0x1 ./Core/Src/control_pilot.o
                0x200011f6                diodeCheck_passed
 .bss.diodeCheck_flag
                0x200011f7        0x1 ./Core/Src/control_pilot.o
                0x200011f7                diodeCheck_flag
 .bss.temp_adc  0x200011f8        0x2 ./Core/Src/control_pilot.o
                0x200011f8                temp_adc
 .bss.min_done  0x200011fa        0x1 ./Core/Src/control_pilot.o
                0x200011fa                min_done
 .bss.max_done  0x200011fb        0x1 ./Core/Src/control_pilot.o
                0x200011fb                max_done
 .bss.dataCollected2
                0x200011fc        0x1 ./Core/Src/control_pilot.o
                0x200011fc                dataCollected2
 .bss.dataCollected1
                0x200011fd        0x1 ./Core/Src/control_pilot.o
                0x200011fd                dataCollected1
 .bss.adc_low   0x200011fe       0x96 ./Core/Src/control_pilot.o
                0x200011fe                adc_low
 .bss.adc_high  0x20001294       0x96 ./Core/Src/control_pilot.o
                0x20001294                adc_high
 .bss.adcSample_buf1_count
                0x2000132a        0x2 ./Core/Src/control_pilot.o
                0x2000132a                adcSample_buf1_count
 .bss.adcSample_buf1
                0x2000132c       0x96 ./Core/Src/control_pilot.o
                0x2000132c                adcSample_buf1
 *fill*         0x200013c2        0x2 
 .bss.cp_max_count2
                0x200013c4        0x4 ./Core/Src/control_pilot.o
                0x200013c4                cp_max_count2
 .bss.cp_min_count2
                0x200013c8        0x4 ./Core/Src/control_pilot.o
                0x200013c8                cp_min_count2
 .bss.cp_max_count
                0x200013cc        0x4 ./Core/Src/control_pilot.o
                0x200013cc                cp_max_count
 .bss.cp_min_count
                0x200013d0        0x4 ./Core/Src/control_pilot.o
                0x200013d0                cp_min_count
 .bss.cp_max_avg
                0x200013d4        0x2 ./Core/Src/control_pilot.o
                0x200013d4                cp_max_avg
 *fill*         0x200013d6        0x2 
 .bss.cp_max_sum
                0x200013d8        0x4 ./Core/Src/control_pilot.o
                0x200013d8                cp_max_sum
 .bss.cp_min_avg
                0x200013dc        0x2 ./Core/Src/control_pilot.o
                0x200013dc                cp_min_avg
 *fill*         0x200013de        0x2 
 .bss.cp_min_sum
                0x200013e0        0x4 ./Core/Src/control_pilot.o
                0x200013e0                cp_min_sum
 .bss.adc_max   0x200013e4        0x2 ./Core/Src/control_pilot.o
                0x200013e4                adc_max
 .bss.MyCurrent
                0x200013e6        0x2 ./Core/Src/control_pilot.o
                0x200013e6                MyCurrent
 .bss.buzzer_en
                0x200013e8        0x1 ./Core/Src/data_structures.o
                0x200013e8                buzzer_en
 *fill*         0x200013e9        0x3 
 .bss.vref_count
                0x200013ec        0x4 ./Core/Src/data_structures.o
                0x200013ec                vref_count
 .bss.VREF_AVG  0x200013f0        0x4 ./Core/Src/data_structures.o
                0x200013f0                VREF_AVG
 .bss.VREF_SUM  0x200013f4        0x4 ./Core/Src/data_structures.o
                0x200013f4                VREF_SUM
 .bss.VREF      0x200013f8        0x4 ./Core/Src/data_structures.o
                0x200013f8                VREF
 .bss.cpdata    0x200013fc        0xc ./Core/Src/data_structures.o
                0x200013fc                cpdata
 .bss.charger_setup_flag
                0x20001408        0x1 ./Core/Src/data_structures.o
                0x20001408                charger_setup_flag
 .bss.charger_init_flag
                0x20001409        0x1 ./Core/Src/data_structures.o
                0x20001409                charger_init_flag
 .bss.adc_store
                0x2000140a       0x16 ./Core/Src/data_structures.o
                0x2000140a                adc_store
 .bss.networkSide_data
                0x20001420       0x22 ./Core/Src/data_structures.o
                0x20001420                networkSide_data
 *fill*         0x20001442        0x2 
 .bss.powerSide_data
                0x20001444       0x30 ./Core/Src/data_structures.o
                0x20001444                powerSide_data
 .bss.controlSide_data
                0x20001474       0x24 ./Core/Src/data_structures.o
                0x20001474                controlSide_data
 .bss.CFB_outCounter
                0x20001498        0x1 ./Core/Src/gpio_feedback.o
                0x20001498                CFB_outCounter
 .bss.CFB_inCounter
                0x20001499        0x1 ./Core/Src/gpio_feedback.o
                0x20001499                CFB_inCounter
 .bss.CSMS_trigCount.0
                0x2000149a        0x1 ./Core/Src/main.o
 *fill*         0x2000149b        0x1 
 .bss.debug_count
                0x2000149c        0x2 ./Core/Src/main.o
                0x2000149c                debug_count
 .bss.energy_error_count
                0x2000149e        0x2 ./Core/Src/power_measure.o
                0x2000149e                energy_error_count
 .bss.start_energy
                0x200014a0        0x4 ./Core/Src/power_measure.o
                0x200014a0                start_energy
 .bss.measure_energy
                0x200014a4        0x1 ./Core/Src/power_measure.o
                0x200014a4                measure_energy
 .bss.id.0      0x200014a5        0x1 ./Core/Src/protection.o
 .bss.state.1   0x200014a6        0x1 ./Core/Src/protection.o
 .bss.GFI_bypasss_flag
                0x200014a7        0x1 ./Core/Src/protection.o
                0x200014a7                GFI_bypasss_flag
 .bss.errorLog_count
                0x200014a8        0x1 ./Core/Src/protection.o
                0x200014a8                errorLog_count
 .bss.previousError
                0x200014a9        0x1 ./Core/Src/protection.o
                0x200014a9                previousError
 .bss.currentError
                0x200014aa        0x1 ./Core/Src/protection.o
                0x200014aa                currentError
 .bss.error_buffer
                0x200014ab        0x5 ./Core/Src/protection.o
                0x200014ab                error_buffer
 .bss.OT_errorOutCounter
                0x200014b0        0x2 ./Core/Src/protection.o
                0x200014b0                OT_errorOutCounter
 .bss.OT_errorInCounter
                0x200014b2        0x2 ./Core/Src/protection.o
                0x200014b2                OT_errorInCounter
 .bss.SC_errorInCounter
                0x200014b4        0x2 ./Core/Src/protection.o
                0x200014b4                SC_errorInCounter
 .bss.Freq_errorOutCounter
                0x200014b6        0x2 ./Core/Src/protection.o
                0x200014b6                Freq_errorOutCounter
 .bss.Freq_errorInCounter
                0x200014b8        0x2 ./Core/Src/protection.o
                0x200014b8                Freq_errorInCounter
 .bss.PL_errorOutCounter
                0x200014ba        0x2 ./Core/Src/protection.o
                0x200014ba                PL_errorOutCounter
 .bss.PL_errorInCounter
                0x200014bc        0x2 ./Core/Src/protection.o
                0x200014bc                PL_errorInCounter
 .bss.OV_errorOutCounter
                0x200014be        0x2 ./Core/Src/protection.o
                0x200014be                OV_errorOutCounter
 .bss.OV_errorInCounter
                0x200014c0        0x2 ./Core/Src/protection.o
                0x200014c0                OV_errorInCounter
 .bss.UV_errorOutCounter
                0x200014c2        0x2 ./Core/Src/protection.o
                0x200014c2                UV_errorOutCounter
 .bss.UV_errorInCounter
                0x200014c4        0x2 ./Core/Src/protection.o
                0x200014c4                UV_errorInCounter
 .bss.OC_errorOutCounter
                0x200014c6        0x2 ./Core/Src/protection.o
                0x200014c6                OC_errorOutCounter
 .bss.OC_errorInCounter
                0x200014c8        0x2 ./Core/Src/protection.o
                0x200014c8                OC_errorInCounter
 .bss.GFI_errorOutCounter
                0x200014ca        0x2 ./Core/Src/protection.o
                0x200014ca                GFI_errorOutCounter
 .bss.GFI_errorInCounter
                0x200014cc        0x2 ./Core/Src/protection.o
                0x200014cc                GFI_errorInCounter
 .bss.GFI_triggered
                0x200014ce        0x1 ./Core/Src/protection.o
 .bss.GFCI_errorCounter
                0x200014cf        0x1 ./Core/Src/protection.o
                0x200014cf                GFCI_errorCounter
 .bss.run_GFITest
                0x200014d0        0x1 ./Core/Src/protection.o
                0x200014d0                run_GFITest
 .bss.gfic_reset
                0x200014d1        0x1 ./Core/Src/protection.o
                0x200014d1                gfic_reset
 .bss.unix_date
                0x200014d2        0x4 ./Core/Src/rtc.o
                0x200014d2                unix_date
 .bss.unix_time
                0x200014d6        0x3 ./Core/Src/rtc.o
                0x200014d6                unix_time
 *fill*         0x200014d9        0x3 
 .bss.unix_time_get
                0x200014dc        0x4 ./Core/Src/rtc.o
                0x200014dc                unix_time_get
 .bss.unix_time_set