../Core/Src/control_pilot.c:117:6:readCP_stored	8	static
../Core/Src/control_pilot.c:126:6:saveCP_store	16	static
../Core/Src/control_pilot.c:136:6:cp_map	0	static
../Core/Src/control_pilot.c:239:6:getCP_voltage	56	static
../Core/Src/control_pilot.c:380:6:calibrateCP	24	static
../Core/Src/control_pilot.c:515:6:load_balance	32	static
../Core/Src/control_pilot.c:678:6:monitor_cp	8	static
../Core/Src/control_pilot.c:701:6:setCP_duty	0	static
../Core/Src/control_pilot.c:766:6:check_diode	8	static
../Core/Src/control_pilot.c:794:6:bootup_vehicleCheck	8	static
../Core/Src/control_pilot.c:844:6:check_vehicleConnector	8	static
../Core/Src/control_pilot.c:870:6:check_PWMActive	8	static
