../Core/Src/control_pilot.c:110:6:readCP_stored	8	static
../Core/Src/control_pilot.c:119:6:saveCP_store	16	static
../Core/Src/control_pilot.c:129:6:cp_map	0	static
../Core/Src/control_pilot.c:232:6:getCP_voltage	56	static
../Core/Src/control_pilot.c:373:6:calibrateCP	24	static
../Core/Src/control_pilot.c:511:6:load_balance	16	static
../Core/Src/control_pilot.c:642:6:monitor_cp	8	static
../Core/Src/control_pilot.c:671:6:setCP_duty	0	static
../Core/Src/control_pilot.c:713:6:check_diode	8	static
../Core/Src/control_pilot.c:741:6:bootup_vehicleCheck	8	static
../Core/Src/control_pilot.c:769:6:check_vehicleConnector	8	static
../Core/Src/control_pilot.c:795:6:check_PWMActive	8	static
