../Core/Src/rtc.c:30:6:MX_RTC_Init	16	static
../Core/Src/rtc.c:83:6:HAL_RTC_MspInit	16	static
../Core/Src/rtc.c:102:6:HAL_RTC_MspDeInit	0	static
../Core/Src/rtc.c:187:6:initRTC	0	static
../Core/Src/rtc.c:236:10:RTC_ToEpoch	16	static
../Core/Src/rtc.c:267:6:RTC_FromEpoch	32	static
../Core/Src/rtc.c:322:6:get_date	16	static
../Core/Src/rtc.c:350:6:get_alarm	8	static
../Core/Src/rtc.c:361:6:updateRTC	16	static
../Core/Src/rtc.c:404:6:updateAlarm	20	static
../Core/Src/rtc.c:444:6:checkWeekday_Time	20	static
