Archive member included to satisfy reference by file (symbol)

C:/ST/STM32CubeIDE_1.16.0/STM32CubeIDE/plugins/com.st.stm32cube.ide.mcu.externaltools.gnu-tools-for-stm32.13.3.rel1.win32_1.0.0.202411081344/tools/bin/../lib/gcc/arm-none-eabi/13.3.1/../../../../arm-none-eabi/lib/thumb/v7-m/nofp\libc_nano.a(libc_a-exit.o)
                              C:/ST/STM32CubeIDE_1.16.0/STM32CubeIDE/plugins/com.st.stm32cube.ide.mcu.externaltools.gnu-tools-for-stm32.13.3.rel1.win32_1.0.0.202411081344/tools/bin/../lib/gcc/arm-none-eabi/13.3.1/../../../../arm-none-eabi/lib/thumb/v7-m/nofp/crt0.o (exit)
C:/ST/STM32CubeIDE_1.16.0/STM32CubeIDE/plugins/com.st.stm32cube.ide.mcu.externaltools.gnu-tools-for-stm32.13.3.rel1.win32_1.0.0.202411081344/tools/bin/../lib/gcc/arm-none-eabi/13.3.1/../../../../arm-none-eabi/lib/thumb/v7-m/nofp\libc_nano.a(libc_a-findfp.o)
                              C:/ST/STM32CubeIDE_1.16.0/STM32CubeIDE/plugins/com.st.stm32cube.ide.mcu.externaltools.gnu-tools-for-stm32.13.3.rel1.win32_1.0.0.202411081344/tools/bin/../lib/gcc/arm-none-eabi/13.3.1/../../../../arm-none-eabi/lib/thumb/v7-m/nofp\libc_nano.a(libc_a-exit.o) (__stdio_exit_handler)
C:/ST/STM32CubeIDE_1.16.0/STM32CubeIDE/plugins/com.st.stm32cube.ide.mcu.externaltools.gnu-tools-for-stm32.13.3.rel1.win32_1.0.0.202411081344/tools/bin/../lib/gcc/arm-none-eabi/13.3.1/../../../../arm-none-eabi/lib/thumb/v7-m/nofp\libc_nano.a(libc_a-fwalk.o)
                              C:/ST/STM32CubeIDE_1.16.0/STM32CubeIDE/plugins/com.st.stm32cube.ide.mcu.externaltools.gnu-tools-for-stm32.13.3.rel1.win32_1.0.0.202411081344/tools/bin/../lib/gcc/arm-none-eabi/13.3.1/../../../../arm-none-eabi/lib/thumb/v7-m/nofp\libc_nano.a(libc_a-findfp.o) (_fwalk_sglue)
C:/ST/STM32CubeIDE_1.16.0/STM32CubeIDE/plugins/com.st.stm32cube.ide.mcu.externaltools.gnu-tools-for-stm32.13.3.rel1.win32_1.0.0.202411081344/tools/bin/../lib/gcc/arm-none-eabi/13.3.1/../../../../arm-none-eabi/lib/thumb/v7-m/nofp\libc_nano.a(libc_a-stdio.o)
                              C:/ST/STM32CubeIDE_1.16.0/STM32CubeIDE/plugins/com.st.stm32cube.ide.mcu.externaltools.gnu-tools-for-stm32.13.3.rel1.win32_1.0.0.202411081344/tools/bin/../lib/gcc/arm-none-eabi/13.3.1/../../../../arm-none-eabi/lib/thumb/v7-m/nofp\libc_nano.a(libc_a-findfp.o) (__sread)
C:/ST/STM32CubeIDE_1.16.0/STM32CubeIDE/plugins/com.st.stm32cube.ide.mcu.externaltools.gnu-tools-for-stm32.13.3.rel1.win32_1.0.0.202411081344/tools/bin/../lib/gcc/arm-none-eabi/13.3.1/../../../../arm-none-eabi/lib/thumb/v7-m/nofp\libc_nano.a(libc_a-memset.o)
                              C:/ST/STM32CubeIDE_1.16.0/STM32CubeIDE/plugins/com.st.stm32cube.ide.mcu.externaltools.gnu-tools-for-stm32.13.3.rel1.win32_1.0.0.202411081344/tools/bin/../lib/gcc/arm-none-eabi/13.3.1/../../../../arm-none-eabi/lib/thumb/v7-m/nofp/crt0.o (memset)
C:/ST/STM32CubeIDE_1.16.0/STM32CubeIDE/plugins/com.st.stm32cube.ide.mcu.externaltools.gnu-tools-for-stm32.13.3.rel1.win32_1.0.0.202411081344/tools/bin/../lib/gcc/arm-none-eabi/13.3.1/../../../../arm-none-eabi/lib/thumb/v7-m/nofp\libc_nano.a(libc_a-closer.o)
                              C:/ST/STM32CubeIDE_1.16.0/STM32CubeIDE/plugins/com.st.stm32cube.ide.mcu.externaltools.gnu-tools-for-stm32.13.3.rel1.win32_1.0.0.202411081344/tools/bin/../lib/gcc/arm-none-eabi/13.3.1/../../../../arm-none-eabi/lib/thumb/v7-m/nofp\libc_nano.a(libc_a-stdio.o) (_close_r)
C:/ST/STM32CubeIDE_1.16.0/STM32CubeIDE/plugins/com.st.stm32cube.ide.mcu.externaltools.gnu-tools-for-stm32.13.3.rel1.win32_1.0.0.202411081344/tools/bin/../lib/gcc/arm-none-eabi/13.3.1/../../../../arm-none-eabi/lib/thumb/v7-m/nofp\libc_nano.a(libc_a-reent.o)
                              C:/ST/STM32CubeIDE_1.16.0/STM32CubeIDE/plugins/com.st.stm32cube.ide.mcu.externaltools.gnu-tools-for-stm32.13.3.rel1.win32_1.0.0.202411081344/tools/bin/../lib/gcc/arm-none-eabi/13.3.1/../../../../arm-none-eabi/lib/thumb/v7-m/nofp\libc_nano.a(libc_a-closer.o) (errno)
C:/ST/STM32CubeIDE_1.16.0/STM32CubeIDE/plugins/com.st.stm32cube.ide.mcu.externaltools.gnu-tools-for-stm32.13.3.rel1.win32_1.0.0.202411081344/tools/bin/../lib/gcc/arm-none-eabi/13.3.1/../../../../arm-none-eabi/lib/thumb/v7-m/nofp\libc_nano.a(libc_a-impure.o)
                              C:/ST/STM32CubeIDE_1.16.0/STM32CubeIDE/plugins/com.st.stm32cube.ide.mcu.externaltools.gnu-tools-for-stm32.13.3.rel1.win32_1.0.0.202411081344/tools/bin/../lib/gcc/arm-none-eabi/13.3.1/../../../../arm-none-eabi/lib/thumb/v7-m/nofp\libc_nano.a(libc_a-reent.o) (_impure_ptr)
C:/ST/STM32CubeIDE_1.16.0/STM32CubeIDE/plugins/com.st.stm32cube.ide.mcu.externaltools.gnu-tools-for-stm32.13.3.rel1.win32_1.0.0.202411081344/tools/bin/../lib/gcc/arm-none-eabi/13.3.1/../../../../arm-none-eabi/lib/thumb/v7-m/nofp\libc_nano.a(libc_a-lseekr.o)
[...]
Memory Configuration

Name             Origin             Length             Attributes
RAM              0x20000000         0x00005000         xrw
FLASH            0x08003800         0x0000c800         xr
*default*        0x00000000         0xffffffff

Linker script and memory map

LOAD C:/ST/STM32CubeIDE_1.16.0/STM32CubeIDE/plugins/com.st.stm32cube.ide.mcu.externaltools.gnu-tools-for-stm32.13.3.rel1.win32_1.0.0.202411081344/tools/bin/../lib/gcc/arm-none-eabi/13.3.1/thumb/v7-m/nofp/crti.o
LOAD C:/ST/STM32CubeIDE_1.16.0/STM32CubeIDE/plugins/com.st.stm32cube.ide.mcu.externaltools.gnu-tools-for-stm32.13.3.rel1.win32_1.0.0.202411081344/tools/bin/../lib/gcc/arm-none-eabi/13.3.1/thumb/v7-m/nofp/crtbegin.o
LOAD C:/ST/STM32CubeIDE_1.16.0/STM32CubeIDE/plugins/com.st.stm32cube.ide.mcu.externaltools.gnu-tools-for-stm32.13.3.rel1.win32_1.0.0.202411081344/tools/bin/../lib/gcc/arm-none-eabi/13.3.1/../../../../arm-none-eabi/lib/thumb/v7-m/nofp/crt0.o
LOAD ./Core/Inc/CSMS.o
LOAD ./Core/Inc/OTA.o
LOAD ./Core/Inc/STM32F103_EEPROM.o
LOAD ./Core/Inc/control_pilot.o
LOAD ./Core/Inc/data_structures.o
LOAD ./Core/Inc/gpio_feedback.o
LOAD ./Core/Inc/power_measure.o
LOAD ./Core/Inc/protection.o
LOAD ./Core/Inc/rtc.o
LOAD ./Core/Inc/state_machine.o
LOAD ./Core/Inc/temp_NTC.o
LOAD ./Core/Inc/timer.o
LOAD ./Core/Inc/modbus_devices/eMeter.o
LOAD ./Core/Inc/modbus_devices/modbusRTU.o
LOAD ./Core/Src/main.o
LOAD ./Core/Src/stm32f1xx_hal_msp.o
LOAD ./Core/Src/stm32f1xx_it.o
LOAD ./Core/Src/syscalls.o
LOAD ./Core/Src/sysmem.o
LOAD ./Core/Src/system_stm32f1xx.o
LOAD ./Core/Startup/startup_stm32f103c8tx.o
LOAD ./Drivers/STM32F1xx_HAL_Driver/Src/stm32f1xx_hal.o
LOAD ./Drivers/STM32F1xx_HAL_Driver/Src/stm32f1xx_hal_adc.o
LOAD ./Drivers/STM32F1xx_HAL_Driver/Src/stm32f1xx_hal_adc_ex.o
LOAD ./Drivers/STM32F1xx_HAL_Driver/Src/stm32f1xx_hal_cortex.o
LOAD ./Drivers/STM32F1xx_HAL_Driver/Src/stm32f1xx_hal_dma.o
LOAD ./Drivers/STM32F1xx_HAL_Driver/Src/stm32f1xx_hal_exti.o
LOAD ./Drivers/STM32F1xx_HAL_Driver/Src/stm32f1xx_hal_flash.o
LOAD ./Drivers/STM32F1xx_HAL_Driver/Src/stm32f1xx_hal_flash_ex.o
LOAD ./Drivers/STM32F1xx_HAL_Driver/Src/stm32f1xx_hal_gpio.o
LOAD ./Drivers/STM32F1xx_HAL_Driver/Src/stm32f1xx_hal_gpio_ex.o
LOAD ./Drivers/STM32F1xx_HAL_Driver/Src/stm32f1xx_hal_iwdg.o
LOAD ./Drivers/STM32F1xx_HAL_Driver/Src/stm32f1xx_hal_pwr.o
LOAD ./Drivers/STM32F1xx_HAL_Driver/Src/stm32f1xx_hal_rcc.o
LOAD ./Drivers/STM32F1xx_HAL_Driver/Src/stm32f1xx_hal_rcc_ex.o
LOAD ./Drivers/STM32F1xx_HAL_Driver/Src/stm32f1xx_hal_rtc.o
LOAD ./Drivers/STM32F1xx_HAL_Driver/Src/stm32f1xx_hal_rtc_ex.o
LOAD ./Drivers/STM32F1xx_HAL_Driver/Src/stm32f1xx_hal_tim.o
LOAD ./Drivers/STM32F1xx_HAL_Driver/Src/stm32f1xx_hal_tim_ex.o
LOAD ./Drivers/STM32F1xx_HAL_Driver/Src/stm32f1xx_hal_uart.o
START GROUP
LOAD C:/ST/STM32CubeIDE_1.16.0/STM32CubeIDE/plugins/com.st.stm32cube.ide.mcu.externaltools.gnu-tools-for-stm32.13.3.rel1.win32_1.0.0.202411081344/tools/bin/../lib/gcc/arm-none-eabi/13.3.1/../../../../arm-none-eabi/lib/thumb/v7-m/nofp\libc_nano.a
LOAD C:/ST/STM32CubeIDE_1.16.0/STM32CubeIDE/plugins/com.st.stm32cube.ide.mcu.externaltools.gnu-tools-for-stm32.13.3.rel1.win32_1.0.0.202411081344/tools/bin/../lib/gcc/arm-none-eabi/13.3.1/../../../../arm-none-eabi/lib/thumb/v7-m/nofp\libm.a
END GROUP
START GROUP
LOAD C:/ST/STM32CubeIDE_1.16.0/STM32CubeIDE/plugins/com.st.stm32cube.ide.mcu.externaltools.gnu-tools-for-stm32.13.3.rel1.win32_1.0.0.202411081344/tools/bin/../lib/gcc/arm-none-eabi/13.3.1/thumb/v7-m/nofp\libgcc.a
LOAD C:/ST/STM32CubeIDE_1.16.0/STM32CubeIDE/plugins/com.st.stm32cube.ide.mcu.externaltools.gnu-tools-for-stm32.13.3.rel1.win32_1.0.0.202411081344/tools/bin/../lib/gcc/arm-none-eabi/13.3.1/../../../../arm-none-eabi/lib/thumb/v7-m/nofp\libc_nano.a
END GROUP
START GROUP
LOAD C:/ST/STM32CubeIDE_1.16.0/STM32CubeIDE/plugins/com.st.stm32cube.ide.mcu.externaltools.gnu-tools-for-stm32.13.3.rel1.win32_1.0.0.202411081344/tools/bin/../lib/gcc/arm-none-eabi/13.3.1/thumb/v7-m/nofp\libgcc.a
LOAD C:/ST/STM32CubeIDE_1.16.0/STM32CubeIDE/plugins/com.st.stm32cube.ide.mcu.externaltools.gnu-tools-for-stm32.13.3.rel1.win32_1.0.0.202411081344/tools/bin/../lib/gcc/arm-none-eabi/13.3.1/../../../../arm-none-eabi/lib/thumb/v7-m/nofp\libc_nano.a
LOAD C:/ST/STM32CubeIDE_1.16.0/STM32CubeIDE/plugins/com.st.stm32cube.ide.mcu.externaltools.gnu-tools-for-stm32.13.3.rel1.win32_1.0.0.202411081344/tools/bin/../lib/gcc/arm-none-eabi/13.3.1/../../../../arm-none-eabi/lib/thumb/v7-m/nofp\libnosys.a
END GROUP
START GROUP
LOAD C:/ST/STM32CubeIDE_1.16.0/STM32CubeIDE/plugins/com.st.stm32cube.ide.mcu.externaltools.gnu-tools-for-stm32.13.3.rel1.win32_1.0.0.202411081344/tools/bin/../lib/gcc/arm-none-eabi/13.3.1/thumb/v7-m/nofp\libgcc.a
LOAD C:/ST/STM32CubeIDE_1.16.0/STM32CubeIDE/plugins/com.st.stm32cube.ide.mcu.externaltools.gnu-tools-for-stm32.13.3.rel1.win32_1.0.0.202411081344/tools/bin/../lib/gcc/arm-none-eabi/13.3.1/../../../../arm-none-eabi/lib/thumb/v7-m/nofp\libc_nano.a
LOAD C:/ST/STM32CubeIDE_1.16.0/STM32CubeIDE/plugins/com.st.stm32cube.ide.mcu.externaltools.gnu-tools-for-stm32.13.3.rel1.win32_1.0.0.202411081344/tools/bin/../lib/gcc/arm-none-eabi/13.3.1/../../../../arm-none-eabi/lib/thumb/v7-m/nofp\libnosys.a
END GROUP
LOAD C:/ST/STM32CubeIDE_1.16.0/STM32CubeIDE/plugins/com.st.stm32cube.ide.mcu.externaltools.gnu-tools-for-stm32.13.3.rel1.win32_1.0.0.202411081344/tools/bin/../lib/gcc/arm-none-eabi/13.3.1/thumb/v7-m/nofp/crtend.o
LOAD C:/ST/STM32CubeIDE_1.16.0/STM32CubeIDE/plugins/com.st.stm32cube.ide.mcu.externaltools.gnu-tools-for-stm32.13.3.rel1.win32_1.0.0.202411081344/tools/bin/../lib/gcc/arm-none-eabi/13.3.1/thumb/v7-m/nofp/crtn.o
                0x20005000                        _estack = (ORIGIN (RAM) + LENGTH (RAM))
                0x00000200                        _Min_Heap_Size = 0x200
                0x00000400                        _Min_Stack_Size = 0x400

.isr_vector     0x08003800      0x10c
                0x08003800                        . = ALIGN (0x4)
 *(.isr_vector)
 .isr_vector    0x08003800      0x10c ./Core/Startup/startup_stm32f103c8tx.o
                0x08003800                g_pfnVectors
                0x0800390c                        . = ALIGN (0x4)

.text           0x08003910     0xc494
                0x08003910                        . = ALIGN (0x4)
 *(.text)
 .text          0x08003910       0x40 C:/ST/STM32CubeIDE_1.16.0/STM32CubeIDE/plugins/com.st.stm32cube.ide.mcu.externaltools.gnu-tools-for-stm32.13.3.rel1.win32_1.0.0.202411081344/tools/bin/../lib/gcc/arm-none-eabi/13.3.1/thumb/v7-m/nofp/crtbegin.o
 .text          0x08003950      0x378 C:/ST/STM32CubeIDE_1.16.0/STM32CubeIDE/plugins/com.st.stm32cube.ide.mcu.externaltools.gnu-tools-for-stm32.13.3.rel1.win32_1.0.0.202411081344/tools/bin/../lib/gcc/arm-none-eabi/13.3.1/thumb/v7-m/nofp\libgcc.a(_arm_addsubdf3.o)
                0x08003950                __aeabi_drsub
                0x08003958                __aeabi_dsub
                0x08003958                __subdf3
                0x0800395c                __aeabi_dadd
                0x0800395c                __adddf3
                0x08003bd4                __floatunsidf
                0x08003bd4                __aeabi_ui2d
                0x08003bf4                __floatsidf
                0x08003bf4                __aeabi_i2d
                0x08003c18                __aeabi_f2d
                0x08003c18                __extendsfdf2
                0x08003c5c                __floatundidf
                0x08003c5c                __aeabi_ul2d
                0x08003c6c                __floatdidf
                0x08003c6c                __aeabi_l2d
 .text          0x08003cc8      0x424 C:/ST/STM32CubeIDE_1.16.0/STM32CubeIDE/plugins/com.st.stm32cube.ide.mcu.externaltools.gnu-tools-for-stm32.13.3.rel1.win32_1.0.0.202411081344/tools/bin/../lib/gcc/arm-none-eabi/13.3.1/thumb/v7-m/nofp\libgcc.a(_arm_muldivdf3.o)
                0x08003cc8                __aeabi_dmul
                0x08003cc8                __muldf3
                0x08003f1c                __divdf3
                0x08003f1c                __aeabi_ddiv
 .text          0x080040ec      0x110 C:/ST/STM32CubeIDE_1.16.0/STM32CubeIDE/plugins/com.st.stm32cube.ide.mcu.externaltools.gnu-tools-for-stm32.13.3.rel1.win32_1.0.0.202411081344/tools/bin/../lib/gcc/arm-none-eabi/13.3.1/thumb/v7-m/nofp\libgcc.a(_arm_cmpdf2.o)
                0x080040ec                __gtdf2
                0x080040ec                __gedf2
                0x080040f4                __ltdf2
                0x080040f4                __ledf2
                0x080040fc                __nedf2
                0x080040fc                __eqdf2
                0x080040fc                __cmpdf2
                0x08004178                __aeabi_cdrcmple
                0x08004188                __aeabi_cdcmpeq
                0x08004188                __aeabi_cdcmple
                0x08004198                __aeabi_dcmpeq
                0x080041ac                __aeabi_dcmplt
                0x080041c0                __aeabi_dcmple
                0x080041d4                __aeabi_dcmpge
                0x080041e8                __aeabi_dcmpgt
 .text          0x080041fc       0x2c C:/ST/STM32CubeIDE_1.16.0/STM32CubeIDE/plugins/com.st.stm32cube.ide.mcu.externaltools.gnu-tools-for-stm32.13.3.rel1.win32_1.0.0.202411081344/tools/bin/../lib/gcc/arm-none-eabi/13.3.1/thumb/v7-m/nofp\libgcc.a(_arm_unorddf2.o)
                0x080041fc                __unorddf2
                0x080041fc                __aeabi_dcmpun
 .text          0x08004228       0x50 C:/ST/STM32CubeIDE_1.16.0/STM32CubeIDE/plugins/com.st.stm32cube.ide.mcu.externaltools.gnu-tools-for-stm32.13.3.rel1.win32_1.0.0.202411081344/tools/bin/../lib/gcc/arm-none-eabi/13.3.1/thumb/v7-m/nofp\libgcc.a(_arm_fixdfsi.o)
                0x08004228                __aeabi_d2iz
                0x08004228                __fixdfsi
 .text          0x08004278       0x40 C:/ST/STM32CubeIDE_1.16.0/STM32CubeIDE/plugins/com.st.stm32cube.ide.mcu.externaltools.gnu-tools-for-stm32.13.3.rel1.win32_1.0.0.202411081344/tools/bin/../lib/gcc/arm-none-eabi/13.3.1/thumb/v7-m/nofp\libgcc.a(_arm_fixunsdfsi.o)
                0x08004278                __aeabi_d2uiz
                0x08004278                __fixunsdfsi
 .text          0x080042b8       0xa0 C:/ST/STM32CubeIDE_1.16.0/STM32CubeIDE/plugins/com.st.stm32cube.ide.mcu.externaltools.gnu-tools-for-stm32.13.3.rel1.win32_1.0.0.202411081344/tools/bin/../lib/gcc/arm-none-eabi/13.3.1/thumb/v7-m/nofp\libgcc.a(_arm_truncdfsf2.o)
                0x080042b8                __truncdfsf2
                0x080042b8                __aeabi_d2f
 .text          0x08004358      0x21c C:/ST/STM32CubeIDE_1.16.0/STM32CubeIDE/plugins/com.st.stm32cube.ide.mcu.externaltools.gnu-tools-for-stm32.13.3.rel1.win32_1.0.0.202411081344/tools/bin/../lib/gcc/arm-none-eabi/13.3.1/thumb/v7-m/nofp\libgcc.a(_arm_addsubsf3.o)
                0x08004358                __aeabi_frsub
                0x08004360                __subsf3
                0x08004360                __aeabi_fsub
                0x08004364                __aeabi_fadd
                0x08004364                __addsf3
                0x080044c4                __aeabi_ui2f
                0x080044c4                __floatunsisf
                0x080044cc                __aeabi_i2f
                0x080044cc                __floatsisf
                0x080044e8                __aeabi_ul2f
                0x080044e8                __floatundisf
                0x080044f8                __aeabi_l2f
                0x080044f8                __floatdisf
 .text          0x08004574      0x2a0 C:/ST/STM32CubeIDE_1.16.0/STM32CubeIDE/plugins/com.st.stm32cube.ide.mcu.externaltools.gnu-tools-for-stm32.13.3.rel1.win32_1.0.0.202411081344/tools/bin/../lib/gcc/arm-none-eabi/13.3.1/thumb/v7-m/nofp\libgcc.a(_arm_muldivsf3.o)
                0x08004574                __mulsf3
                0x08004574                __aeabi_fmul
                0x080046dc                __aeabi_fdiv
                0x080046dc                __divsf3
 .text          0x08004814       0x4c C:/ST/STM32CubeIDE_1.16.0/STM32CubeIDE/plugins/com.st.stm32cube.ide.mcu.externaltools.gnu-tools-for-stm32.13.3.rel1.win32_1.0.0.202411081344/tools/bin/../lib/gcc/arm-none-eabi/13.3.1/thumb/v7-m/nofp\libgcc.a(_arm_fixsfsi.o)
                0x08004814                __aeabi_f2iz
                0x08004814                __fixsfsi
 .text          0x08004860       0x40 C:/ST/STM32CubeIDE_1.16.0/STM32CubeIDE/plugins/com.st.stm32cube.ide.mcu.externaltools.gnu-tools-for-stm32.13.3.rel1.win32_1.0.0.202411081344/tools/bin/../lib/gcc/arm-none-eabi/13.3.1/thumb/v7-m/nofp\libgcc.a(_arm_fixunssfsi.o)
                0x08004860                __fixunssfsi
                0x08004860                __aeabi_f2uiz
 .text          0x080048a0       0x30 C:/ST/STM32CubeIDE_1.16.0/STM32CubeIDE/plugins/com.st.stm32cube.ide.mcu.externaltools.gnu-tools-for-stm32.13.3.rel1.win32_1.0.0.202411081344/tools/bin/../lib/gcc/arm-none-eabi/13.3.1/thumb/v7-m/nofp\libgcc.a(_aeabi_uldivmod.o)
                0x080048a0                __aeabi_uldivmod
 .text          0x080048d0      0x300 C:/ST/STM32CubeIDE_1.16.0/STM32CubeIDE/plugins/com.st.stm32cube.ide.mcu.externaltools.gnu-tools-for-stm32.13.3.rel1.win32_1.0.0.202411081344/tools/bin/../lib/gcc/arm-none-eabi/13.3.1/thumb/v7-m/nofp\libgcc.a(_udivmoddi4.o)
                0x080048d0                __udivmoddi4
 .text          0x08004bd0        0x4 C:/ST/STM32CubeIDE_1.16.0/STM32CubeIDE/plugins/com.st.stm32cube.ide.mcu.externaltools.gnu-tools-for-stm32.13.3.rel1.win32_1.0.0.202411081344/tools/bin/../lib/gcc/arm-none-eabi/13.3.1/thumb/v7-m/nofp\libgcc.a(_dvmd_tls.o)
                0x08004bd0                __aeabi_idiv0
                0x08004bd0                __aeabi_ldiv0
 *(.text*)
 .text.CSMS_Intick
                0x08004bd4       0x2c ./Core/Inc/CSMS.o
                0x08004bd4                CSMS_Intick
 .text.CSMS_queueSerial
                0x08004c00      0x118 ./Core/Inc/CSMS.o
 .text.CSMS_transmitSerial
                0x08004d18       0xa0 ./Core/Inc/CSMS.o
                0x08004d18                CSMS_transmitSerial
 .text.CSMS_receiveSerial
                0x08004db8      0x1bc ./Core/Inc/CSMS.o
                0x08004db8                CSMS_receiveSerial
 .text.CSMS_modbusCRC
                0x08004f74       0x70 ./Core/Inc/CSMS.o
 .text.CSMS_checksum
                0x08004fe4       0x7a ./Core/Inc/CSMS.o
 *fill*         0x0800505e        0x2 
 .text.CSMS_setmSerial
                0x08005060      0x4b4 ./Core/Inc/CSMS.o
 .text.CSMS_getmSerial
                0x08005514      0x3b8 ./Core/Inc/CSMS.o
 .text.CSMS_Init
                0x080058cc        0xc ./Core/Inc/CSMS.o
                0x080058cc                CSMS_Init
 .text.CSMS_functions
                0x080058d8       0x54 ./Core/Inc/CSMS.o
                0x080058d8                CSMS_functions
 .text.GetPage  0x0800592c       0x4e ./Core/Inc/OTA.o
 *fill*         0x0800597a        0x2 
 .text.Write_Data
                0x0800597c       0xb8 ./Core/Inc/OTA.o
                0x0800597c                Write_Data
 .text.Flag_up  0x08005a34       0x28 ./Core/Inc/OTA.o
                0x08005a34                Flag_up
 .text.Flash_Init
                0x08005a5c        0xc ./Core/Inc/STM32F103_EEPROM.o
                0x08005a5c                Flash_Init
 .text.EEPROM_Erase
                0x08005a68       0x36 ./Core/Inc/STM32F103_EEPROM.o
                0x08005a68                EEPROM_Erase
 .text.EEPROM_WriteData
                0x08005a9e       0x56 ./Core/Inc/STM32F103_EEPROM.o
                0x08005a9e                EEPROM_WriteData
 .text.EEPROM_ReadData
                0x08005af4       0x42 ./Core/Inc/STM32F103_EEPROM.o
                0x08005af4                EEPROM_ReadData
 *fill*         0x08005b36        0x2 
 .text.readCP_stored
                0x08005b38       0x38 ./Core/Inc/control_pilot.o
                0x08005b38                readCP_stored
 .text.saveCP_store
                0x08005b70       0x48 ./Core/Inc/control_pilot.o
                0x08005b70                saveCP_store
 .text.getCP_voltage
                0x08005bb8      0x528 ./Core/Inc/control_pilot.o
                0x08005bb8                getCP_voltage
 .text.calibrateCP
                0x080060e0       0xfc ./Core/Inc/control_pilot.o
                0x080060e0                calibrateCP
 *fill*         0x080061dc        0x4 
 .text.load_balance
                0x080061e0       0x7c ./Core/Inc/control_pilot.o
                0x080061e0                load_balance
 .text.monitor_cp
                0x0800625c       0xcc ./Core/Inc/control_pilot.o
                0x0800625c                monitor_cp
 .text.setCP_duty
                0x08006328       0x98 ./Core/Inc/control_pilot.o
                0x08006328                setCP_duty
 .text.bootup_vehicleCheck
                0x080063c0       0x78 ./Core/Inc/control_pilot.o
                0x080063c0                bootup_vehicleCheck
 .text.check_vehicleConnector
                0x08006438       0x84 ./Core/Inc/control_pilot.o
                0x08006438                check_vehicleConnector
 .text.check_PWMActive
                0x080064bc       0xb4 ./Core/Inc/control_pilot.o
                0x080064bc                check_PWMActive
 .text.init_dataStructures
                0x08006570      0x1f0 ./Core/Inc/data_structures.o
                0x08006570                init_dataStructures
 .text.get_chargerConfig
                0x08006760       0x80 ./Core/Inc/data_structures.o
                0x08006760                get_chargerConfig
 .text.set_chargerConfig
                0x080067e0       0x84 ./Core/Inc/data_structures.o
                0x080067e0                set_chargerConfig
 .text.get_HWVersion
                0x08006864       0x4c ./Core/Inc/data_structures.o
                0x08006864                get_HWVersion
 .text.buzzer_on
                0x080068b0       0x4c ./Core/Inc/data_structures.o
                0x080068b0                buzzer_on
 .text.get_ContactorFB
                0x080068fc       0x80 ./Core/Inc/gpio_feedback.o
 .text.get_GPIOFeedback
                0x0800697c        0xc ./Core/Inc/gpio_feedback.o
                0x0800697c                get_GPIOFeedback
 .text.calculate_Energy
                0x08006988       0xc4 ./Core/Inc/power_measure.o
                0x08006988                calculate_Energy
 .text.get_EnergyMeterData
                0x08006a4c       0x7c ./Core/Inc/power_measure.o
                0x08006a4c                get_EnergyMeterData
 .text.check_GFITest
                0x08006ac8       0x98 ./Core/Inc/protection.o
 .text.check_GFI
                0x08006b60       0x84 ./Core/Inc/protection.o
 .text.check_OC
                0x08006be4       0x90 ./Core/Inc/protection.o
 .text.check_UV
                0x08006c74       0x9c ./Core/Inc/protection.o
 .text.check_OV
                0x08006d10       0x94 ./Core/Inc/protection.o
 .text.check_PL
                0x08006da4       0xd0 ./Core/Inc/protection.o
 .text.check_Freq
                0x08006e74       0x98 ./Core/Inc/protection.o
 .text.check_SC
                0x08006f0c       0x6c ./Core/Inc/protection.o
 .text.check_OT
                0x08006f78       0x98 ./Core/Inc/protection.o
 .text.errorDetector
                0x08007010       0xe4 ./Core/Inc/protection.o
                0x08007010                errorDetector
 .text.errorHandler
                0x080070f4      0x2ac ./Core/Inc/protection.o
                0x080070f4                errorHandler
 .text.errorBuffer_log
                0x080073a0       0x58 ./Core/Inc/protection.o
                0x080073a0                errorBuffer_log
 .text.errorBuffer_report
                0x080073f8       0x5c ./Core/Inc/protection.o
                0x080073f8                errorBuffer_report
 .text.errorBuffer_clear
                0x08007454       0x34 ./Core/Inc/protection.o
                0x08007454                errorBuffer_clear
 .text.initRTC  0x08007488      0x118 ./Core/Inc/rtc.o
                0x08007488                initRTC
 .text.RTC_ToEpoch
                0x080075a0      0x134 ./Core/Inc/rtc.o
                0x080075a0                RTC_ToEpoch
 .text.RTC_FromEpoch
                0x080076d4      0x278 ./Core/Inc/rtc.o
                0x080076d4                RTC_FromEpoch
 .text.get_date
                0x0800794c      0x168 ./Core/Inc/rtc.o
                0x0800794c                get_date
 .text.updateRTC
                0x08007ab4       0xe4 ./Core/Inc/rtc.o
                0x08007ab4                updateRTC
 .text.updateAlarm
                0x08007b98      0x138 ./Core/Inc/rtc.o
                0x08007b98                updateAlarm
 .text.checkWeekday_Time
                0x08007cd0      0x1dc ./Core/Inc/rtc.o
                0x08007cd0                checkWeekday_Time
 .text.sm_control_run
                0x08007eac       0xd0 ./Core/Inc/state_machine.o
                0x08007eac                sm_control_run
 .text.stateA_transition
                0x08007f7c       0x78 ./Core/Inc/state_machine.o
                0x08007f7c                stateA_transition
 .text.stateB_transition
                0x08007ff4       0x78 ./Core/Inc/state_machine.o
                0x08007ff4                stateB_transition
 .text.stateC_transition
                0x0800806c       0x78 ./Core/Inc/state_machine.o
                0x0800806c                stateC_transition
 .text.stateD_transition
                0x080080e4        0xc ./Core/Inc/state_machine.o
                0x080080e4                stateD_transition
 .text.power_on
                0x080080f0        0xc ./Core/Inc/state_machine.o
                0x080080f0                power_on
 .text.stateA1  0x080080fc       0xa4 ./Core/Inc/state_machine.o
                0x080080fc                stateA1
 .text.stateA2  0x080081a0       0xcc ./Core/Inc/state_machine.o
                0x080081a0                stateA2
 .text.stateB1  0x0800826c      0x17c ./Core/Inc/state_machine.o
                0x0800826c                stateB1
 .text.stateB2  0x080083e8      0x13c ./Core/Inc/state_machine.o
                0x080083e8                stateB2
 .text.stateC1  0x08008524      0x1c8 ./Core/Inc/state_machine.o
                0x08008524                stateC1
 .text.stateC2  0x080086ec      0x1c8 ./Core/Inc/state_machine.o
                0x080086ec                stateC2
 .text.stateF   0x080088b4       0xc0 ./Core/Inc/state_machine.o
                0x080088b4                stateF
 .text.temp_stateF
                0x08008974       0xb8 ./Core/Inc/state_machine.o
                0x08008974                temp_stateF
 .text.charger_variable_init
                0x08008a2c       0xb0 ./Core/Inc/state_machine.o
                0x08008a2c                charger_variable_init
 *fill*         0x08008adc        0x4 
 .text.temperature_NTC
                0x08008ae0      0x19c ./Core/Inc/temp_NTC.o
                0x08008ae0                temperature_NTC
 .text.tick_clear
                0x08008c7c       0x6c ./Core/Inc/timer.o
                0x08008c7c                tick_clear
 .text.tick_count
                0x08008ce8      0x150 ./Core/Inc/timer.o
                0x08008ce8                tick_count
 .text.adl_getData
                0x08008e38      0x124 ./Core/Inc/modbus_devices/eMeter.o
                0x08008e38                adl_getData
 .text.adl_TotalActiveEnergy
                0x08008f5c       0x3a ./Core/Inc/modbus_devices/eMeter.o
                0x08008f5c                adl_TotalActiveEnergy
 .text.adl_VoltagePhaseA
                0x08008f96       0x3a ./Core/Inc/modbus_devices/eMeter.o
                0x08008f96                adl_VoltagePhaseA
 .text.adl_VoltagePhaseB
                0x08008fd0       0x3a ./Core/Inc/modbus_devices/eMeter.o
                0x08008fd0                adl_VoltagePhaseB
 .text.adl_VoltagePhaseC
                0x0800900a       0x3a ./Core/Inc/modbus_devices/eMeter.o
                0x0800900a                adl_VoltagePhaseC
 .text.adl_CurrentPhaseA
                0x08009044       0x3a ./Core/Inc/modbus_devices/eMeter.o
                0x08009044                adl_CurrentPhaseA
 .text.adl_CurrentPhaseB
                0x0800907e       0x3a ./Core/Inc/modbus_devices/eMeter.o
                0x0800907e                adl_CurrentPhaseB
 .text.adl_CurrentPhaseC
                0x080090b8       0x3a ./Core/Inc/modbus_devices/eMeter.o
                0x080090b8                adl_CurrentPhaseC
 .text.adl_Frequency
                0x080090f2       0x3a ./Core/Inc/modbus_devices/eMeter.o
                0x080090f2                adl_Frequency
 .text.adl_TotalActivePower
                0x0800912c       0x3a ./Core/Inc/modbus_devices/eMeter.o
                0x0800912c                adl_TotalActivePower
 *fill*         0x08009166        0x2 
 .text.ModbusRTU_Intick
                0x08009168       0x60 ./Core/Inc/modbus_devices/modbusRTU.o
                0x08009168                ModbusRTU_Intick
 .text.ModbusRTU_queueSerial
                0x080091c8      0x2a0 ./Core/Inc/modbus_devices/modbusRTU.o
                0x080091c8                ModbusRTU_queueSerial
 .text.ModbusRTU_TxCompleteService
                0x08009468       0x4c ./Core/Inc/modbus_devices/modbusRTU.o
 .text.ModbusRTU_RxCompleteService
                0x080094b4       0x60 ./Core/Inc/modbus_devices/modbusRTU.o
 .text.ModbusRTU_transmitSerial
                0x08009514       0xac ./Core/Inc/modbus_devices/modbusRTU.o
                0x08009514                ModbusRTU_transmitSerial
 .text.ModbusRTU_receiveSerial
                0x080095c0      0x208 ./Core/Inc/modbus_devices/modbusRTU.o
                0x080095c0                ModbusRTU_receiveSerial
 .text.ModbusRTU_CRC
                0x080097c8       0x6c ./Core/Inc/modbus_devices/modbusRTU.o
 .text.ModbusRTU_checksum
                0x08009834       0x78 ./Core/Inc/modbus_devices/modbusRTU.o
 .text.ModbusRTU_getData
                0x080098ac      0x104 ./Core/Inc/modbus_devices/modbusRTU.o
 .text.ModbusRTU_Init
                0x080099b0       0x18 ./Core/Inc/modbus_devices/modbusRTU.o
                0x080099b0                ModbusRTU_Init
 .text.ModbusRTU_functions
                0x080099c8       0x68 ./Core/Inc/modbus_devices/modbusRTU.o
                0x080099c8                ModbusRTU_functions
 .text.main     0x08009a30      0x3d4 ./Core/Src/main.o
                0x08009a30                main
 .text.SystemClock_Config
                0x08009e04       0xc0 ./Core/Src/main.o
                0x08009e04                SystemClock_Config
 .text.MX_ADC1_Init
                0x08009ec4      0x198 ./Core/Src/main.o
 .text.MX_RTC_Init
                0x0800a05c       0x94 ./Core/Src/main.o
 .text.MX_TIM1_Init
                0x0800a0f0      0x120 ./Core/Src/main.o
 .text.MX_TIM3_Init
                0x0800a210       0x9c ./Core/Src/main.o
 .text.MX_USART1_UART_Init
                0x0800a2ac       0x64 ./Core/Src/main.o
 .text.MX_USART3_UART_Init
                0x0800a310       0x60 ./Core/Src/main.o
 .text.MX_DMA_Init
                0x0800a370       0x4c ./Core/Src/main.o
 .text.MX_GPIO_Init
                0x0800a3bc       0xf4 ./Core/Src/main.o
 .text.HAL_TIM_PeriodElapsedCallback
                0x0800a4b0       0xb4 ./Core/Src/main.o
                0x0800a4b0                HAL_TIM_PeriodElapsedCallback
 *fill*         0x0800a564        0x4 
 .text.HAL_ADC_ConvCpltCallback
                0x0800a568       0xd8 ./Core/Src/main.o
                0x0800a568                HAL_ADC_ConvCpltCallback
 .text.huart1TransmitIT
                0x0800a640       0x48 ./Core/Src/main.o
 .text.huart3TransmitIT
                0x0800a688       0x48 ./Core/Src/main.o
 .text.transmitSerial
                0x0800a6d0       0x1c ./Core/Src/main.o
                0x0800a6d0                transmitSerial
 .text.HAL_UART_RxCpltCallback
                0x0800a6ec       0x84 ./Core/Src/main.o
                0x0800a6ec                HAL_UART_RxCpltCallback
 .text.Error_Handler
                0x0800a770        0xc ./Core/Src/main.o
                0x0800a770                Error_Handler
 .text.HAL_MspInit
                0x0800a77c       0x64 ./Core/Src/stm32f1xx_hal_msp.o
                0x0800a77c                HAL_MspInit
 .text.HAL_ADC_MspInit
                0x0800a7e0      0x114 ./Core/Src/stm32f1xx_hal_msp.o
                0x0800a7e0                HAL_ADC_MspInit
 .text.HAL_RTC_MspInit
                0x0800a8f4       0x48 ./Core/Src/stm32f1xx_hal_msp.o
                0x0800a8f4                HAL_RTC_MspInit
 .text.HAL_TIM_PWM_MspInit
                0x0800a93c       0x3c ./Core/Src/stm32f1xx_hal_msp.o
                0x0800a93c                HAL_TIM_PWM_MspInit
 .text.HAL_TIM_Base_MspInit
                0x0800a978       0x4c ./Core/Src/stm32f1xx_hal_msp.o
                0x0800a978                HAL_TIM_Base_MspInit
 .text.HAL_TIM_MspPostInit
                0x0800a9c4       0x68 ./Core/Src/stm32f1xx_hal_msp.o
                0x0800a9c4                HAL_TIM_MspPostInit
 .text.HAL_UART_MspInit
                0x0800aa2c      0x188 ./Core/Src/stm32f1xx_hal_msp.o
                0x0800aa2c                HAL_UART_MspInit
 .text.NMI_Handler
                0x0800abb4        0x8 ./Core/Src/stm32f1xx_it.o
                0x0800abb4                NMI_Handler
 .text.HardFault_Handler
                0x0800abbc        0x8 ./Core/Src/stm32f1xx_it.o
                0x0800abbc                HardFault_Handler
 .text.MemManage_Handler
                0x0800abc4        0x8 ./Core/Src/stm32f1xx_it.o
                0x0800abc4                MemManage_Handler
 .text.BusFault_Handler
                0x0800abcc        0x8 ./Core/Src/stm32f1xx_it.o
                0x0800abcc                BusFault_Handler
 .text.UsageFault_Handler
                0x0800abd4        0x8 ./Core/Src/stm32f1xx_it.o
                0x0800abd4                UsageFault_Handler
 .text.SVC_Handler
                0x0800abdc        0xc ./Core/Src/stm32f1xx_it.o
                0x0800abdc                SVC_Handler
 .text.DebugMon_Handler
                0x0800abe8        0xc ./Core/Src/stm32f1xx_it.o
                0x0800abe8                DebugMon_Handler
 .text.PendSV_Handler
                0x0800abf4        0xc ./Core/Src/stm32f1xx_it.o
                0x0800abf4                PendSV_Handler
 .text.SysTick_Handler
                0x0800ac00        0xc ./Core/Src/stm32f1xx_it.o
                0x0800ac00                SysTick_Handler
 .text.DMA1_Channel1_IRQHandler
                0x0800ac0c       0x14 ./Core/Src/stm32f1xx_it.o
                0x0800ac0c                DMA1_Channel1_IRQHandler
 .text.DMA1_Channel4_IRQHandler
                0x0800ac20       0x14 ./Core/Src/stm32f1xx_it.o
                0x0800ac20                DMA1_Channel4_IRQHandler
 .text.ADC1_2_IRQHandler
                0x0800ac34       0x14 ./Core/Src/stm32f1xx_it.o
                0x0800ac34                ADC1_2_IRQHandler
 .text.TIM3_IRQHandler
                0x0800ac48       0x14 ./Core/Src/stm32f1xx_it.o
                0x0800ac48                TIM3_IRQHandler
 .text.USART1_IRQHandler
                0x0800ac5c       0x14 ./Core/Src/stm32f1xx_it.o
                0x0800ac5c                USART1_IRQHandler
 .text.USART3_IRQHandler
                0x0800ac70       0x14 ./Core/Src/stm32f1xx_it.o
                0x0800ac70                USART3_IRQHandler
 .text.SystemInit
                0x0800ac84       0x1c ./Core/Src/system_stm32f1xx.o
                0x0800ac84                SystemInit
 .text.Reset_Handler
                0x0800aca0       0x48 ./Core/Startup/startup_stm32f103c8tx.o
                0x0800aca0                Reset_Handler
 .text.Default_Handler
                0x0800ace8        0x2 ./Core/Startup/startup_stm32f103c8tx.o
                0x0800ace8                RTC_Alarm_IRQHandler
                0x0800ace8                EXTI2_IRQHandler
                0x0800ace8                TIM1_CC_IRQHandler
                0x0800ace8                PVD_IRQHandler
                0x0800ace8                EXTI3_IRQHandler
                0x0800ace8                EXTI0_IRQHandler
                0x0800ace8                I2C2_EV_IRQHandler
                0x0800ace8                SPI1_IRQHandler
                0x0800ace8                TAMPER_IRQHandler
                0x0800ace8                RTC_IRQHandler
                0x0800ace8                DMA1_Channel7_IRQHandler
                0x0800ace8                CAN1_RX1_IRQHandler
                0x0800ace8                TIM4_IRQHandler
                0x0800ace8                I2C1_EV_IRQHandler
                0x0800ace8                DMA1_Channel6_IRQHandler
                0x0800ace8                RCC_IRQHandler
                0x0800ace8                TIM1_TRG_COM_IRQHandler
                0x0800ace8                Default_Handler
                0x0800ace8                EXTI15_10_IRQHandler
                0x0800ace8                EXTI9_5_IRQHandler
                0x0800ace8                SPI2_IRQHandler
                0x0800ace8                DMA1_Channel5_IRQHandler
                0x0800ace8                EXTI4_IRQHandler
                0x0800ace8                USB_LP_CAN1_RX0_IRQHandler
                0x0800ace8                USB_HP_CAN1_TX_IRQHandler
                0x0800ace8                DMA1_Channel3_IRQHandler
                0x0800ace8                TIM1_UP_IRQHandler
                0x0800ace8                WWDG_IRQHandler
                0x0800ace8                TIM2_IRQHandler
                0x0800ace8                TIM1_BRK_IRQHandler
                0x0800ace8                EXTI1_IRQHandler
                0x0800ace8                USART2_IRQHandler
                0x0800ace8                I2C2_ER_IRQHandler
                0x0800ace8                DMA1_Channel2_IRQHandler
                0x0800ace8                CAN1_SCE_IRQHandler
                0x0800ace8                FLASH_IRQHandler
                0x0800ace8                I2C1_ER_IRQHandler
                0x0800ace8                USBWakeUp_IRQHandler
 *fill*         0x0800acea        0x2 
 .text.HAL_Init
                0x0800acec       0x2c ./Drivers/STM32F1xx_HAL_Driver/Src/stm32f1xx_hal.o
                0x0800acec                HAL_Init
 .text.HAL_InitTick
                0x0800ad18       0x60 ./Drivers/STM32F1xx_HAL_Driver/Src/stm32f1xx_hal.o
                0x0800ad18                HAL_InitTick
 .text.HAL_IncTick
                0x0800ad78       0x24 ./Drivers/STM32F1xx_HAL_Driver/Src/stm32f1xx_hal.o
                0x0800ad78                HAL_IncTick
 .text.HAL_GetTick
                0x0800ad9c       0x14 ./Drivers/STM32F1xx_HAL_Driver/Src/stm32f1xx_hal.o
                0x0800ad9c                HAL_GetTick
 .text.HAL_Delay
                0x0800adb0       0x48 ./Drivers/STM32F1xx_HAL_Driver/Src/stm32f1xx_hal.o
                0x0800adb0                HAL_Delay
 .text.HAL_ADC_Init
                0x0800adf8      0x1b0 ./Drivers/STM32F1xx_HAL_Driver/Src/stm32f1xx_hal_adc.o
                0x0800adf8                HAL_ADC_Init
 .text.HAL_ADC_Start_DMA
                0x0800afa8      0x1bc ./Drivers/STM32F1xx_HAL_Driver/Src/stm32f1xx_hal_adc.o
                0x0800afa8                HAL_ADC_Start_DMA
 .text.HAL_ADC_IRQHandler
                0x0800b164      0x17e ./Drivers/STM32F1xx_HAL_Driver/Src/stm32f1xx_hal_adc.o
                0x0800b164                HAL_ADC_IRQHandler
 .text.HAL_ADC_ConvHalfCpltCallback
                0x0800b2e2       0x12 ./Drivers/STM32F1xx_HAL_Driver/Src/stm32f1xx_hal_adc.o
                0x0800b2e2                HAL_ADC_ConvHalfCpltCallback
 .text.HAL_ADC_LevelOutOfWindowCallback
                0x0800b2f4       0x12 ./Drivers/STM32F1xx_HAL_Driver/Src/stm32f1xx_hal_adc.o
                0x0800b2f4                HAL_ADC_LevelOutOfWindowCallback
 .text.HAL_ADC_ErrorCallback
                0x0800b306       0x12 ./Drivers/STM32F1xx_HAL_Driver/Src/stm32f1xx_hal_adc.o
                0x0800b306                HAL_ADC_ErrorCallback
 .text.HAL_ADC_ConfigChannel
                0x0800b318      0x1f0 ./Drivers/STM32F1xx_HAL_Driver/Src/stm32f1xx_hal_adc.o
                0x0800b318                HAL_ADC_ConfigChannel
 .text.ADC_Enable
                0x0800b508       0xb4 ./Drivers/STM32F1xx_HAL_Driver/Src/stm32f1xx_hal_adc.o
                0x0800b508                ADC_Enable
 .text.ADC_ConversionStop_Disable
                0x0800b5bc       0x82 ./Drivers/STM32F1xx_HAL_Driver/Src/stm32f1xx_hal_adc.o
                0x0800b5bc                ADC_ConversionStop_Disable
 .text.ADC_DMAConvCplt
                0x0800b63e       0x7c ./Drivers/STM32F1xx_HAL_Driver/Src/stm32f1xx_hal_adc.o
                0x0800b63e                ADC_DMAConvCplt
 .text.ADC_DMAHalfConvCplt
                0x0800b6ba       0x1c ./Drivers/STM32F1xx_HAL_Driver/Src/stm32f1xx_hal_adc.o
                0x0800b6ba                ADC_DMAHalfConvCplt
 .text.ADC_DMAError
                0x0800b6d6       0x34 ./Drivers/STM32F1xx_HAL_Driver/Src/stm32f1xx_hal_adc.o
                0x0800b6d6                ADC_DMAError
 *fill*         0x0800b70a        0x2 
 .text.HAL_ADCEx_Calibration_Start
                0x0800b70c      0x15c ./Drivers/STM32F1xx_HAL_Driver/Src/stm32f1xx_hal_adc_ex.o
                0x0800b70c                HAL_ADCEx_Calibration_Start
 .text.HAL_ADCEx_InjectedConvCpltCallback
                0x0800b868       0x12 ./Drivers/STM32F1xx_HAL_Driver/Src/stm32f1xx_hal_adc_ex.o
                0x0800b868                HAL_ADCEx_InjectedConvCpltCallback
 *fill*         0x0800b87a        0x2 
 .text.__NVIC_SetPriorityGrouping
                0x0800b87c       0x48 ./Drivers/STM32F1xx_HAL_Driver/Src/stm32f1xx_hal_cortex.o
 .text.__NVIC_GetPriorityGrouping
                0x0800b8c4       0x1c ./Drivers/STM32F1xx_HAL_Driver/Src/stm32f1xx_hal_cortex.o
 .text.__NVIC_EnableIRQ
                0x0800b8e0       0x38 ./Drivers/STM32F1xx_HAL_Driver/Src/stm32f1xx_hal_cortex.o
 .text.__NVIC_SetPriority
                0x0800b918       0x54 ./Drivers/STM32F1xx_HAL_Driver/Src/stm32f1xx_hal_cortex.o
 .text.NVIC_EncodePriority
                0x0800b96c       0x64 ./Drivers/STM32F1xx_HAL_Driver/Src/stm32f1xx_hal_cortex.o
 .text.__NVIC_SystemReset
                0x0800b9d0       0x2c ./Drivers/STM32F1xx_HAL_Driver/Src/stm32f1xx_hal_cortex.o
 .text.SysTick_Config
                0x0800b9fc       0x44 ./Drivers/STM32F1xx_HAL_Driver/Src/stm32f1xx_hal_cortex.o
 .text.HAL_NVIC_SetPriorityGrouping
                0x0800ba40       0x16 ./Drivers/STM32F1xx_HAL_Driver/Src/stm32f1xx_hal_cortex.o
                0x0800ba40                HAL_NVIC_SetPriorityGrouping
 .text.HAL_NVIC_SetPriority
                0x0800ba56       0x38 ./Drivers/STM32F1xx_HAL_Driver/Src/stm32f1xx_hal_cortex.o
                0x0800ba56                HAL_NVIC_SetPriority
 .text.HAL_NVIC_EnableIRQ
                0x0800ba8e       0x1c ./Drivers/STM32F1xx_HAL_Driver/Src/stm32f1xx_hal_cortex.o
                0x0800ba8e                HAL_NVIC_EnableIRQ
 .text.HAL_NVIC_SystemReset
                0x0800baaa        0x8 ./Drivers/STM32F1xx_HAL_Driver/Src/stm32f1xx_hal_cortex.o
                0x0800baaa                HAL_NVIC_SystemReset
 .text.HAL_SYSTICK_Config
                0x0800bab2       0x18 ./Drivers/STM32F1xx_HAL_Driver/Src/stm32f1xx_hal_cortex.o
                0x0800bab2                HAL_SYSTICK_Config
 *fill*         0x0800baca        0x2 
 .text.HAL_DMA_Init
                0x0800bacc       0xb4 ./Drivers/STM32F1xx_HAL_Driver/Src/stm32f1xx_hal_dma.o
                0x0800bacc                HAL_DMA_Init
 .text.HAL_DMA_Start_IT
                0x0800bb80       0xc0 ./Drivers/STM32F1xx_HAL_Driver/Src/stm32f1xx_hal_dma.o
                0x0800bb80                HAL_DMA_Start_IT
 .text.HAL_DMA_Abort
                0x0800bc40       0x76 ./Drivers/STM32F1xx_HAL_Driver/Src/stm32f1xx_hal_dma.o
                0x0800bc40                HAL_DMA_Abort
 *fill*         0x0800bcb6        0x2 
 .text.HAL_DMA_Abort_IT
                0x0800bcb8       0xf0 ./Drivers/STM32F1xx_HAL_Driver/Src/stm32f1xx_hal_dma.o
                0x0800bcb8                HAL_DMA_Abort_IT
 .text.HAL_DMA_IRQHandler
                0x0800bda8      0x20c ./Drivers/STM32F1xx_HAL_Driver/Src/stm32f1xx_hal_dma.o
                0x0800bda8                HAL_DMA_IRQHandler
 .text.DMA_SetConfig
                0x0800bfb4       0x5a ./Drivers/STM32F1xx_HAL_Driver/Src/stm32f1xx_hal_dma.o
 *fill*         0x0800c00e        0x2 
 .text.HAL_FLASH_Program
                0x0800c010       0xe0 ./Drivers/STM32F1xx_HAL_Driver/Src/stm32f1xx_hal_flash.o
                0x0800c010                HAL_FLASH_Program
 .text.HAL_FLASH_Unlock
                0x0800c0f0       0x4c ./Drivers/STM32F1xx_HAL_Driver/Src/stm32f1xx_hal_flash.o
                0x0800c0f0                HAL_FLASH_Unlock
 .text.HAL_FLASH_Lock
                0x0800c13c       0x20 ./Drivers/STM32F1xx_HAL_Driver/Src/stm32f1xx_hal_flash.o
                0x0800c13c                HAL_FLASH_Lock
 .text.HAL_FLASH_GetError
                0x0800c15c       0x14 ./Drivers/STM32F1xx_HAL_Driver/Src/stm32f1xx_hal_flash.o
                0x0800c15c                HAL_FLASH_GetError
 .text.FLASH_Program_HalfWord
                0x0800c170       0x38 ./Drivers/STM32F1xx_HAL_Driver/Src/stm32f1xx_hal_flash.o
 .text.FLASH_WaitForLastOperation
                0x0800c1a8       0x8c ./Drivers/STM32F1xx_HAL_Driver/Src/stm32f1xx_hal_flash.o
                0x0800c1a8                FLASH_WaitForLastOperation
 .text.FLASH_SetErrorCode
                0x0800c234       0xa0 ./Drivers/STM32F1xx_HAL_Driver/Src/stm32f1xx_hal_flash.o
 .text.HAL_FLASHEx_Erase
                0x0800c2d4       0xd8 ./Drivers/STM32F1xx_HAL_Driver/Src/stm32f1xx_hal_flash_ex.o
                0x0800c2d4                HAL_FLASHEx_Erase
 .text.FLASH_MassErase
                0x0800c3ac       0x38 ./Drivers/STM32F1xx_HAL_Driver/Src/stm32f1xx_hal_flash_ex.o
 .text.FLASH_PageErase
                0x0800c3e4       0x40 ./Drivers/STM32F1xx_HAL_Driver/Src/stm32f1xx_hal_flash_ex.o
                0x0800c3e4                FLASH_PageErase
 .text.HAL_GPIO_Init
                0x0800c424      0x308 ./Drivers/STM32F1xx_HAL_Driver/Src/stm32f1xx_hal_gpio.o
                0x0800c424                HAL_GPIO_Init
 .text.HAL_GPIO_ReadPin
                0x0800c72c       0x2e ./Drivers/STM32F1xx_HAL_Driver/Src/stm32f1xx_hal_gpio.o
                0x0800c72c                HAL_GPIO_ReadPin
 .text.HAL_GPIO_WritePin
                0x0800c75a       0x30 ./Drivers/STM32F1xx_HAL_Driver/Src/stm32f1xx_hal_gpio.o
                0x0800c75a                HAL_GPIO_WritePin
 .text.HAL_GPIO_TogglePin
                0x0800c78a       0x32 ./Drivers/STM32F1xx_HAL_Driver/Src/stm32f1xx_hal_gpio.o
                0x0800c78a                HAL_GPIO_TogglePin
 .text.HAL_PWR_EnableBkUpAccess
                0x0800c7bc       0x18 ./Drivers/STM32F1xx_HAL_Driver/Src/stm32f1xx_hal_pwr.o
                0x0800c7bc                HAL_PWR_EnableBkUpAccess
 .text.HAL_RCC_OscConfig
                0x0800c7d4      0x50c ./Drivers/STM32F1xx_HAL_Driver/Src/stm32f1xx_hal_rcc.o
                0x0800c7d4                HAL_RCC_OscConfig
 .text.HAL_RCC_ClockConfig
                0x0800cce0      0x1d4 ./Drivers/STM32F1xx_HAL_Driver/Src/stm32f1xx_hal_rcc.o
                0x0800cce0                HAL_RCC_ClockConfig
 .text.HAL_RCC_GetSysClockFreq
                0x0800ceb4       0xa8 ./Drivers/STM32F1xx_HAL_Driver/Src/stm32f1xx_hal_rcc.o
                0x0800ceb4                HAL_RCC_GetSysClockFreq
 .text.HAL_RCC_GetHCLKFreq
                0x0800cf5c       0x14 ./Drivers/STM32F1xx_HAL_Driver/Src/stm32f1xx_hal_rcc.o
                0x0800cf5c                HAL_RCC_GetHCLKFreq
 .text.HAL_RCC_GetPCLK1Freq
                0x0800cf70       0x28 ./Drivers/STM32F1xx_HAL_Driver/Src/stm32f1xx_hal_rcc.o
                0x0800cf70                HAL_RCC_GetPCLK1Freq
 .text.HAL_RCC_GetPCLK2Freq
                0x0800cf98       0x28 ./Drivers/STM32F1xx_HAL_Driver/Src/stm32f1xx_hal_rcc.o
                0x0800cf98                HAL_RCC_GetPCLK2Freq
 .text.RCC_Delay
                0x0800cfc0       0x3c ./Drivers/STM32F1xx_HAL_Driver/Src/stm32f1xx_hal_rcc.o
 .text.HAL_RCCEx_PeriphCLKConfig
                0x0800cffc      0x16c ./Drivers/STM32F1xx_HAL_Driver/Src/stm32f1xx_hal_rcc_ex.o
                0x0800cffc                HAL_RCCEx_PeriphCLKConfig
 .text.HAL_RCCEx_GetPeriphCLKFreq
                0x0800d168      0x16c ./Drivers/STM32F1xx_HAL_Driver/Src/stm32f1xx_hal_rcc_ex.o
                0x0800d168                HAL_RCCEx_GetPeriphCLKFreq
 .text.HAL_RTC_Init
                0x0800d2d4      0x118 ./Drivers/STM32F1xx_HAL_Driver/Src/stm32f1xx_hal_rtc.o
                0x0800d2d4                HAL_RTC_Init
 .text.HAL_RTC_SetTime
                0x0800d3ec      0x12e ./Drivers/STM32F1xx_HAL_Driver/Src/stm32f1xx_hal_rtc.o
                0x0800d3ec                HAL_RTC_SetTime
 *fill*         0x0800d51a        0x2 
 .text.HAL_RTC_GetTime
                0x0800d51c      0x1b0 ./Drivers/STM32F1xx_HAL_Driver/Src/stm32f1xx_hal_rtc.o
                0x0800d51c                HAL_RTC_GetTime
 .text.HAL_RTC_SetDate
                0x0800d6cc      0x16c ./Drivers/STM32F1xx_HAL_Driver/Src/stm32f1xx_hal_rtc.o
                0x0800d6cc                HAL_RTC_SetDate
 .text.HAL_RTC_GetDate
                0x0800d838       0xa8 ./Drivers/STM32F1xx_HAL_Driver/Src/stm32f1xx_hal_rtc.o
                0x0800d838                HAL_RTC_GetDate
 .text.HAL_RTC_WaitForSynchro
                0x0800d8e0       0x5a ./Drivers/STM32F1xx_HAL_Driver/Src/stm32f1xx_hal_rtc.o
                0x0800d8e0                HAL_RTC_WaitForSynchro
 .text.RTC_ReadTimeCounter
                0x0800d93a       0x60 ./Drivers/STM32F1xx_HAL_Driver/Src/stm32f1xx_hal_rtc.o
 .text.RTC_WriteTimeCounter
                0x0800d99a       0x4e ./Drivers/STM32F1xx_HAL_Driver/Src/stm32f1xx_hal_rtc.o
 .text.RTC_ReadAlarmCounter
                0x0800d9e8       0x32 ./Drivers/STM32F1xx_HAL_Driver/Src/stm32f1xx_hal_rtc.o
 .text.RTC_WriteAlarmCounter
                0x0800da1a       0x4e ./Drivers/STM32F1xx_HAL_Driver/Src/stm32f1xx_hal_rtc.o
 .text.RTC_EnterInitMode
                0x0800da68       0x50 ./Drivers/STM32F1xx_HAL_Driver/Src/stm32f1xx_hal_rtc.o
 .text.RTC_ExitInitMode
                0x0800dab8       0x50 ./Drivers/STM32F1xx_HAL_Driver/Src/stm32f1xx_hal_rtc.o
 .text.RTC_ByteToBcd2
                0x0800db08       0x3a ./Drivers/STM32F1xx_HAL_Driver/Src/stm32f1xx_hal_rtc.o
 .text.RTC_Bcd2ToByte
                0x0800db42       0x3a ./Drivers/STM32F1xx_HAL_Driver/Src/stm32f1xx_hal_rtc.o
 .text.RTC_DateUpdate
                0x0800db7c      0x152 ./Drivers/STM32F1xx_HAL_Driver/Src/stm32f1xx_hal_rtc.o
 *fill*         0x0800dcce        0x2 
 .text.RTC_IsLeapYear
                0x0800dcd0       0x64 ./Drivers/STM32F1xx_HAL_Driver/Src/stm32f1xx_hal_rtc.o
 .text.RTC_WeekDayNum
                0x0800dd34       0xf0 ./Drivers/STM32F1xx_HAL_Driver/Src/stm32f1xx_hal_rtc.o
 .text.HAL_RTCEx_BKUPWrite
                0x0800de24       0x34 ./Drivers/STM32F1xx_HAL_Driver/Src/stm32f1xx_hal_rtc_ex.o
                0x0800de24                HAL_RTCEx_BKUPWrite
 .text.HAL_RTCEx_BKUPRead
                0x0800de58       0x38 ./Drivers/STM32F1xx_HAL_Driver/Src/stm32f1xx_hal_rtc_ex.o
                0x0800de58                HAL_RTCEx_BKUPRead
 .text.HAL_TIM_Base_Init
                0x0800de90       0x9e ./Drivers/STM32F1xx_HAL_Driver/Src/stm32f1xx_hal_tim.o
                0x0800de90                HAL_TIM_Base_Init
 *fill*         0x0800df2e        0x2 
 .text.HAL_TIM_Base_Start_IT
                0x0800df30       0xa4 ./Drivers/STM32F1xx_HAL_Driver/Src/stm32f1xx_hal_tim.o
                0x0800df30                HAL_TIM_Base_Start_IT
 .text.HAL_TIM_PWM_Init
                0x0800dfd4       0x9e ./Drivers/STM32F1xx_HAL_Driver/Src/stm32f1xx_hal_tim.o
                0x0800dfd4                HAL_TIM_PWM_Init
 *fill*         0x0800e072        0x2 
 .text.HAL_TIM_PWM_Start
                0x0800e074      0x144 ./Drivers/STM32F1xx_HAL_Driver/Src/stm32f1xx_hal_tim.o
                0x0800e074                HAL_TIM_PWM_Start
 .text.HAL_TIM_IRQHandler
                0x0800e1b8      0x1e0 ./Drivers/STM32F1xx_HAL_Driver/Src/stm32f1xx_hal_tim.o
                0x0800e1b8                HAL_TIM_IRQHandler
 .text.HAL_TIM_PWM_ConfigChannel
                0x0800e398      0x184 ./Drivers/STM32F1xx_HAL_Driver/Src/stm32f1xx_hal_tim.o
                0x0800e398                HAL_TIM_PWM_ConfigChannel
 .text.HAL_TIM_ConfigClockSource
                0x0800e51c      0x18e ./Drivers/STM32F1xx_HAL_Driver/Src/stm32f1xx_hal_tim.o
                0x0800e51c                HAL_TIM_ConfigClockSource
 .text.HAL_TIM_OC_DelayElapsedCallback
                0x0800e6aa       0x12 ./Drivers/STM32F1xx_HAL_Driver/Src/stm32f1xx_hal_tim.o
                0x0800e6aa                HAL_TIM_OC_DelayElapsedCallback
 .text.HAL_TIM_IC_CaptureCallback
                0x0800e6bc       0x12 ./Drivers/STM32F1xx_HAL_Driver/Src/stm32f1xx_hal_tim.o
                0x0800e6bc                HAL_TIM_IC_CaptureCallback
 .text.HAL_TIM_PWM_PulseFinishedCallback
                0x0800e6ce       0x12 ./Drivers/STM32F1xx_HAL_Driver/Src/stm32f1xx_hal_tim.o
                0x0800e6ce                HAL_TIM_PWM_PulseFinishedCallback
 .text.HAL_TIM_TriggerCallback
                0x0800e6e0       0x12 ./Drivers/STM32F1xx_HAL_Driver/Src/stm32f1xx_hal_tim.o
                0x0800e6e0                HAL_TIM_TriggerCallback
 *fill*         0x0800e6f2        0x2 
 .text.TIM_Base_SetConfig
                0x0800e6f4       0xdc ./Drivers/STM32F1xx_HAL_Driver/Src/stm32f1xx_hal_tim.o
                0x0800e6f4                TIM_Base_SetConfig
 .text.TIM_OC1_SetConfig
                0x0800e7d0       0xcc ./Drivers/STM32F1xx_HAL_Driver/Src/stm32f1xx_hal_tim.o
 .text.TIM_OC2_SetConfig
                0x0800e89c       0xd4 ./Drivers/STM32F1xx_HAL_Driver/Src/stm32f1xx_hal_tim.o
                0x0800e89c                TIM_OC2_SetConfig
 .text.TIM_OC3_SetConfig
                0x0800e970       0xd4 ./Drivers/STM32F1xx_HAL_Driver/Src/stm32f1xx_hal_tim.o
 .text.TIM_OC4_SetConfig
                0x0800ea44       0x9c ./Drivers/STM32F1xx_HAL_Driver/Src/stm32f1xx_hal_tim.o
 .text.TIM_TI1_ConfigInputStage
                0x0800eae0       0x5c ./Drivers/STM32F1xx_HAL_Driver/Src/stm32f1xx_hal_tim.o
 .text.TIM_TI2_ConfigInputStage
                0x0800eb3c       0x5e ./Drivers/STM32F1xx_HAL_Driver/Src/stm32f1xx_hal_tim.o
 .text.TIM_ITRx_SetConfig
                0x0800eb9a       0x34 ./Drivers/STM32F1xx_HAL_Driver/Src/stm32f1xx_hal_tim.o
 .text.TIM_ETR_SetConfig
                0x0800ebce       0x3e ./Drivers/STM32F1xx_HAL_Driver/Src/stm32f1xx_hal_tim.o
                0x0800ebce                TIM_ETR_SetConfig
 .text.TIM_CCxChannelCmd
                0x0800ec0c       0x48 ./Drivers/STM32F1xx_HAL_Driver/Src/stm32f1xx_hal_tim.o
                0x0800ec0c                TIM_CCxChannelCmd
 .text.HAL_TIMEx_MasterConfigSynchronization
                0x0800ec54       0xbc ./Drivers/STM32F1xx_HAL_Driver/Src/stm32f1xx_hal_tim_ex.o
                0x0800ec54                HAL_TIMEx_MasterConfigSynchronization
 .text.HAL_TIMEx_ConfigBreakDeadTime
                0x0800ed10       0xa2 ./Drivers/STM32F1xx_HAL_Driver/Src/stm32f1xx_hal_tim_ex.o
                0x0800ed10                HAL_TIMEx_ConfigBreakDeadTime
 .text.HAL_TIMEx_CommutCallback
                0x0800edb2       0x12 ./Drivers/STM32F1xx_HAL_Driver/Src/stm32f1xx_hal_tim_ex.o
                0x0800edb2                HAL_TIMEx_CommutCallback
 .text.HAL_TIMEx_BreakCallback
                0x0800edc4       0x12 ./Drivers/STM32F1xx_HAL_Driver/Src/stm32f1xx_hal_tim_ex.o
                0x0800edc4                HAL_TIMEx_BreakCallback
 .text.HAL_UART_Init
                0x0800edd6       0xa0 ./Drivers/STM32F1xx_HAL_Driver/Src/stm32f1xx_hal_uart.o
                0x0800edd6                HAL_UART_Init
 .text.HAL_UART_Transmit_IT
                0x0800ee76       0x6a ./Drivers/STM32F1xx_HAL_Driver/Src/stm32f1xx_hal_uart.o
                0x0800ee76                HAL_UART_Transmit_IT
 .text.HAL_UART_Receive_IT
                0x0800eee0       0x4a ./Drivers/STM32F1xx_HAL_Driver/Src/stm32f1xx_hal_uart.o
                0x0800eee0                HAL_UART_Receive_IT
 *fill*         0x0800ef2a        0x2 
 .text.HAL_UART_IRQHandler
                0x0800ef2c      0x524 ./Drivers/STM32F1xx_HAL_Driver/Src/stm32f1xx_hal_uart.o
                0x0800ef2c                HAL_UART_IRQHandler
 .text.HAL_UART_TxCpltCallback
                0x0800f450       0x12 ./Drivers/STM32F1xx_HAL_Driver/Src/stm32f1xx_hal_uart.o
                0x0800f450                HAL_UART_TxCpltCallback
 .text.HAL_UART_ErrorCallback
                0x0800f462       0x12 ./Drivers/STM32F1xx_HAL_Driver/Src/stm32f1xx_hal_uart.o
                0x0800f462                HAL_UART_ErrorCallback
 .text.HAL_UARTEx_RxEventCallback
                0x0800f474       0x16 ./Drivers/STM32F1xx_HAL_Driver/Src/stm32f1xx_hal_uart.o
                0x0800f474                HAL_UARTEx_RxEventCallback
 .text.UART_Start_Receive_IT
                0x0800f48a       0x72 ./Drivers/STM32F1xx_HAL_Driver/Src/stm32f1xx_hal_uart.o
                0x0800f48a                UART_Start_Receive_IT
 .text.UART_EndRxTransfer
                0x0800f4fc       0xc4 ./Drivers/STM32F1xx_HAL_Driver/Src/stm32f1xx_hal_uart.o
 .text.UART_DMAAbortOnError
                0x0800f5c0       0x28 ./Drivers/STM32F1xx_HAL_Driver/Src/stm32f1xx_hal_uart.o
 .text.UART_Transmit_IT
                0x0800f5e8       0x9e ./Drivers/STM32F1xx_HAL_Driver/Src/stm32f1xx_hal_uart.o
 .text.UART_EndTransmit_IT
                0x0800f686       0x30 ./Drivers/STM32F1xx_HAL_Driver/Src/stm32f1xx_hal_uart.o
 .text.UART_Receive_IT
                0x0800f6b6      0x17c ./Drivers/STM32F1xx_HAL_Driver/Src/stm32f1xx_hal_uart.o
 *fill*         0x0800f832        0x2 
 .text.UART_SetConfig
                0x0800f834      0x11c ./Drivers/STM32F1xx_HAL_Driver/Src/stm32f1xx_hal_uart.o
 .text.memset   0x0800f950       0x10 C:/ST/STM32CubeIDE_1.16.0/STM32CubeIDE/plugins/com.st.stm32cube.ide.mcu.externaltools.gnu-tools-for-stm32.13.3.rel1.win32_1.0.0.202411081344/tools/bin/../lib/gcc/arm-none-eabi/13.3.1/../../../../arm-none-eabi/lib/thumb/v7-m/nofp\libc_nano.a(libc_a-memset.o)
                0x0800f950                memset
 .text.__errno  0x0800f960        0xc C:/ST/STM32CubeIDE_1.16.0/STM32CubeIDE/plugins/com.st.stm32cube.ide.mcu.externaltools.gnu-tools-for-stm32.13.3.rel1.win32_1.0.0.202411081344/tools/bin/../lib/gcc/arm-none-eabi/13.3.1/../../../../arm-none-eabi/lib/thumb/v7-m/nofp\libc_nano.a(libc_a-errno.o)
                0x0800f960                __errno
 .text.__libc_init_array
                0x0800f96c       0x48 C:/ST/STM32CubeIDE_1.16.0/STM32CubeIDE/plugins/com.st.stm32cube.ide.mcu.externaltools.gnu-tools-for-stm32.13.3.rel1.win32_1.0.0.202411081344/tools/bin/../lib/gcc/arm-none-eabi/13.3.1/../../../../arm-none-eabi/lib/thumb/v7-m/nofp\libc_nano.a(libc_a-init.o)
                0x0800f96c                __libc_init_array
 .text.log      0x0800f9b4       0x64 C:/ST/STM32CubeIDE_1.16.0/STM32CubeIDE/plugins/com.st.stm32cube.ide.mcu.externaltools.gnu-tools-for-stm32.13.3.rel1.win32_1.0.0.202411081344/tools/bin/../lib/gcc/arm-none-eabi/13.3.1/../../../../arm-none-eabi/lib/thumb/v7-m/nofp\libm.a(libm_a-w_log.o)
                0x0800f9b4                log
 .text.nan      0x0800fa18        0xc C:/ST/STM32CubeIDE_1.16.0/STM32CubeIDE/plugins/com.st.stm32cube.ide.mcu.externaltools.gnu-tools-for-stm32.13.3.rel1.win32_1.0.0.202411081344/tools/bin/../lib/gcc/arm-none-eabi/13.3.1/../../../../arm-none-eabi/lib/thumb/v7-m/nofp\libm.a(libm_a-s_nan.o)
                0x0800fa18                nan
 *fill*         0x0800fa24        0x4 
 .text.__ieee754_log
                0x0800fa28      0x364 C:/ST/STM32CubeIDE_1.16.0/STM32CubeIDE/plugins/com.st.stm32cube.ide.mcu.externaltools.gnu-tools-for-stm32.13.3.rel1.win32_1.0.0.202411081344/tools/bin/../lib/gcc/arm-none-eabi/13.3.1/../../../../arm-none-eabi/lib/thumb/v7-m/nofp\libm.a(libm_a-e_log.o)
                0x0800fa28                __ieee754_log
 *(.glue_7)
 .glue_7        0x0800fd8c        0x0 linker stubs
 *(.glue_7t)
 .glue_7t       0x0800fd8c        0x0 linker stubs
 *(.eh_frame)
 .eh_frame      0x0800fd8c        0x0 C:/ST/STM32CubeIDE_1.16.0/STM32CubeIDE/plugins/com.st.stm32cube.ide.mcu.externaltools.gnu-tools-for-stm32.13.3.rel1.win32_1.0.0.202411081344/tools/bin/../lib/gcc/arm-none-eabi/13.3.1/thumb/v7-m/nofp/crtbegin.o
 *(.init)
 .init          0x0800fd8c        0x4 C:/ST/STM32CubeIDE_1.16.0/STM32CubeIDE/plugins/com.st.stm32cube.ide.mcu.externaltools.gnu-tools-for-stm32.13.3.rel1.win32_1.0.0.202411081344/tools/bin/../lib/gcc/arm-none-eabi/13.3.1/thumb/v7-m/nofp/crti.o
                0x0800fd8c                _init
 .init          0x0800fd90        0x8 C:/ST/STM32CubeIDE_1.16.0/STM32CubeIDE/plugins/com.st.stm32cube.ide.mcu.externaltools.gnu-tools-for-stm32.13.3.rel1.win32_1.0.0.202411081344/tools/bin/../lib/gcc/arm-none-eabi/13.3.1/thumb/v7-m/nofp/crtn.o
 *(.fini)
 .fini          0x0800fd98        0x4 C:/ST/STM32CubeIDE_1.16.0/STM32CubeIDE/plugins/com.st.stm32cube.ide.mcu.externaltools.gnu-tools-for-stm32.13.3.rel1.win32_1.0.0.202411081344/tools/bin/../lib/gcc/arm-none-eabi/13.3.1/thumb/v7-m/nofp/crti.o
                0x0800fd98                _fini
 .fini          0x0800fd9c        0x8 C:/ST/STM32CubeIDE_1.16.0/STM32CubeIDE/plugins/com.st.stm32cube.ide.mcu.externaltools.gnu-tools-for-stm32.13.3.rel1.win32_1.0.0.202411081344/tools/bin/../lib/gcc/arm-none-eabi/13.3.1/thumb/v7-m/nofp/crtn.o
                0x0800fda4                        . = ALIGN (0x4)
                0x0800fda4                        _etext = .

.vfp11_veneer   0x0800fda4        0x0
 .vfp11_veneer  0x0800fda4        0x0 linker stubs

.v4_bx          0x0800fda4        0x0
 .v4_bx         0x0800fda4        0x0 linker stubs

.iplt           0x0800fda4        0x0
 .iplt          0x0800fda4        0x0 C:/ST/STM32CubeIDE_1.16.0/STM32CubeIDE/plugins/com.st.stm32cube.ide.mcu.externaltools.gnu-tools-for-stm32.13.3.rel1.win32_1.0.0.202411081344/tools/bin/../lib/gcc/arm-none-eabi/13.3.1/thumb/v7-m/nofp/crtbegin.o

.rodata         0x0800fda4       0x40
                0x0800fda4                        . = ALIGN (0x4)
 *(.rodata)
 *(.rodata*)
 .rodata.AHBPrescTable
                0x0800fda4       0x10 ./Core/Src/system_stm32f1xx.o
                0x0800fda4                AHBPrescTable
 .rodata.APBPrescTable
                0x0800fdb4        0x8 ./Core/Src/system_stm32f1xx.o
                0x0800fdb4                APBPrescTable
 .rodata.aPLLMULFactorTable.1
                0x0800fdbc       0x10 ./Drivers/STM32F1xx_HAL_Driver/Src/stm32f1xx_hal_rcc.o
 .rodata.aPredivFactorTable.0
                0x0800fdcc        0x2 ./Drivers/STM32F1xx_HAL_Driver/Src/stm32f1xx_hal_rcc.o
 *fill*         0x0800fdce        0x2 
 .rodata.aPLLMULFactorTable.1
                0x0800fdd0       0x10 ./Drivers/STM32F1xx_HAL_Driver/Src/stm32f1xx_hal_rcc_ex.o
 .rodata.aPredivFactorTable.0
                0x0800fde0        0x2 ./Drivers/STM32F1xx_HAL_Driver/Src/stm32f1xx_hal_rcc_ex.o
 .rodata.log.str1.1
                0x0800fde2        0x1 C:/ST/STM32CubeIDE_1.16.0/STM32CubeIDE/plugins/com.st.stm32cube.ide.mcu.externaltools.gnu-tools-for-stm32.13.3.rel1.win32_1.0.0.202411081344/tools/bin/../lib/gcc/arm-none-eabi/13.3.1/../../../../arm-none-eabi/lib/thumb/v7-m/nofp\libm.a(libm_a-w_log.o)
                0x0800fde4                        . = ALIGN (0x4)
 *fill*         0x0800fde3        0x1 

.ARM.extab      0x0800fde4        0x0
                0x0800fde4                        . = ALIGN (0x4)
 *(.ARM.extab* .gnu.linkonce.armextab.*)
                0x0800fde4                        . = ALIGN (0x4)

.ARM            0x0800fde4        0x8
                0x0800fde4                        . = ALIGN (0x4)
                0x0800fde4                        __exidx_start = .
 *(.ARM.exidx*)
 .ARM.exidx     0x0800fde4        0x8 C:/ST/STM32CubeIDE_1.16.0/STM32CubeIDE/plugins/com.st.stm32cube.ide.mcu.externaltools.gnu-tools-for-stm32.13.3.rel1.win32_1.0.0.202411081344/tools/bin/../lib/gcc/arm-none-eabi/13.3.1/thumb/v7-m/nofp\libgcc.a(_udivmoddi4.o)
                0x0800fdec                        __exidx_end = .
                0x0800fdec                        . = ALIGN (0x4)

.rel.dyn        0x0800fdec        0x0
 .rel.iplt      0x0800fdec        0x0 C:/ST/STM32CubeIDE_1.16.0/STM32CubeIDE/plugins/com.st.stm32cube.ide.mcu.externaltools.gnu-tools-for-stm32.13.3.rel1.win32_1.0.0.202411081344/tools/bin/../lib/gcc/arm-none-eabi/13.3.1/thumb/v7-m/nofp/crtbegin.o

.preinit_array  0x0800fdec        0x0
                0x0800fdec                        . = ALIGN (0x4)
                0x0800fdec                        PROVIDE (__preinit_array_start = .)
 *(.preinit_array*)
                0x0800fdec                        PROVIDE (__preinit_array_end = .)
                0x0800fdec                        . = ALIGN (0x4)

.init_array     0x0800fdec        0x4
                0x0800fdec                        . = ALIGN (0x4)
                0x0800fdec                        PROVIDE (__init_array_start = .)
 *(SORT_BY_NAME(.init_array.*))
 *(.init_array*)
 .init_array    0x0800fdec        0x4 C:/ST/STM32CubeIDE_1.16.0/STM32CubeIDE/plugins/com.st.stm32cube.ide.mcu.externaltools.gnu-tools-for-stm32.13.3.rel1.win32_1.0.0.202411081344/tools/bin/../lib/gcc/arm-none-eabi/13.3.1/thumb/v7-m/nofp/crtbegin.o
                0x0800fdf0                        PROVIDE (__init_array_end = .)
                0x0800fdf0                        . = ALIGN (0x4)

.fini_array     0x0800fdf0        0x4
                0x0800fdf0                        . = ALIGN (0x4)
                [!provide]                        PROVIDE (__fini_array_start = .)
 *(SORT_BY_NAME(.fini_array.*))
 *(.fini_array*)
 .fini_array    0x0800fdf0        0x4 C:/ST/STM32CubeIDE_1.16.0/STM32CubeIDE/plugins/com.st.stm32cube.ide.mcu.externaltools.gnu-tools-for-stm32.13.3.rel1.win32_1.0.0.202411081344/tools/bin/../lib/gcc/arm-none-eabi/13.3.1/thumb/v7-m/nofp/crtbegin.o
                [!provide]                        PROVIDE (__fini_array_end = .)
                0x0800fdf4                        . = ALIGN (0x4)
                0x0800fdf4                        _sidata = LOADADDR (.data)

.data           0x20000000       0x6c load address 0x0800fdf4
                0x20000000                        . = ALIGN (0x4)
                0x20000000                        _sdata = .
 *(.data)
 *(.data*)
 .data.RxSerialState
                0x20000000        0x1 ./Core/Inc/CSMS.o
 *fill*         0x20000001        0x3 
 .data.adc_min  0x20000004        0x4 ./Core/Inc/control_pilot.o
                0x20000004                adc_min
 .data.currentState
                0x20000008        0x1 ./Core/Inc/data_structures.o
                0x20000008                currentState
 .data.previousState
                0x20000009        0x1 ./Core/Inc/data_structures.o
                0x20000009                previousState
 .data.stateEntry_flag
                0x2000000a        0x1 ./Core/Inc/data_structures.o
                0x2000000a                stateEntry_flag
 .data.networkSide_bootup
                0x2000000b        0x1 ./Core/Inc/data_structures.o
                0x2000000b                networkSide_bootup
 .data.Modbus_RxSerialState
                0x2000000c        0x1 ./Core/Inc/modbus_devices/modbusRTU.o
 *fill*         0x2000000d        0x3 
 .data.SystemCoreClock
                0x20000010        0x4 ./Core/Src/system_stm32f1xx.o
                0x20000010                SystemCoreClock
 .data.uwTickPrio
                0x20000014        0x4 ./Drivers/STM32F1xx_HAL_Driver/Src/stm32f1xx_hal.o
                0x20000014                uwTickPrio
 .data.uwTickFreq
                0x20000018        0x1 ./Drivers/STM32F1xx_HAL_Driver/Src/stm32f1xx_hal.o
                0x20000018                uwTickFreq
 *fill*         0x20000019        0x3 
 .data._impure_ptr
                0x2000001c        0x4 C:/ST/STM32CubeIDE_1.16.0/STM32CubeIDE/plugins/com.st.stm32cube.ide.mcu.externaltools.gnu-tools-for-stm32.13.3.rel1.win32_1.0.0.202411081344/tools/bin/../lib/gcc/arm-none-eabi/13.3.1/../../../../arm-none-eabi/lib/thumb/v7-m/nofp\libc_nano.a(libc_a-impure.o)
                0x2000001c                _impure_ptr
 .data._impure_data
                0x20000020       0x4c C:/ST/STM32CubeIDE_1.16.0/STM32CubeIDE/plugins/com.st.stm32cube.ide.mcu.externaltools.gnu-tools-for-stm32.13.3.rel1.win32_1.0.0.202411081344/tools/bin/../lib/gcc/arm-none-eabi/13.3.1/../../../../arm-none-eabi/lib/thumb/v7-m/nofp\libc_nano.a(libc_a-impure.o)
                0x20000020                _impure_data
 *(.RamFunc)
 *(.RamFunc*)
                0x2000006c                        . = ALIGN (0x4)
                0x2000006c                        _edata = .

.igot.plt       0x2000006c        0x0 load address 0x0800fe60
 .igot.plt      0x2000006c        0x0 C:/ST/STM32CubeIDE_1.16.0/STM32CubeIDE/plugins/com.st.stm32cube.ide.mcu.externaltools.gnu-tools-for-stm32.13.3.rel1.win32_1.0.0.202411081344/tools/bin/../lib/gcc/arm-none-eabi/13.3.1/thumb/v7-m/nofp/crtbegin.o
                0x2000006c                        . = ALIGN (0x4)

.bss            0x20000070     0x1770 load address 0x0800fe60
                0x20000070                        _sbss = .
                0x20000070                        __bss_start__ = _sbss
 *(.bss)
 .bss           0x20000070       0x1c C:/ST/STM32CubeIDE_1.16.0/STM32CubeIDE/plugins/com.st.stm32cube.ide.mcu.externaltools.gnu-tools-for-stm32.13.3.rel1.win32_1.0.0.202411081344/tools/bin/../lib/gcc/arm-none-eabi/13.3.1/thumb/v7-m/nofp/crtbegin.o
 *(.bss*)
 .bss.CSMS      0x2000008c       0x1e ./Core/Inc/CSMS.o
                0x2000008c                CSMS
 *fill*         0x200000aa        0x2 
 .bss.CSMS_Queue
                0x200000ac      0x662 ./Core/Inc/CSMS.o
                0x200000ac                CSMS_Queue
 *fill*         0x2000070e        0x2 
 .bss.RxBuffer  0x20000710       0x64 ./Core/Inc/CSMS.o
 .bss.RxBufferPos
                0x20000774        0x1 ./Core/Inc/CSMS.o
 .bss.RxPcktCpltFlag
                0x20000775        0x1 ./Core/Inc/CSMS.o
 *fill*         0x20000776        0x2 
 .bss.pingPongCount
                0x20000778        0x4 ./Core/Inc/CSMS.o
 .bss.rxFlag    0x2000077c        0x1 ./Core/Inc/CSMS.o
 *fill*         0x2000077d        0x3 
 .bss.RxBusTimeout
                0x20000780        0x4 ./Core/Inc/CSMS.o
 .bss.RxSerialFaultTimeout
                0x20000784        0x4 ./Core/Inc/CSMS.o
 .bss.index.3   0x20000788        0x1 ./Core/Inc/CSMS.o
 .bss.instruction.2
                0x20000789        0x1 ./Core/Inc/CSMS.o
 .bss.RxBufferFlush.1
                0x2000078a        0x1 ./Core/Inc/CSMS.o
 .bss.RxCount.0
                0x2000078b        0x1 ./Core/Inc/CSMS.o
 .bss.OTA_flag  0x2000078c        0x1 ./Core/Inc/OTA.o
                0x2000078c                OTA_flag
 *fill*         0x2000078d        0x3 
 .bss.EraseInitStruct.0
                0x20000790       0x10 ./Core/Inc/OTA.o
 .bss.adc_max   0x200007a0        0x2 ./Core/Inc/control_pilot.o
                0x200007a0                adc_max
 *fill*         0x200007a2        0x2 
 .bss.cp_min_sum
                0x200007a4        0x4 ./Core/Inc/control_pilot.o
                0x200007a4                cp_min_sum
 .bss.cp_min_avg
                0x200007a8        0x2 ./Core/Inc/control_pilot.o
                0x200007a8                cp_min_avg
 *fill*         0x200007aa        0x2 
 .bss.cp_max_sum
                0x200007ac        0x4 ./Core/Inc/control_pilot.o
                0x200007ac                cp_max_sum
 .bss.cp_max_avg
                0x200007b0        0x2 ./Core/Inc/control_pilot.o
                0x200007b0                cp_max_avg
 *fill*         0x200007b2        0x2 
 .bss.cp_min_count
                0x200007b4        0x4 ./Core/Inc/control_pilot.o
                0x200007b4                cp_min_count
 .bss.cp_max_count
                0x200007b8        0x4 ./Core/Inc/control_pilot.o
                0x200007b8                cp_max_count
 .bss.cp_min_count2
                0x200007bc        0x4 ./Core/Inc/control_pilot.o
                0x200007bc                cp_min_count2
 .bss.cp_max_count2
                0x200007c0        0x4 ./Core/Inc/control_pilot.o
                0x200007c0                cp_max_count2
 .bss.adc_high  0x200007c4       0x64 ./Core/Inc/control_pilot.o
                0x200007c4                adc_high
 .bss.adc_low   0x20000828       0x64 ./Core/Inc/control_pilot.o
                0x20000828                adc_low
 .bss.dataCollected1
                0x2000088c        0x1 ./Core/Inc/control_pilot.o
                0x2000088c                dataCollected1
 .bss.dataCollected2
                0x2000088d        0x1 ./Core/Inc/control_pilot.o
                0x2000088d                dataCollected2
 .bss.max_done  0x2000088e        0x1 ./Core/Inc/control_pilot.o
                0x2000088e                max_done
 .bss.min_done  0x2000088f        0x1 ./Core/Inc/control_pilot.o
                0x2000088f                min_done
 .bss.adcSample_buf1
                0x20000890       0x64 ./Core/Inc/control_pilot.o
                0x20000890                adcSample_buf1
 .bss.adcSample_buf1_count
                0x200008f4        0x2 ./Core/Inc/control_pilot.o
                0x200008f4                adcSample_buf1_count
 .bss.temp_adc  0x200008f6        0x2 ./Core/Inc/control_pilot.o
                0x200008f6                temp_adc
 .bss.diodeCheck_flag
                0x200008f8        0x1 ./Core/Inc/control_pilot.o
                0x200008f8                diodeCheck_flag
 .bss.diodeCheck_passed
                0x200008f9        0x1 ./Core/Inc/control_pilot.o
                0x200008f9                diodeCheck_passed
 .bss.PWMActive_InCounter
                0x200008fa        0x2 ./Core/Inc/control_pilot.o
                0x200008fa                PWMActive_InCounter
 .bss.PWMActive_OutCounter
                0x200008fc        0x2 ./Core/Inc/control_pilot.o
                0x200008fc                PWMActive_OutCounter
 .bss.CPFault_errorInCounter
                0x200008fe        0x2 ./Core/Inc/control_pilot.o
                0x200008fe                CPFault_errorInCounter
 .bss.CPFault_errorOutCounter
                0x20000900        0x2 ./Core/Inc/control_pilot.o
                0x20000900                CPFault_errorOutCounter
 .bss.vehile_pluged
                0x20000902        0x1 ./Core/Inc/control_pilot.o
                0x20000902                vehile_pluged
 .bss.cp_readings_done
                0x20000903        0x1 ./Core/Inc/control_pilot.o
                0x20000903                cp_readings_done
 .bss.saveCP    0x20000904        0x6 ./Core/Inc/control_pilot.o
                0x20000904                saveCP
 *fill*         0x2000090a        0x2 
 .bss.readCP    0x2000090c        0x6 ./Core/Inc/control_pilot.o
                0x2000090c                readCP
 .bss.vehicle_checkInCounter
                0x20000912        0x1 ./Core/Inc/control_pilot.o
                0x20000912                vehicle_checkInCounter
 .bss.vehicle_checkOutCounter
                0x20000913        0x1 ./Core/Inc/control_pilot.o
                0x20000913                vehicle_checkOutCounter
 .bss.diff.0    0x20000914        0x2 ./Core/Inc/control_pilot.o
 *fill*         0x20000916        0x2 
 .bss.controlSide_data
                0x20000918       0x1c ./Core/Inc/data_structures.o
                0x20000918                controlSide_data
 .bss.powerSide_data
                0x20000934       0x30 ./Core/Inc/data_structures.o
                0x20000934                powerSide_data
 .bss.networkSide_data
                0x20000964       0x22 ./Core/Inc/data_structures.o
                0x20000964                networkSide_data
 *fill*         0x20000986        0x2 
 .bss.adc_store
                0x20000988       0x16 ./Core/Inc/data_structures.o
                0x20000988                adc_store
 .bss.cpMin_reached
                0x2000099e        0x1 ./Core/Inc/data_structures.o
                0x2000099e                cpMin_reached
 .bss.charger_init_flag
                0x2000099f        0x1 ./Core/Inc/data_structures.o
                0x2000099f                charger_init_flag
 .bss.charger_setup_flag
                0x200009a0        0x1 ./Core/Inc/data_structures.o
                0x200009a0                charger_setup_flag
 *fill*         0x200009a1        0x3 
 .bss.cpdata    0x200009a4        0xc ./Core/Inc/data_structures.o
                0x200009a4                cpdata
 .bss.charger_configGet
                0x200009b0       0x14 ./Core/Inc/data_structures.o
                0x200009b0                charger_configGet
 .bss.charger_configSet
                0x200009c4       0x14 ./Core/Inc/data_structures.o
                0x200009c4                charger_configSet
 .bss.config_get
                0x200009d8       0x12 ./Core/Inc/data_structures.o
                0x200009d8                config_get
 *fill*         0x200009ea        0x2 
 .bss.config_set
                0x200009ec       0x12 ./Core/Inc/data_structures.o
                0x200009ec                config_set
 *fill*         0x200009fe        0x2 
 .bss.hw_version
                0x20000a00        0x3 ./Core/Inc/data_structures.o
                0x20000a00                hw_version
 *fill*         0x20000a03        0x1 
 .bss.hw_verion_get
                0x20000a04        0x4 ./Core/Inc/data_structures.o
                0x20000a04                hw_verion_get
 .bss.VREF      0x20000a08        0x4 ./Core/Inc/data_structures.o
                0x20000a08                VREF
 .bss.VREF_SUM  0x20000a0c        0x4 ./Core/Inc/data_structures.o
                0x20000a0c                VREF_SUM
 .bss.VREF_AVG  0x20000a10        0x4 ./Core/Inc/data_structures.o
                0x20000a10                VREF_AVG
 .bss.vref_count
                0x20000a14        0x1 ./Core/Inc/data_structures.o
                0x20000a14                vref_count
 .bss.buzzer_en
                0x20000a15        0x1 ./Core/Inc/data_structures.o
                0x20000a15                buzzer_en
 .bss.CFB_inCounter
                0x20000a16        0x1 ./Core/Inc/gpio_feedback.o
                0x20000a16                CFB_inCounter
 .bss.CFB_outCounter
                0x20000a17        0x1 ./Core/Inc/gpio_feedback.o
                0x20000a17                CFB_outCounter
 .bss.measure_energy
                0x20000a18        0x1 ./Core/Inc/power_measure.o
                0x20000a18                measure_energy
 *fill*         0x20000a19        0x3 
 .bss.start_energy
                0x20000a1c        0x4 ./Core/Inc/power_measure.o
                0x20000a1c                start_energy
 .bss.energy_error_count
                0x20000a20        0x2 ./Core/Inc/power_measure.o
                0x20000a20                energy_error_count
 *fill*         0x20000a22        0x2 
 .bss.temp.0    0x20000a24        0x4 ./Core/Inc/power_measure.o
 .bss.stuck_relay_test
                0x20000a28        0x1 ./Core/Inc/protection.o
                0x20000a28                stuck_relay_test
 .bss.gfic_test_run
                0x20000a29        0x1 ./Core/Inc/protection.o
                0x20000a29                gfic_test_run
 .bss.gfic_reset
                0x20000a2a        0x1 ./Core/Inc/protection.o
                0x20000a2a                gfic_reset
 .bss.run_GFITest
                0x20000a2b        0x1 ./Core/Inc/protection.o
                0x20000a2b                run_GFITest
 .bss.GFCI_errorCounter
                0x20000a2c        0x1 ./Core/Inc/protection.o
                0x20000a2c                GFCI_errorCounter
 .bss.GFI_triggered
                0x20000a2d        0x1 ./Core/Inc/protection.o
 .bss.GFI_errorInCounter
                0x20000a2e        0x2 ./Core/Inc/protection.o
                0x20000a2e                GFI_errorInCounter
 .bss.GFI_errorOutCounter
                0x20000a30        0x2 ./Core/Inc/protection.o
                0x20000a30                GFI_errorOutCounter
 .bss.OC_errorInCounter
                0x20000a32        0x2 ./Core/Inc/protection.o
                0x20000a32                OC_errorInCounter
 .bss.OC_errorOutCounter
                0x20000a34        0x2 ./Core/Inc/protection.o
                0x20000a34                OC_errorOutCounter
 .bss.UV_errorInCounter
                0x20000a36        0x2 ./Core/Inc/protection.o
                0x20000a36                UV_errorInCounter
 .bss.UV_errorOutCounter
                0x20000a38        0x2 ./Core/Inc/protection.o
                0x20000a38                UV_errorOutCounter
 .bss.OV_errorInCounter
                0x20000a3a        0x2 ./Core/Inc/protection.o
                0x20000a3a                OV_errorInCounter
 .bss.OV_errorOutCounter
                0x20000a3c        0x2 ./Core/Inc/protection.o
                0x20000a3c                OV_errorOutCounter
 .bss.PL_errorInCounter
                0x20000a3e        0x2 ./Core/Inc/protection.o
                0x20000a3e                PL_errorInCounter
 .bss.PL_errorOutCounter
                0x20000a40        0x2 ./Core/Inc/protection.o
                0x20000a40                PL_errorOutCounter
 .bss.Freq_errorInCounter
                0x20000a42        0x2 ./Core/Inc/protection.o
                0x20000a42                Freq_errorInCounter
 .bss.Freq_errorOutCounter
                0x20000a44        0x2 ./Core/Inc/protection.o
                0x20000a44                Freq_errorOutCounter
 .bss.SC_errorInCounter
                0x20000a46        0x2 ./Core/Inc/protection.o
                0x20000a46                SC_errorInCounter
 .bss.OT_errorInCounter
                0x20000a48        0x2 ./Core/Inc/protection.o
                0x20000a48                OT_errorInCounter
 .bss.OT_errorOutCounter
                0x20000a4a        0x2 ./Core/Inc/protection.o
                0x20000a4a                OT_errorOutCounter
 .bss.error_buffer
                0x20000a4c        0x5 ./Core/Inc/protection.o
                0x20000a4c                error_buffer
 .bss.currentError
                0x20000a51        0x1 ./Core/Inc/protection.o
                0x20000a51                currentError
 .bss.previousError
                0x20000a52        0x1 ./Core/Inc/protection.o
                0x20000a52                previousError
 .bss.errorLog_count
                0x20000a53        0x1 ./Core/Inc/protection.o
                0x20000a53                errorLog_count
 .bss.GFI_bypasss_flag
                0x20000a54        0x1 ./Core/Inc/protection.o
                0x20000a54                GFI_bypasss_flag
 .bss.state.1   0x20000a55        0x1 ./Core/Inc/protection.o
 .bss.id.0      0x20000a56        0x1 ./Core/Inc/protection.o
 *fill*         0x20000a57        0x1 
 .bss.RtcTime   0x20000a58        0x3 ./Core/Inc/rtc.o
                0x20000a58                RtcTime
 *fill*         0x20000a5b        0x1 
 .bss.RtcDate   0x20000a5c        0x4 ./Core/Inc/rtc.o
                0x20000a5c                RtcDate
 .bss.rtcUpdate_time
                0x20000a60        0x3 ./Core/Inc/rtc.o
                0x20000a60                rtcUpdate_time
 *fill*         0x20000a63        0x1 
 .bss.rtcUpdate_date
                0x20000a64        0x4 ./Core/Inc/rtc.o
                0x20000a64                rtcUpdate_date
 .bss.weekdayOn
                0x20000a68        0x3 ./Core/Inc/rtc.o
                0x20000a68                weekdayOn
 *fill*         0x20000a6b        0x1 
 .bss.weekdayOff
                0x20000a6c        0x3 ./Core/Inc/rtc.o
                0x20000a6c                weekdayOff
 *fill*         0x20000a6f        0x1 
 .bss.weekendOn
                0x20000a70        0x3 ./Core/Inc/rtc.o
                0x20000a70                weekendOn
 *fill*         0x20000a73        0x1 
 .bss.weekendOff
                0x20000a74        0x3 ./Core/Inc/rtc.o
                0x20000a74                weekendOff
 .bss.rtcUpdate
                0x20000a77        0x1 ./Core/Inc/rtc.o
                0x20000a77                rtcUpdate
 .bss.rtcUpdateComplete
                0x20000a78        0x1 ./Core/Inc/rtc.o
                0x20000a78                rtcUpdateComplete
 .bss.rtcUpdateAlarm
                0x20000a79        0x1 ./Core/Inc/rtc.o
                0x20000a79                rtcUpdateAlarm
 .bss.rtcUpdateAlarmComplete
                0x20000a7a        0x1 ./Core/Inc/rtc.o
                0x20000a7a                rtcUpdateAlarmComplete
 .bss.alarmWeekday_active
                0x20000a7b        0x1 ./Core/Inc/rtc.o
                0x20000a7b                alarmWeekday_active
 .bss.alarmWeekend_active
                0x20000a7c        0x1 ./Core/Inc/rtc.o
                0x20000a7c                alarmWeekend_active
 .bss.bootup_timeUpdate
                0x20000a7d        0x1 ./Core/Inc/rtc.o
                0x20000a7d                bootup_timeUpdate
 .bss.schedule_timeUpdate
                0x20000a7e        0x1 ./Core/Inc/rtc.o
                0x20000a7e                schedule_timeUpdate
 .bss.scheduleOnOff
                0x20000a7f        0x1 ./Core/Inc/rtc.o
                0x20000a7f                scheduleOnOff
 .bss.alarmCount
                0x20000a80        0x1 ./Core/Inc/rtc.o
                0x20000a80                alarmCount
 *fill*         0x20000a81        0x1 
 .bss.currentTime
                0x20000a82        0x2 ./Core/Inc/rtc.o
                0x20000a82                currentTime
 .bss.offTime   0x20000a84        0x2 ./Core/Inc/rtc.o
                0x20000a84                offTime
 .bss.onTime    0x20000a86        0x2 ./Core/Inc/rtc.o
                0x20000a86                onTime
 .bss.scheduleCharge_active
                0x20000a88        0x1 ./Core/Inc/rtc.o
                0x20000a88                scheduleCharge_active
 *fill*         0x20000a89        0x1 
 .bss.weekend_on
                0x20000a8a        0x2 ./Core/Inc/rtc.o
                0x20000a8a                weekend_on
 .bss.unix1     0x20000a8c        0x2 ./Core/Inc/rtc.o
                0x20000a8c                unix1
 .bss.unix2     0x20000a8e        0x2 ./Core/Inc/rtc.o
                0x20000a8e                unix2
 .bss.unix_time_set
                0x20000a90        0x4 ./Core/Inc/rtc.o
                0x20000a90                unix_time_set
 .bss.unix_time_get
                0x20000a94        0x4 ./Core/Inc/rtc.o
                0x20000a94                unix_time_get
 .bss.unix_time
                0x20000a98        0x3 ./Core/Inc/rtc.o
                0x20000a98                unix_time
 *fill*         0x20000a9b        0x1 
 .bss.unix_date
                0x20000a9c        0x4 ./Core/Inc/rtc.o
                0x20000a9c                unix_date
 .bss.stateA_counter
                0x20000aa0        0x2 ./Core/Inc/state_machine.o
                0x20000aa0                stateA_counter
 .bss.stateB_counter
                0x20000aa2        0x2 ./Core/Inc/state_machine.o
                0x20000aa2                stateB_counter
 .bss.stateC_counter
                0x20000aa4        0x2 ./Core/Inc/state_machine.o
                0x20000aa4                stateC_counter
 .bss.manual_off
                0x20000aa6        0x1 ./Core/Inc/state_machine.o
                0x20000aa6                manual_off
 .bss.manual_on
                0x20000aa7        0x1 ./Core/Inc/state_machine.o
                0x20000aa7                manual_on
 .bss.timeout   0x20000aa8       0x14 ./Core/Inc/timer.o
                0x20000aa8                timeout
 .bss.gfi_test  0x20000abc       0x14 ./Core/Inc/timer.o
                0x20000abc                gfi_test
 .bss.rtc_checkCounter
                0x20000ad0       0x14 ./Core/Inc/timer.o
                0x20000ad0                rtc_checkCounter
 .bss.rtc_updateCounter
                0x20000ae4       0x14 ./Core/Inc/timer.o
                0x20000ae4                rtc_updateCounter
 .bss.load_balance6s
                0x20000af8       0x14 ./Core/Inc/timer.o
                0x20000af8                load_balance6s
 .bss.error_handler
                0x20000b0c       0x14 ./Core/Inc/timer.o
                0x20000b0c                error_handler
 .bss.ADL       0x20000b20       0x30 ./Core/Inc/modbus_devices/eMeter.o
                0x20000b20                ADL
 .bss.emeter_bootup
                0x20000b50        0x1 ./Core/Inc/modbus_devices/eMeter.o
                0x20000b50                emeter_bootup
 *fill*         0x20000b51        0x3 
 .bss.Modbus_Queue
                0x20000b54      0x8a4 ./Core/Inc/modbus_devices/modbusRTU.o
                0x20000b54                Modbus_Queue
 .bss.txID      0x200013f8        0x4 ./Core/Inc/modbus_devices/modbusRTU.o
 .bss.txFlag    0x200013fc        0x1 ./Core/Inc/modbus_devices/modbusRTU.o
 .bss.rxFlag    0x200013fd        0x1 ./Core/Inc/modbus_devices/modbusRTU.o
 .bss.TxInterval
                0x200013fe        0x2 ./Core/Inc/modbus_devices/modbusRTU.o
 .bss.TxCycleInterval
                0x20001400        0x2 ./Core/Inc/modbus_devices/modbusRTU.o
 .bss.RxTimeoutInterval
                0x20001402        0x2 ./Core/Inc/modbus_devices/modbusRTU.o
 .bss.sniffTxInterval
                0x20001404        0x4 ./Core/Inc/modbus_devices/modbusRTU.o
 .bss.RxBusTimeout
                0x20001408        0x4 ./Core/Inc/modbus_devices/modbusRTU.o
 .bss.RxBuffer  0x2000140c       0x64 ./Core/Inc/modbus_devices/modbusRTU.o
 .bss.RxBufferPos
                0x20001470        0x1 ./Core/Inc/modbus_devices/modbusRTU.o
 .bss.RxPcktCpltFlag
                0x20001471        0x1 ./Core/Inc/modbus_devices/modbusRTU.o
 .bss.RxRetryCount
                0x20001472        0x1 ./Core/Inc/modbus_devices/modbusRTU.o
 .bss.index.3   0x20001473        0x1 ./Core/Inc/modbus_devices/modbusRTU.o
 .bss.instruction.2
                0x20001474        0x1 ./Core/Inc/modbus_devices/modbusRTU.o
 .bss.length.1  0x20001475        0x1 ./Core/Inc/modbus_devices/modbusRTU.o
 .bss.RxCount.0
                0x20001476        0x1 ./Core/Inc/modbus_devices/modbusRTU.o
 *fill*         0x20001477        0x1 
 .bss.hadc1     0x20001478       0x30 ./Core/Src/main.o
                0x20001478                hadc1
 .bss.hdma_adc1
                0x200014a8       0x44 ./Core/Src/main.o
                0x200014a8                hdma_adc1
 .bss.hrtc      0x200014ec       0x14 ./Core/Src/main.o
                0x200014ec                hrtc
 .bss.htim1     0x20001500       0x48 ./Core/Src/main.o
                0x20001500                htim1
 .bss.htim3     0x20001548       0x48 ./Core/Src/main.o
                0x20001548                htim3
 .bss.huart1    0x20001590       0x48 ./Core/Src/main.o
                0x20001590                huart1
 .bss.huart3    0x200015d8       0x48 ./Core/Src/main.o
                0x200015d8                huart3
 .bss.hdma_usart1_tx
                0x20001620       0x44 ./Core/Src/main.o
                0x20001620                hdma_usart1_tx
 .bss.debug_count
                0x20001664        0x2 ./Core/Src/main.o
                0x20001664                debug_count
 .bss.cp_calibrate
                0x20001666        0x1 ./Core/Src/main.o
                0x20001666                cp_calibrate
 .bss.serialRxPort1
                0x20001667        0x1 ./Core/Src/main.o
                0x20001667                serialRxPort1
 .bss.serialPort1TxCount
                0x20001668        0x4 ./Core/Src/main.o
 .bss.serialPort1RxCount
                0x2000166c        0x4 ./Core/Src/main.o
 .bss.serialRxPort2
                0x20001670        0x1 ./Core/Src/main.o
                0x20001670                serialRxPort2
 *fill*         0x20001671        0x3 
 .bss.serialPort2TxCount
                0x20001674        0x4 ./Core/Src/main.o
 .bss.serialPort2RxCount
                0x20001678        0x4 ./Core/Src/main.o
 .bss.CSMS_trigCount.0
                0x2000167c        0x1 ./Core/Src/main.o
 *fill*         0x2000167d        0x3 
 .bss.uwTick    0x20001680        0x4 ./Drivers/STM32F1xx_HAL_Driver/Src/stm32f1xx_hal.o
                0x20001680                uwTick
 *fill*         0x20001684        0x4 
 .bss.pFlash    0x20001688       0x20 ./Drivers/STM32F1xx_HAL_Driver/Src/stm32f1xx_hal_flash.o
                0x20001688                pFlash
 .bss.__sf      0x200016a8      0x138 C:/ST/STM32CubeIDE_1.16.0/STM32CubeIDE/plugins/com.st.stm32cube.ide.mcu.externaltools.gnu-tools-for-stm32.13.3.rel1.win32_1.0.0.202411081344/tools/bin/../lib/gcc/arm-none-eabi/13.3.1/../../../../arm-none-eabi/lib/thumb/v7-m/nofp\libc_nano.a(libc_a-findfp.o)
                0x200016a8                __sf
 *(COMMON)
                0x200017e0                        . = ALIGN (0x4)
                0x200017e0                        _ebss = .
                0x200017e0                        __bss_end__ = _ebss

._user_heap_stack
                0x200017e0      0x600 load address 0x0800fe60
                0x200017e0                        . = ALIGN (0x8)
                [!provide]                        PROVIDE (end = .)
                0x200017e0                        PROVIDE (_end = .)
                0x200019e0                        . = (. + _Min_Heap_Size)
 *fill*         0x200017e0      0x200 
                0x20001de0                        . = (. + _Min_Stack_Size)
 *fill*         0x200019e0      0x400 
                0x20001de0                        . = ALIGN (0x8)

/DISCARD/
 libc.a(*)
 libm.a(*)
 libgcc.a(*)

.ARM.attributes
                0x00000000       0x29
 *(.ARM.attributes)
 .ARM.attributes
                0x00000000       0x1d C:/ST/STM32CubeIDE_1.16.0/STM32CubeIDE/plugins/com.st.stm32cube.ide.mcu.externaltools.gnu-tools-for-stm32.13.3.rel1.win32_1.0.0.202411081344/tools/bin/../lib/gcc/arm-none-eabi/13.3.1/thumb/v7-m/nofp/crti.o
 .ARM.attributes
                0x0000001d       0x2d C:/ST/STM32CubeIDE_1.16.0/STM32CubeIDE/plugins/com.st.stm32cube.ide.mcu.externaltools.gnu-tools-for-stm32.13.3.rel1.win32_1.0.0.202411081344/tools/bin/../lib/gcc/arm-none-eabi/13.3.1/thumb/v7-m/nofp/crtbegin.o
 .ARM.attributes
                0x0000004a       0x2d ./Core/Inc/CSMS.o
 .ARM.attributes
                0x00000077       0x2d ./Core/Inc/OTA.o
 .ARM.attributes
                0x000000a4       0x2d ./Core/Inc/STM32F103_EEPROM.o
 .ARM.attributes
                0x000000d1       0x2d ./Core/Inc/control_pilot.o
 .ARM.attributes
                0x000000fe       0x2d ./Core/Inc/data_structures.o
 .ARM.attributes
                0x0000012b       0x2d ./Core/Inc/gpio_feedback.o
 .ARM.attributes
                0x00000158       0x2d ./Core/Inc/power_measure.o
 .ARM.attributes
                0x00000185       0x2d ./Core/Inc/protection.o
 .ARM.attributes
                0x000001b2       0x2d ./Core/Inc/rtc.o
 .ARM.attributes
                0x000001df       0x2d ./Core/Inc/state_machine.o
 .ARM.attributes
                0x0000020c       0x2d ./Core/Inc/temp_NTC.o
 .ARM.attributes
                0x00000239       0x2d ./Core/Inc/timer.o
 .ARM.attributes
                0x00000266       0x2d ./Core/Inc/modbus_devices/eMeter.o
 .ARM.attributes
                0x00000293       0x2d ./Core/Inc/modbus_devices/modbusRTU.o
 .ARM.attributes
                0x000002c0       0x2d ./Core/Src/main.o
 .ARM.attributes
                0x000002ed       0x2d ./Core/Src/stm32f1xx_hal_msp.o
 .ARM.attributes
                0x0000031a       0x2d ./Core/Src/stm32f1xx_it.o
 .ARM.attributes
                0x00000347       0x2d ./Core/Src/system_stm32f1xx.o
 .ARM.attributes
                0x00000374       0x21 ./Core/Startup/startup_stm32f103c8tx.o
 .ARM.attributes
                0x00000395       0x2d ./Drivers/STM32F1xx_HAL_Driver/Src/stm32f1xx_hal.o
 .ARM.attributes
                0x000003c2       0x2d ./Drivers/STM32F1xx_HAL_Driver/Src/stm32f1xx_hal_adc.o
 .ARM.attributes
                0x000003ef       0x2d ./Drivers/STM32F1xx_HAL_Driver/Src/stm32f1xx_hal_adc_ex.o
 .ARM.attributes
                0x0000041c       0x2d ./Drivers/STM32F1xx_HAL_Driver/Src/stm32f1xx_hal_cortex.o
 .ARM.attributes
                0x00000449       0x2d ./Drivers/STM32F1xx_HAL_Driver/Src/stm32f1xx_hal_dma.o
 .ARM.attributes
                0x00000476       0x2d ./Drivers/STM32F1xx_HAL_Driver/Src/stm32f1xx_hal_flash.o
 .ARM.attributes
                0x000004a3       0x2d ./Drivers/STM32F1xx_HAL_Driver/Src/stm32f1xx_hal_flash_ex.o
 .ARM.attributes
                0x000004d0       0x2d ./Drivers/STM32F1xx_HAL_Driver/Src/stm32f1xx_hal_gpio.o
 .ARM.attributes
                0x000004fd       0x2d ./Drivers/STM32F1xx_HAL_Driver/Src/stm32f1xx_hal_pwr.o
 .ARM.attributes
                0x0000052a       0x2d ./Drivers/STM32F1xx_HAL_Driver/Src/stm32f1xx_hal_rcc.o
 .ARM.attributes
                0x00000557       0x2d ./Drivers/STM32F1xx_HAL_Driver/Src/stm32f1xx_hal_rcc_ex.o
 .ARM.attributes
                0x00000584       0x2d ./Drivers/STM32F1xx_HAL_Driver/Src/stm32f1xx_hal_rtc.o
 .ARM.attributes
                0x000005b1       0x2d ./Drivers/STM32F1xx_HAL_Driver/Src/stm32f1xx_hal_rtc_ex.o
 .ARM.attributes
                0x000005de       0x2d ./Drivers/STM32F1xx_HAL_Driver/Src/stm32f1xx_hal_tim.o
 .ARM.attributes
                0x0000060b       0x2d ./Drivers/STM32F1xx_HAL_Driver/Src/stm32f1xx_hal_tim_ex.o
 .ARM.attributes
                0x00000638       0x2d ./Drivers/STM32F1xx_HAL_Driver/Src/stm32f1xx_hal_uart.o
 .ARM.attributes
                0x00000665       0x2d C:/ST/STM32CubeIDE_1.16.0/STM32CubeIDE/plugins/com.st.stm32cube.ide.mcu.externaltools.gnu-tools-for-stm32.13.3.rel1.win32_1.0.0.202411081344/tools/bin/../lib/gcc/arm-none-eabi/13.3.1/../../../../arm-none-eabi/lib/thumb/v7-m/nofp\libc_nano.a(libc_a-findfp.o)
 .ARM.attributes
                0x00000692       0x2d C:/ST/STM32CubeIDE_1.16.0/STM32CubeIDE/plugins/com.st.stm32cube.ide.mcu.externaltools.gnu-tools-for-stm32.13.3.rel1.win32_1.0.0.202411081344/tools/bin/../lib/gcc/arm-none-eabi/13.3.1/../../../../arm-none-eabi/lib/thumb/v7-m/nofp\libc_nano.a(libc_a-memset.o)
 .ARM.attributes