../Core/Inc/modbus_devices/modbusRTU.c:86:6:ModbusRTU_Intick	4	static
../Core/Inc/modbus_devices/modbusRTU.c:120:6:ModbusRTU_queueSerial	40	static
../Core/Inc/modbus_devices/modbusRTU.c:183:13:ModbusRTU_TxCompleteService	16	static
../Core/Inc/modbus_devices/modbusRTU.c:191:13:ModbusRTU_RxCompleteService	4	static
../Core/Inc/modbus_devices/modbusRTU.c:213:6:ModbusRTU_transmitSerial	16	static
../Core/Inc/modbus_devices/modbusRTU.c:240:6:ModbusRTU_receiveSerial	24	static
../Core/Inc/modbus_devices/modbusRTU.c:434:6:ModbusRTU_sniffTxCommand	24	static
../Core/Inc/modbus_devices/modbusRTU.c:463:17:ModbusRTU_CRC	24	static
../Core/Inc/modbus_devices/modbusRTU.c:501:13:ModbusRTU_checksum	24	static
../Core/Inc/modbus_devices/modbusRTU.c:519:13:ModbusRTU_getData	32	static
../Core/Inc/modbus_devices/modbusRTU.c:566:13:ModbusRTU_FaultService	4	static
../Core/Inc/modbus_devices/modbusRTU.c:581:6:ModbusRTU_Init	4	static
../Core/Inc/modbus_devices/modbusRTU.c:590:6:ModbusRTU_functions	8	static
